<html>
<body>
<pre>
<h1>µVision Build Log</h1>
<h2>Tool Versions:</h2>
IDE-Version: ¶ÃVision V5.43.1.0
Copyright (C) 2025 ARM Ltd and ARM Germany GmbH. All rights reserved.
License Information: 1 wzt, 1, LIC=PE7DL-0XF14-JJ76S-LPNCB-77GG7-0FRRS
 
Tool Versions:
Toolchain:       MDK-ARM Plus  Version: 5.43.0.0
Toolchain Path:  C:\Users\wzt\AppData\Local\Keil_v5\ARM\ARM_Compiler_5.06u7\Bin
C Compiler:      Armcc.exe V5.06 update 7 (build 960)
Assembler:       Armasm.exe V5.06 update 7 (build 960)
Linker/Locator:  ArmLink.exe V5.06 update 7 (build 960)
Library Manager: ArmAr.exe V5.06 update 7 (build 960)
Hex Converter:   FromElf.exe V5.06 update 7 (build 960)
CPU DLL:         SARMCM3.DLL V5.43.0.0
Dialog DLL:      DCM.DLL V1.17.5.0
Target DLL:      STLink\ST-LINKIII-KEIL_SWO.dll V3.3.1.0
Dialog DLL:      TCM.DLL V1.56.6.0
 
<h2>Project:</h2>
D:\Wu\Code\STM32_FreeRTOS\Project\RVMDK£®uv4£©\iSO-STM32.uvprojx
Project File Date:  04/23/2026

<h2>Output:</h2>
*** Using Compiler 'V5.06 update 7 (build 960)', folder: 'C:\Users\wzt\AppData\Local\Keil_v5\ARM\ARM_Compiler_5.06u7\Bin'
Build target 'œ‘ æBMP'
compiling bsp_lcd.c...
..\..\User\BSP\bsp_lcd_config.h(22): warning:  #1-D: last line of file ends without a newline
  #endif /* __BSP_LCD_CONFIG_H */
..\..\User\BSP\bsp_st75161_lcd.h(428): warning:  #1-D: last line of file ends without a newline
  #endif /* __BSP_ST75161_LCD_H */
..\..\User\BSP\bsp_lcd.c(13): warning:  #223-D: function "Lcd_Show_bmp" declared implicitly
      return Lcd_Show_bmp(x, y, filename);
..\..\User\BSP\bsp_lcd.c(14): warning:  #1-D: last line of file ends without a newline
  }
..\..\User\BSP\bsp_lcd.c: 4 warnings, 0 errors
compiling main.c...
..\..\User\BSP\bsp_key.h(46): warning:  #1-D: last line of file ends without a newline
  #endif /* __BSP_KEY_H */
..\..\User\BSP\bsp_lcd_config.h(22): warning:  #1-D: last line of file ends without a newline
  #endif /* __BSP_LCD_CONFIG_H */
..\..\User\BSP\bsp_st75161_lcd.h(428): warning:  #1-D: last line of file ends without a newline
  #endif /* __BSP_ST75161_LCD_H */
..\..\User\FreeRTOSConfig.h(266): warning:  #1-D: last line of file ends without a newline
  #endif /* FREERTOS_CONFIG_H */
..\..\User\test_framework.h(59): warning:  #1-D: last line of file ends without a newline
  #endif /* __TEST_FRAMEWORK_H */
..\..\User\main.c(106): warning:  #1-D: last line of file ends without a newline
  }
..\..\User\main.c(29): warning:  #177-D: variable "key"  was declared but never referenced
      uint8_t key;
..\..\User\main.c(30): warning:  #177-D: variable "last_auto_time"  was declared but never referenced
      uint32_t last_auto_time = 0;
..\..\User\main.c(31): warning:  #177-D: variable "last_loop_time"  was declared but never referenced
      uint32_t last_loop_time = 0;
..\..\User\main.c: 9 warnings, 0 errors
compiling bsp_xpt2046_lcd.c...
..\..\User\BSP\bsp_lcd_config.h(22): warning:  #1-D: last line of file ends without a newline
  #endif /* __BSP_LCD_CONFIG_H */
..\..\User\BSP\bsp_st75161_lcd.h(428): warning:  #1-D: last line of file ends without a newline
  #endif /* __BSP_ST75161_LCD_H */
..\..\User\BSP\bsp_xpt2046_lcd.c(532): warning:  #1-D: last line of file ends without a newline
  }
..\..\User\BSP\bsp_xpt2046_lcd.c: 3 warnings, 0 errors
compiling bsp_bmp.c...
..\..\User\BSP\bsp_lcd_config.h(20): warning:  #47-D: incompatible redefinition of macro "RGB24TORGB16"  (declared at line 127 of "..\..\User\BSP\bsp_bmp.h")
  #define RGB24TORGB16(R,G,B) ((uint16_t)((((R)>>3)<<11) | (((G)>>2)<<5) | ((B)>>3)))
..\..\User\BSP\bsp_lcd_config.h(22): warning:  #1-D: last line of file ends without a newline
  #endif /* __BSP_LCD_CONFIG_H */
..\..\User\BSP\bsp_st75161_lcd.h(428): warning:  #1-D: last line of file ends without a newline
  #endif /* __BSP_ST75161_LCD_H */
..\..\User\BSP\bsp_bmp.c(14): warning:  #47-D: incompatible redefinition of macro "RGB24TORGB16"  (declared at line 20 of "..\..\User\BSP\bsp_lcd_config.h")
  #define RGB24TORGB16(R,G,B) ((unsigned short int)((((R)>>3)<<11) | (((G)>>2)<<5) | ((B)>>3)))
..\..\User\BSP\bsp_bmp.c(749): warning:  #1-D: last line of file ends without a newline
  }
..\..\User\BSP\bsp_bmp.c(331): warning:  #177-D: variable "k"  was declared but never referenced
      int i, j, k;
..\..\User\BSP\bsp_bmp.c(345): warning:  #177-D: variable "mono_buffer"  was declared but never referenced
      BYTE *mono_buffer = NULL;
..\..\User\BSP\bsp_bmp.c(355): warning:  #177-D: variable "disp_byte_idx"  was declared but never referenced
      int disp_byte_idx, disp_bit_idx;
..\..\User\BSP\bsp_bmp.c(355): warning:  #177-D: variable "disp_bit_idx"  was declared but never referenced
      int disp_byte_idx, disp_bit_idx;
..\..\User\BSP\bsp_bmp.c: 9 warnings, 0 errors
compiling test_framework.c...
..\..\User\FreeRTOSConfig.h(266): warning:  #1-D: last line of file ends without a newline
  #endif /* FREERTOS_CONFIG_H */
..\..\User\test_framework.h(59): warning:  #1-D: last line of file ends without a newline
  #endif /* __TEST_FRAMEWORK_H */
..\..\User\BSP\bsp_key.h(46): warning:  #1-D: last line of file ends without a newline
  #endif /* __BSP_KEY_H */
..\..\User\BSP\bsp_lcd_config.h(22): warning:  #1-D: last line of file ends without a newline
  #endif /* __BSP_LCD_CONFIG_H */
..\..\User\BSP\bsp_st75161_lcd.h(428): warning:  #1-D: last line of file ends without a newline
  #endif /* __BSP_ST75161_LCD_H */
..\..\User\BSP\bsp_bmp.h(127): warning:  #47-D: incompatible redefinition of macro "RGB24TORGB16"  (declared at line 20 of "..\..\User\BSP\bsp_lcd_config.h")
  #define RGB24TORGB16(R,G,B) ((unsigned short int)((((R)>>3)<<11) | (((G)>>2)<<5) | ((B)>>3)))
..\..\User\BSP\bmp_browser.h(11): warning:  #1-D: last line of file ends without a newline
  #endif
..\..\User\test_framework.c(585): warning:  #1-D: last line of file ends without a newline
  }
..\..\User\test_framework.c(43): warning:  #550-D: variable "g_test_initialized"  was set but never used
  static uint8_t g_test_initialized = 0;  // Ê†áËÆ∞ÂΩìÂâçÊµãËØïÊòØÂê¶Â∑≤ÂàùÂßãÂåñ
..\..\User\test_framework.c(73): warning:  #177-D: function "StartDelay"  was declared but never referenced
  static void StartDelay(uint32_t ms)
..\..\User\test_framework.c(81): warning:  #177-D: function "IsDelayComplete"  was declared but never referenced
  static uint8_t IsDelayComplete(void)
..\..\User\test_framework.c: 11 warnings, 0 errors
linking...
Program Size: Code=27180 RO-data=177508 RW-data=292 ZI-data=54372  
FromELF: creating hex file...
"..\..\Output\Template.axf" - 0 Error(s), 36 Warning(s).

<h2>Software Packages used:</h2>

Package Vendor: ARM
                https://www.keil.com/pack/ARM.CMSIS.6.2.0.pack
                ARM::CMSIS@6.2.0
                CMSIS (Common Microcontroller Software Interface Standard)
   * Component: CORE Version: 6.1.1

Package Vendor: Keil
                https://www.keil.com/pack/Keil.STM32F1xx_DFP.2.4.1.pack
                Keil::STM32F1xx_DFP@2.4.1
                STMicroelectronics STM32F1 Series Device Support, Drivers and Examples

<h2>Collection of Component include folders:</h2>
  ./RTE/_____BMP
  C:/Users/wzt/AppData/Local/Arm/Packs/ARM/CMSIS/6.2.0/CMSIS/Core/Include
  C:/Users/wzt/AppData/Local/Arm/Packs/Keil/STM32F1xx_DFP/2.4.1/Device/Include

<h2>Collection of Component Files used:</h2>

   * Component: ARM::CMSIS:CORE@6.1.1
Build Time Elapsed:  00:00:01
</pre>
</body>
</html>
