Component: ARM Compiler 5.06 update 7 (build 960) Tool: armlink [4d3601]

==============================================================================

Section Cross References

    startup_stm32f10x_hd.o(RESET) refers to startup_stm32f10x_hd.o(STACK) for __initial_sp
    startup_stm32f10x_hd.o(RESET) refers to startup_stm32f10x_hd.o(.text) for Reset_Handler
    startup_stm32f10x_hd.o(RESET) refers to stm32f10x_it.o(i.NMI_Handler) for NMI_Handler
    startup_stm32f10x_hd.o(RESET) refers to stm32f10x_it.o(i.HardFault_Handler) for HardFault_Handler
    startup_stm32f10x_hd.o(RESET) refers to stm32f10x_it.o(i.MemManage_Handler) for MemManage_Handler
    startup_stm32f10x_hd.o(RESET) refers to stm32f10x_it.o(i.BusFault_Handler) for BusFault_Handler
    startup_stm32f10x_hd.o(RESET) refers to stm32f10x_it.o(i.UsageFault_Handler) for UsageFault_Handler
    startup_stm32f10x_hd.o(RESET) refers to port.o(.emb_text) for SVC_Handler
    startup_stm32f10x_hd.o(RESET) refers to stm32f10x_it.o(i.DebugMon_Handler) for DebugMon_Handler
    startup_stm32f10x_hd.o(RESET) refers to stm32f10x_it.o(i.SysTick_Handler) for SysTick_Handler
    startup_stm32f10x_hd.o(RESET) refers to stm32f10x_it.o(i.EXTI4_IRQHandler) for EXTI4_IRQHandler
    startup_stm32f10x_hd.o(RESET) refers to stm32f10x_it.o(i.SDIO_IRQHandler) for SDIO_IRQHandler
    startup_stm32f10x_hd.o(.text) refers to system_stm32f10x.o(i.SystemInit) for SystemInit
    startup_stm32f10x_hd.o(.text) refers to entry.o(.ARM.Collect$$$$00000000) for __main
    system_stm32f10x.o(i.SetSysClock) refers to system_stm32f10x.o(i.SetSysClockTo72) for SetSysClockTo72
    system_stm32f10x.o(i.SystemCoreClockUpdate) refers to system_stm32f10x.o(.data) for SystemCoreClock
    system_stm32f10x.o(i.SystemInit) refers to system_stm32f10x.o(i.SetSysClock) for SetSysClock
    stm32f10x_adc.o(i.ADC_DeInit) refers to stm32f10x_rcc.o(i.RCC_APB2PeriphResetCmd) for RCC_APB2PeriphResetCmd
    stm32f10x_bkp.o(i.BKP_DeInit) refers to stm32f10x_rcc.o(i.RCC_BackupResetCmd) for RCC_BackupResetCmd
    stm32f10x_can.o(i.CAN_DeInit) refers to stm32f10x_rcc.o(i.RCC_APB1PeriphResetCmd) for RCC_APB1PeriphResetCmd
    stm32f10x_can.o(i.CAN_GetITStatus) refers to stm32f10x_can.o(i.CheckITStatus) for CheckITStatus
    stm32f10x_cec.o(i.CEC_DeInit) refers to stm32f10x_rcc.o(i.RCC_APB1PeriphResetCmd) for RCC_APB1PeriphResetCmd
    stm32f10x_dac.o(i.DAC_DeInit) refers to stm32f10x_rcc.o(i.RCC_APB1PeriphResetCmd) for RCC_APB1PeriphResetCmd
    stm32f10x_flash.o(i.FLASH_EnableWriteProtection) refers to stm32f10x_flash.o(i.FLASH_WaitForLastOperation) for FLASH_WaitForLastOperation
    stm32f10x_flash.o(i.FLASH_EraseAllBank1Pages) refers to stm32f10x_flash.o(i.FLASH_WaitForLastBank1Operation) for FLASH_WaitForLastBank1Operation
    stm32f10x_flash.o(i.FLASH_EraseAllPages) refers to stm32f10x_flash.o(i.FLASH_WaitForLastOperation) for FLASH_WaitForLastOperation
    stm32f10x_flash.o(i.FLASH_EraseOptionBytes) refers to stm32f10x_flash.o(i.FLASH_GetReadOutProtectionStatus) for FLASH_GetReadOutProtectionStatus
    stm32f10x_flash.o(i.FLASH_EraseOptionBytes) refers to stm32f10x_flash.o(i.FLASH_WaitForLastOperation) for FLASH_WaitForLastOperation
    stm32f10x_flash.o(i.FLASH_ErasePage) refers to stm32f10x_flash.o(i.FLASH_WaitForLastOperation) for FLASH_WaitForLastOperation
    stm32f10x_flash.o(i.FLASH_ProgramHalfWord) refers to stm32f10x_flash.o(i.FLASH_WaitForLastOperation) for FLASH_WaitForLastOperation
    stm32f10x_flash.o(i.FLASH_ProgramOptionByteData) refers to stm32f10x_flash.o(i.FLASH_WaitForLastOperation) for FLASH_WaitForLastOperation
    stm32f10x_flash.o(i.FLASH_ProgramWord) refers to stm32f10x_flash.o(i.FLASH_WaitForLastOperation) for FLASH_WaitForLastOperation
    stm32f10x_flash.o(i.FLASH_ReadOutProtection) refers to stm32f10x_flash.o(i.FLASH_WaitForLastOperation) for FLASH_WaitForLastOperation
    stm32f10x_flash.o(i.FLASH_UserOptionByteConfig) refers to stm32f10x_flash.o(i.FLASH_WaitForLastOperation) for FLASH_WaitForLastOperation
    stm32f10x_flash.o(i.FLASH_WaitForLastBank1Operation) refers to stm32f10x_flash.o(i.FLASH_GetBank1Status) for FLASH_GetBank1Status
    stm32f10x_flash.o(i.FLASH_WaitForLastOperation) refers to stm32f10x_flash.o(i.FLASH_GetBank1Status) for FLASH_GetBank1Status
    stm32f10x_gpio.o(i.GPIO_AFIODeInit) refers to stm32f10x_rcc.o(i.RCC_APB2PeriphResetCmd) for RCC_APB2PeriphResetCmd
    stm32f10x_gpio.o(i.GPIO_DeInit) refers to stm32f10x_rcc.o(i.RCC_APB2PeriphResetCmd) for RCC_APB2PeriphResetCmd
    stm32f10x_i2c.o(i.I2C_DeInit) refers to stm32f10x_rcc.o(i.RCC_APB1PeriphResetCmd) for RCC_APB1PeriphResetCmd
    stm32f10x_i2c.o(i.I2C_Init) refers to stm32f10x_rcc.o(i.RCC_GetClocksFreq) for RCC_GetClocksFreq
    stm32f10x_pwr.o(i.PWR_DeInit) refers to stm32f10x_rcc.o(i.RCC_APB1PeriphResetCmd) for RCC_APB1PeriphResetCmd
    stm32f10x_rcc.o(i.RCC_GetClocksFreq) refers to stm32f10x_rcc.o(.data) for APBAHBPrescTable
[...]
    i.SD_EnableWideBusOperation              0x08001bfc   Section        0  bsp_sdio_sdcard.o(i.SD_EnableWideBusOperation)
    i.SD_GetCardInfo                         0x08001c90   Section        0  bsp_sdio_sdcard.o(i.SD_GetCardInfo)
    i.SD_GetState                            0x08001f5c   Section        0  bsp_sdio_sdcard.o(i.SD_GetState)
    i.SD_GetStatus                           0x08001f76   Section        0  bsp_sdio_sdcard.o(i.SD_GetStatus)
    i.SD_Init                                0x08001f94   Section        0  bsp_sdio_sdcard.o(i.SD_Init)
    i.SD_InitializeCards                     0x08002004   Section        0  bsp_sdio_sdcard.o(i.SD_InitializeCards)
    i.SD_PowerON                             0x08002140   Section        0  bsp_sdio_sdcard.o(i.SD_PowerON)
    i.SD_ProcessIRQSrc                       0x080022c8   Section        0  bsp_sdio_sdcard.o(i.SD_ProcessIRQSrc)
    i.SD_ReadBlock                           0x08002320   Section        0  bsp_sdio_sdcard.o(i.SD_ReadBlock)
    i.SD_ReadMultiBlocks                     0x080023fc   Section        0  bsp_sdio_sdcard.o(i.SD_ReadMultiBlocks)
    i.SD_SelectDeselect                      0x080024e4   Section        0  bsp_sdio_sdcard.o(i.SD_SelectDeselect)
    i.SD_SendStatus                          0x08002518   Section        0  bsp_sdio_sdcard.o(i.SD_SendStatus)
    i.SD_WaitReadOperation                   0x08002550   Section        0  bsp_sdio_sdcard.o(i.SD_WaitReadOperation)
    i.SD_WaitWriteOperation                  0x08002584   Section        0  bsp_sdio_sdcard.o(i.SD_WaitWriteOperation)
    i.SD_WriteBlock                          0x080025c0   Section        0  bsp_sdio_sdcard.o(i.SD_WriteBlock)
    i.SD_WriteMultiBlocks                    0x0800269c   Section        0  bsp_sdio_sdcard.o(i.SD_WriteMultiBlocks)
    i.Sd_fs_init                             0x080027e4   Section        0  bsp_sdfs_app.o(i.Sd_fs_init)
    i.SetSysClock                            0x080027f8   Section        0  system_stm32f10x.o(i.SetSysClock)
    SetSysClock                              0x080027f9   Thumb Code     8  system_stm32f10x.o(i.SetSysClock)
    i.SetSysClockTo72                        0x08002800   Section        0  system_stm32f10x.o(i.SetSysClockTo72)
    SetSysClockTo72                          0x08002801   Thumb Code   214  system_stm32f10x.o(i.SetSysClockTo72)
    i.ShowTitleBar                           0x080028e0   Section        0  test_framework.o(i.ShowTitleBar)
    ShowTitleBar                             0x080028e1   Thumb Code   140  test_framework.o(i.ShowTitleBar)
    i.SysTick_Handler                        0x080029a0   Section        0  stm32f10x_it.o(i.SysTick_Handler)
    i.SystemInit                             0x080029a8   Section        0  system_stm32f10x.o(i.SystemInit)
    i.TestFramework_EnterTest                0x08002a08   Section        0  test_framework.o(i.TestFramework_EnterTest)
    i.TestFramework_GetMode                  0x08002a84   Section        0  test_framework.o(i.TestFramework_GetMode)
    i.TestFramework_Init                     0x08002a90   Section        0  test_framework.o(i.TestFramework_Init)
    i.TestFramework_NextTest                 0x08002b2c   Section        0  test_framework.o(i.TestFramework_NextTest)
    i.TestFramework_PrevTest                 0x08002b48   Section        0  test_framework.o(i.TestFramework_PrevTest)
    i.TestFramework_Run                      0x08002b68   Section        0  test_framework.o(i.TestFramework_Run)
    i.TestFramework_SetMode                  0x08002be4   Section        0  test_framework.o(i.TestFramework_SetMode)
    i.TestFramework_Update                   0x08002ce8   Section        0  test_framework.o(i.TestFramework_Update)
    i.TestFramework_Update_Task              0x08002d10   Section        0  test_framework.o(i.TestFramework_Update_Task)
    TestFramework_Update_Task                0x08002d11   Thumb Code    26  test_framework.o(i.TestFramework_Update_Task)
    i.Test_BMPBrowser_Exit                   0x08002d2a   Section        0  test_framework.o(i.Test_BMPBrowser_Exit)
    i.Test_BMPBrowser_Init                   0x08002d2c   Section        0  test_framework.o(i.Test_BMPBrowser_Init)
    i.Test_BMPBrowser_Run                    0x08002d40   Section        0  test_framework.o(i.Test_BMPBrowser_Run)
    i.Test_GrayScale_Init                    0x08002db8   Section        0  test_framework.o(i.Test_GrayScale_Init)
    i.Test_GrayScale_Run                     0x08002dcc   Section        0  test_framework.o(i.Test_GrayScale_Run)
    i.Test_Shapes_Init                       0x08002e3c   Section        0  test_framework.o(i.Test_Shapes_Init)
    i.Test_Shapes_Run                        0x08002e50   Section        0  test_framework.o(i.Test_Shapes_Run)
    i.Test_SolidColor_Init                   0x08002fac   Section        0  test_framework.o(i.Test_SolidColor_Init)
    i.Test_SolidColor_Run                    0x08002fc0   Section        0  test_framework.o(i.Test_SolidColor_Run)
    i.Test_Text_Init                         0x080030b8   Section        0  test_framework.o(i.Test_Text_Init)
    i.Test_Text_Run                          0x080030cc   Section        0  test_framework.o(i.Test_Text_Run)
    i.USART_Cmd                              0x08003234   Section        0  stm32f10x_usart.o(i.USART_Cmd)
    i.USART_GetFlagStatus                    0x0800324c   Section        0  stm32f10x_usart.o(i.USART_GetFlagStatus)
    i.USART_ITConfig                         0x08003266   Section        0  stm32f10x_usart.o(i.USART_ITConfig)
    i.USART_Init                             0x080032b0   Section        0  stm32f10x_usart.o(i.USART_Init)
    i.USART_SendData                         0x08003388   Section        0  stm32f10x_usart.o(i.USART_SendData)
    i.USARTx_Config                          0x08003390   Section        0  bsp_usart1.o(i.USARTx_Config)
    i.UsageFault_Handler                     0x0800341c   Section        0  stm32f10x_it.o(i.UsageFault_Handler)
    i.__0printf$8                            0x08003420   Section        0  printf8.o(i.__0printf$8)
    i.__0sprintf$8                           0x08003440   Section        0  printf8.o(i.__0sprintf$8)
    i.__scatterload_copy                     0x08003468   Section       14  handlers.o(i.__scatterload_copy)
    i.__scatterload_null                     0x08003476   Section        2  handlers.o(i.__scatterload_null)
    i.__scatterload_zeroinit                 0x08003478   Section       14  handlers.o(i.__scatterload_zeroinit)
    i._printf_core                           0x08003488   Section        0  printf8.o(i._printf_core)
    _printf_core                             0x08003489   Thumb Code   984  printf8.o(i._printf_core)
    i._printf_post_padding                   0x0800388c   Section        0  printf8.o(i._printf_post_padding)
    _printf_post_padding                     0x0800388d   Thumb Code    36  printf8.o(i._printf_post_padding)
    i._printf_pre_padding                    0x080038b0   Section        0  printf8.o(i._printf_pre_padding)
    _printf_pre_padding                      0x080038b1   Thumb Code    46  printf8.o(i._printf_pre_padding)
    i._sputc                                 0x080038de   Section        0  printf8.o(i._sputc)
    _sputc                                   0x080038df   Thumb Code    10  printf8.o(i._sputc)
    i.check_fs                               0x080038e8   Section        0  ff.o(i.check_fs)
    check_fs                                 0x080038e9   Thumb Code   138  ff.o(i.check_fs)
    i.chk_chr                                0x08003978   Section        0  ff.o(i.chk_chr)
    chk_chr                                  0x08003979   Thumb Code    20  ff.o(i.chk_chr)
    i.chk_mounted                            0x0800398c   Section        0  ff.o(i.chk_mounted)
    chk_mounted                              0x0800398d   Thumb Code   898  ff.o(i.chk_mounted)
    i.clust2sect                             0x08003d20   Section        0  ff.o(i.clust2sect)
    i.cmp_lfn                                0x08003d3c   Section        0  ff.o(i.cmp_lfn)
    cmp_lfn                                  0x08003d3d   Thumb Code   138  ff.o(i.cmp_lfn)
    i.comm_out                               0x08003dcc   Section        0  bsp_ili9341_lcd.o(i.comm_out)
    i.create_chain                           0x08003dd4   Section        0  ff.o(i.create_chain)
    create_chain                             0x08003dd5   Thumb Code   202  ff.o(i.create_chain)
    i.create_name                            0x08003ea0   Section        0  ff.o(i.create_name)
    create_name                              0x08003ea1   Thumb Code   604  ff.o(i.create_name)
    i.data_out                               0x08004110   Section        0  bsp_ili9341_lcd.o(i.data_out)
    i.dir_find                               0x0800411c   Section        0  ff.o(i.dir_find)
    dir_find                                 0x0800411d   Thumb Code   222  ff.o(i.dir_find)
    i.dir_next                               0x080041fa   Section        0  ff.o(i.dir_next)
    dir_next                                 0x080041fb   Thumb Code   280  ff.o(i.dir_next)
    i.dir_register                           0x08004312   Section        0  ff.o(i.dir_register)
    dir_register                             0x08004313   Thumb Code   396  ff.o(i.dir_register)
    i.dir_sdi                                0x0800449e   Section        0  ff.o(i.dir_sdi)
    dir_sdi                                  0x0800449f   Thumb Code   156  ff.o(i.dir_sdi)
    i.disk_initialize                        0x0800453a   Section        0  diskio.o(i.disk_initialize)
    i.disk_ioctl                             0x08004554   Section        0  diskio.o(i.disk_ioctl)
    i.disk_read                              0x0800455c   Section        0  diskio.o(i.disk_read)
    i.disk_status                            0x080045f0   Section        0  diskio.o(i.disk_status)
    i.disk_write                             0x080045f8   Section        0  diskio.o(i.disk_write)
    i.disp_gray                              0x0800468c   Section        0  bsp_ili9341_lcd.o(i.disp_gray)
    i.f_close                                0x080046da   Section        0  ff.o(i.f_close)
    i.f_lseek                                0x080046f0   Section        0  ff.o(i.f_lseek)
    i.f_mount                                0x080048a0   Section        0  ff.o(i.f_mount)
    i.f_open                                 0x080048cc   Section        0  ff.o(i.f_open)
    i.f_read                                 0x08004a40   Section        0  ff.o(i.f_read)
    i.f_sync                                 0x08004c0e   Section        0  ff.o(i.f_sync)
    i.ff_convert                             0x08004cc8   Section        0  cc936.o(i.ff_convert)
    i.ff_wtoupper                            0x08004d44   Section        0  cc936.o(i.ff_wtoupper)
    i.fit_lfn                                0x08004d7c   Section        0  ff.o(i.fit_lfn)
    fit_lfn                                  0x08004d7d   Thumb Code   122  ff.o(i.fit_lfn)
    i.follow_path                            0x08004dfc   Section        0  ff.o(i.follow_path)
    follow_path                              0x08004dfd   Thumb Code   158  ff.o(i.follow_path)
    i.fputc                                  0x08004e9c   Section        0  bsp_usart1.o(i.fputc)
    i.gen_numname                            0x08004ec0   Section        0  ff.o(i.gen_numname)
    i.get_fat                                0x08004f7e   Section        0  ff.o(i.get_fat)
    i.get_fattime                            0x08005062   Section        0  diskio.o(i.get_fattime)
    i.main                                   0x08005068   Section        0  main.o(i.main)
    i.mem_cmp                                0x08005104   Section        0  ff.o(i.mem_cmp)
    mem_cmp                                  0x08005105   Thumb Code    38  ff.o(i.mem_cmp)
    i.mem_cpy                                0x0800512a   Section        0  ff.o(i.mem_cpy)
    mem_cpy                                  0x0800512b   Thumb Code    26  ff.o(i.mem_cpy)
    i.mem_set                                0x08005144   Section        0  ff.o(i.mem_set)
    mem_set                                  0x08005145   Thumb Code    20  ff.o(i.mem_set)
    i.move_window                            0x08005158   Section        0  ff.o(i.move_window)
    move_window                              0x08005159   Thumb Code   114  ff.o(i.move_window)
    i.prvAddCurrentTaskToDelayedList         0x080051cc   Section        0  tasks.o(i.prvAddCurrentTaskToDelayedList)
    prvAddCurrentTaskToDelayedList           0x080051cd   Thumb Code   100  tasks.o(i.prvAddCurrentTaskToDelayedList)
    i.prvAddNewTaskToReadyList               0x08005248   Section        0  tasks.o(i.prvAddNewTaskToReadyList)
    prvAddNewTaskToReadyList                 0x08005249   Thumb Code   148  tasks.o(i.prvAddNewTaskToReadyList)
    i.prvCheckTasksWaitingTermination        0x080052f8   Section        0  tasks.o(i.prvCheckTasksWaitingTermination)
    prvCheckTasksWaitingTermination          0x080052f9   Thumb Code    86  tasks.o(i.prvCheckTasksWaitingTermination)
    i.prvDeleteTCB                           0x0800535c   Section        0  tasks.o(i.prvDeleteTCB)
    prvDeleteTCB                             0x0800535d   Thumb Code    18  tasks.o(i.prvDeleteTCB)
    i.prvHeapInit                            0x08005370   Section        0  heap_4.o(i.prvHeapInit)
    prvHeapInit                              0x08005371   Thumb Code    98  heap_4.o(i.prvHeapInit)
    i.prvIdleTask                            0x080053ec   Section        0  tasks.o(i.prvIdleTask)
    prvIdleTask                              0x080053ed   Thumb Code    32  tasks.o(i.prvIdleTask)
    i.prvInitialiseNewTask                   0x08005414   Section        0  tasks.o(i.prvInitialiseNewTask)
    prvInitialiseNewTask                     0x08005415   Thumb Code   168  tasks.o(i.prvInitialiseNewTask)
    i.prvInitialiseTaskLists                 0x080054e8   Section        0  tasks.o(i.prvInitialiseTaskLists)
    prvInitialiseTaskLists                   0x080054e9   Thumb Code    70  tasks.o(i.prvInitialiseTaskLists)
    i.prvInsertBlockIntoFreeList             0x08005550   Section        0  heap_4.o(i.prvInsertBlockIntoFreeList)
    prvInsertBlockIntoFreeList               0x08005551   Thumb Code    96  heap_4.o(i.prvInsertBlockIntoFreeList)
    i.prvResetNextTaskUnblockTime            0x080055b8   Section        0  tasks.o(i.prvResetNextTaskUnblockTime)
    prvResetNextTaskUnblockTime              0x080055b9   Thumb Code    42  tasks.o(i.prvResetNextTaskUnblockTime)
    i.prvTaskExitError                       0x080055ec   Section        0  port.o(i.prvTaskExitError)
    prvTaskExitError                         0x080055ed   Thumb Code    48  port.o(i.prvTaskExitError)
    i.put_fat                                0x08005650   Section        0  ff.o(i.put_fat)
    i.pvPortMalloc                           0x08005788   Section        0  heap_4.o(i.pvPortMalloc)
    i.pxPortInitialiseStack                  0x080058d8   Section        0  port.o(i.pxPortInitialiseStack)
    i.remove_chain                           0x080058fc   Section        0  ff.o(i.remove_chain)
    remove_chain                             0x080058fd   Thumb Code   104  ff.o(i.remove_chain)
    i.showBmpHead                            0x08005964   Section        0  bsp_bmp.o(i.showBmpHead)
    showBmpHead                              0x08005965   Thumb Code     2  bsp_bmp.o(i.showBmpHead)
    i.showBmpInforHead                       0x08005966   Section        0  bsp_bmp.o(i.showBmpInforHead)
    showBmpInforHead                         0x08005967   Thumb Code     2  bsp_bmp.o(i.showBmpInforHead)
    i.sum_sfn                                0x08005968   Section        0  ff.o(i.sum_sfn)
    sum_sfn                                  0x08005969   Thumb Code    32  ff.o(i.sum_sfn)
    i.sync                                   0x08005988   Section        0  ff.o(i.sync)
    sync                                     0x08005989   Thumb Code   202  ff.o(i.sync)
    i.uxListRemove                           0x08005a52   Section        0  list.o(i.uxListRemove)
    i.vListInitialise                        0x08005a7a   Section        0  list.o(i.vListInitialise)
    i.vListInitialiseItem                    0x08005a94   Section        0  list.o(i.vListInitialiseItem)
    i.vListInsert                            0x08005a9a   Section        0  list.o(i.vListInsert)
    i.vListInsertEnd                         0x08005ace   Section        0  list.o(i.vListInsertEnd)
    i.vPortEnterCritical                     0x08005ae8   Section        0  port.o(i.vPortEnterCritical)
    i.vPortExitCritical                      0x08005b64   Section        0  port.o(i.vPortExitCritical)
    i.vPortFree                              0x08005bc8   Section        0  heap_4.o(i.vPortFree)
    i.vPortSetupTimerInterrupt               0x08005c7c   Section        0  port.o(i.vPortSetupTimerInterrupt)
    i.vTaskDelay                             0x08005c9c   Section        0  tasks.o(i.vTaskDelay)
    i.vTaskDelayUntil                        0x08005d18   Section        0  tasks.o(i.vTaskDelayUntil)
    i.vTaskStartScheduler                    0x08005dfc   Section        0  tasks.o(i.vTaskStartScheduler)
    i.vTaskSuspendAll                        0x08005ea8   Section        0  tasks.o(i.vTaskSuspendAll)
    i.vTaskSwitchContext                     0x08005eb8   Section        0  tasks.o(i.vTaskSwitchContext)
    i.validate                               0x08005f6c   Section        0  ff.o(i.validate)
    validate                                 0x08005f6d   Thumb Code    42  ff.o(i.validate)
    i.xPortStartScheduler                    0x08005f98   Section        0  port.o(i.xPortStartScheduler)
    i.xPortSysTickHandler                    0x08006038   Section        0  port.o(i.xPortSysTickHandler)
    i.xTaskCreate                            0x0800606c   Section        0  tasks.o(i.xTaskCreate)
    i.xTaskGetTickCount                      0x080060cc   Section        0  tasks.o(i.xTaskGetTickCount)
    i.xTaskIncrementTick                     0x080060d8   Section        0  tasks.o(i.xTaskIncrementTick)
    i.xTaskResumeAll                         0x08006240   Section        0  tasks.o(i.xTaskResumeAll)
    .constdata                               0x08006364   Section     1520  bsp_ili9341_lcd.o(.constdata)
    .constdata                               0x08006954   Section      154  test_framework.o(.constdata)
    g_test_items                             0x08006954   Data         144  test_framework.o(.constdata)
    g_colors                                 0x080069e4   Data          10  test_framework.o(.constdata)
    .constdata                               0x080069ee   Section       13  ff.o(.constdata)
    LfnOfs                                   0x080069ee   Data          13  ff.o(.constdata)
    .constdata                               0x080069fc   Section    175304  cc936.o(.constdata)
    uni2oem                                  0x080069fc   Data       87172  cc936.o(.constdata)
    oem2uni                                  0x0801be80   Data       87172  cc936.o(.constdata)
    tbl_lower                                0x08031304   Data         480  cc936.o(.constdata)
    tbl_upper                                0x080314e4   Data         480  cc936.o(.constdata)
    .conststring                             0x080316c4   Section      144  test_framework.o(.conststring)
    .data                                    0x20000000   Section       20  system_stm32f10x.o(.data)
    .data                                    0x20000014   Section       20  stm32f10x_rcc.o(.data)
    APBAHBPrescTable                         0x20000014   Data          16  stm32f10x_rcc.o(.data)
    ADCPrescTable                            0x20000024   Data           4  stm32f10x_rcc.o(.data)
    .data                                    0x20000028   Section        1  bsp_bmp.o(.data)
    .data                                    0x20000029   Section        1  bsp_key.o(.data)
    oldStat                                  0x20000029   Data           1  bsp_key.o(.data)
    .data                                    0x2000002c   Section       20  bsp_sdio_sdcard.o(.data)
    CardType                                 0x2000002c   Data           4  bsp_sdio_sdcard.o(.data)
    RCA                                      0x20000030   Data           4  bsp_sdio_sdcard.o(.data)
    .data                                    0x20000040   Section       49  bsp_xpt2046_lcd.o(.data)
    .data                                    0x20000074   Section       56  test_framework.o(.data)
    g_current_mode                           0x20000074   Data           1  test_framework.o(.data)
    g_current_test                           0x20000075   Data           1  test_framework.o(.data)
    g_test_initialized                       0x20000076   Data           1  test_framework.o(.data)
    g_key_task_handle                        0x20000078   Data           4  test_framework.o(.data)
    g_auto_task_handle                       0x2000007c   Data           4  test_framework.o(.data)
    g_update_task_handle                     0x20000080   Data           4  test_framework.o(.data)
    solid_state                              0x20000084   Data           1  test_framework.o(.data)
    solid_start_time                         0x20000088   Data           4  test_framework.o(.data)
    gray_state                               0x2000008c   Data           1  test_framework.o(.data)
    gray_start_time                          0x20000090   Data           4  test_framework.o(.data)
    shapes_state                             0x20000094   Data           1  test_framework.o(.data)
    shapes_start_time                        0x20000098   Data           4  test_framework.o(.data)
    text_state                               0x2000009c   Data           1  test_framework.o(.data)
    text_start_time                          0x200000a0   Data           4  test_framework.o(.data)
    bmp_state                                0x200000a4   Data           1  test_framework.o(.data)
    bmp_start_time                           0x200000a8   Data           4  test_framework.o(.data)
    .data                                    0x200000ac   Section        6  ff.o(.data)
    FatFs                                    0x200000ac   Data           4  ff.o(.data)
    Fsid                                     0x200000b0   Data           2  ff.o(.data)
    .data                                    0x200000b4   Section       60  tasks.o(.data)
    pxDelayedTaskList                        0x200000b8   Data           4  tasks.o(.data)
    pxOverflowDelayedTaskList                0x200000bc   Data           4  tasks.o(.data)
    uxDeletedTasksWaitingCleanUp             0x200000c0   Data           4  tasks.o(.data)
    uxCurrentNumberOfTasks                   0x200000c4   Data           4  tasks.o(.data)
    xTickCount                               0x200000c8   Data           4  tasks.o(.data)
    uxTopReadyPriority                       0x200000cc   Data           4  tasks.o(.data)
    xSchedulerRunning                        0x200000d0   Data           4  tasks.o(.data)
    uxPendedTicks                            0x200000d4   Data           4  tasks.o(.data)
    xYieldPending                            0x200000d8   Data           4  tasks.o(.data)
    xNumOfOverflows                          0x200000dc   Data           4  tasks.o(.data)
    uxTaskNumber                             0x200000e0   Data           4  tasks.o(.data)
    xNextTaskUnblockTime                     0x200000e4   Data           4  tasks.o(.data)
    xIdleTaskHandle                          0x200000e8   Data           4  tasks.o(.data)
    uxSchedulerSuspended                     0x200000ec   Data           4  tasks.o(.data)
    .data                                    0x200000f0   Section       24  heap_4.o(.data)
    xStart                                   0x200000f0   Data           8  heap_4.o(.data)
    pxEnd                                    0x200000f8   Data           4  heap_4.o(.data)
    xFreeBytesRemaining                      0x200000fc   Data           4  heap_4.o(.data)
    xMinimumEverFreeBytesRemaining           0x20000100   Data           4  heap_4.o(.data)
    xBlockAllocatedBit                       0x20000104   Data           4  heap_4.o(.data)
    .data                                    0x20000108   Section       12  port.o(.data)
    uxCriticalNesting                        0x20000108   Data           4  port.o(.data)
    ucMaxSysCallPriority                     0x2000010c   Data           1  port.o(.data)
    ulMaxPRIGROUPValue                       0x20000110   Data           4  port.o(.data)
    .data                                    0x20000114   Section        4  stdout.o(.data)
    .bss                                     0x20000118   Section     3248  bsp_bmp.o(.bss)
    g_frame_seq                              0x20000118   Data          70  bsp_bmp.o(.bss)
    .bss                                     0x20000dc8   Section     3240  bsp_sdfs_app.o(.bss)
    .bss                                     0x20001a70   Section      196  bsp_sdio_sdcard.o(.bss)
    CSD_Tab                                  0x20001a70   Data          16  bsp_sdio_sdcard.o(.bss)
    CID_Tab                                  0x20001a80   Data          16  bsp_sdio_sdcard.o(.bss)
    SDSTATUS_Tab                             0x20001a90   Data          16  bsp_sdio_sdcard.o(.bss)
    .bss                                     0x20001b34   Section      512  diskio.o(.bss)
    .bss                                     0x20001d34   Section      200  tasks.o(.bss)
    pxReadyTasksLists                        0x20001d34   Data         100  tasks.o(.bss)
    xDelayedTaskList1                        0x20001d98   Data          20  tasks.o(.bss)
    xDelayedTaskList2                        0x20001dac   Data          20  tasks.o(.bss)
    xPendingReadyList                        0x20001dc0   Data          20  tasks.o(.bss)
    xTasksWaitingTermination                 0x20001dd4   Data          20  tasks.o(.bss)
    xSuspendedTaskList                       0x20001de8   Data          20  tasks.o(.bss)
    .bss                                     0x20001dfc   Section    35840  heap_4.o(.bss)
    ucHeap                                   0x20001dfc   Data       35840  heap_4.o(.bss)
    STACK                                    0x2000aa00   Section     1024  startup_stm32f10x_hd.o(STACK)

    Global Symbols

    Symbol Name                              Value     Ov Type        Size  Object(Section)

    BuildAttributes$$THM_ISAv4$P$D$K$B$S$PE$A:L22UL41UL21$X:L11$S22US41US21$IEEE1$IW$USESV6$~STKCKD$USESV7$~SHL$OSPACE$ROPI$EBA8$MICROLIB$REQ8$PRES8$EABIv2 0x00000000   Number         0  anon$$obj.o ABSOLUTE
    __ARM_use_no_argv                        0x00000000   Number         0  main.o ABSOLUTE
    _printf_a                                0x00000000   Number         0  stubs.o ABSOLUTE
    _printf_c                                0x00000000   Number         0  stubs.o ABSOLUTE
    _printf_charcount                        0x00000000   Number         0  stubs.o ABSOLUTE
    _printf_d                                0x00000000   Number         0  stubs.o ABSOLUTE
    _printf_e                                0x00000000   Number         0  stubs.o ABSOLUTE
    _printf_f                                0x00000000   Number         0  stubs.o ABSOLUTE
    _printf_flags                            0x00000000   Number         0  stubs.o ABSOLUTE
    _printf_fp_dec                           0x00000000   Number         0  stubs.o ABSOLUTE
    _printf_fp_hex                           0x00000000   Number         0  stubs.o ABSOLUTE
    _printf_g                                0x00000000   Number         0  stubs.o ABSOLUTE
    _printf_i                                0x00000000   Number         0  stubs.o ABSOLUTE
    _printf_int_dec                          0x00000000   Number         0  stubs.o ABSOLUTE
    _printf_l                                0x00000000   Number         0  stubs.o ABSOLUTE
    _printf_lc                               0x00000000   Number         0  stubs.o ABSOLUTE
    _printf_ll                               0x00000000   Number         0  stubs.o ABSOLUTE
    _printf_lld                              0x00000000   Number         0  stubs.o ABSOLUTE
    _printf_lli                              0x00000000   Number         0  stubs.o ABSOLUTE
    _printf_llo                              0x00000000   Number         0  stubs.o ABSOLUTE
    _printf_llu                              0x00000000   Number         0  stubs.o ABSOLUTE
    _printf_llx                              0x00000000   Number         0  stubs.o ABSOLUTE
    _printf_longlong_dec                     0x00000000   Number         0  stubs.o ABSOLUTE
    _printf_longlong_hex                     0x00000000   Number         0  stubs.o ABSOLUTE
    _printf_longlong_oct                     0x00000000   Number         0  stubs.o ABSOLUTE
    _printf_ls                               0x00000000   Number         0  stubs.o ABSOLUTE
    _printf_mbtowc                           0x00000000   Number         0  stubs.o ABSOLUTE
    _printf_n                                0x00000000   Number         0  stubs.o ABSOLUTE
    _printf_o                                0x00000000   Number         0  stubs.o ABSOLUTE
    _printf_p                                0x00000000   Number         0  stubs.o ABSOLUTE
    _printf_percent                          0x00000000   Number         0  stubs.o ABSOLUTE
    _printf_pre_padding                      0x00000000   Number         0  stubs.o ABSOLUTE
    _printf_return_value                     0x00000000   Number         0  stubs.o ABSOLUTE
    _printf_s                                0x00000000   Number         0  stubs.o ABSOLUTE
    _printf_sizespec                         0x00000000   Number         0  stubs.o ABSOLUTE
    _printf_str                              0x00000000   Number         0  stubs.o ABSOLUTE
    _printf_truncate_signed                  0x00000000   Number         0  stubs.o ABSOLUTE
    _printf_truncate_unsigned                0x00000000   Number         0  stubs.o ABSOLUTE
    _printf_u                                0x00000000   Number         0  stubs.o ABSOLUTE
    _printf_wc                               0x00000000   Number         0  stubs.o ABSOLUTE
    _printf_wctomb                           0x00000000   Number         0  stubs.o ABSOLUTE
    _printf_widthprec                        0x00000000   Number         0  stubs.o ABSOLUTE
    _printf_x                                0x00000000   Number         0  stubs.o ABSOLUTE
    __arm_fini_                               - Undefined Weak Reference
    __cpp_initialize__aeabi_                  - Undefined Weak Reference
    __cxa_finalize                            - Undefined Weak Reference
    __decompress                              - Undefined Weak Reference
    _clock_init                               - Undefined Weak Reference
    _microlib_exit                            - Undefined Weak Reference
    __Vectors_Size                           0x00000130   Number         0  startup_stm32f10x_hd.o ABSOLUTE
    __Vectors                                0x08000000   Data           4  startup_stm32f10x_hd.o(RESET)
    __Vectors_End                            0x08000130   Data           0  startup_stm32f10x_hd.o(RESET)
    __main                                   0x08000131   Thumb Code     0  entry.o(.ARM.Collect$$$$00000000)
    _main_stk                                0x08000131   Thumb Code     0  entry2.o(.ARM.Collect$$$$00000001)
    _main_scatterload                        0x08000135   Thumb Code     0  entry5.o(.ARM.Collect$$$$00000004)
    __main_after_scatterload                 0x08000139   Thumb Code     0  entry5.o(.ARM.Collect$$$$00000004)
    _main_clock                              0x08000139   Thumb Code     0  entry7b.o(.ARM.Collect$$$$00000008)
    _main_cpp_init                           0x08000139   Thumb Code     0  entry8b.o(.ARM.Collect$$$$0000000A)
    _main_init                               0x08000139   Thumb Code     0  entry9a.o(.ARM.Collect$$$$0000000B)
    __rt_lib_shutdown_fini                   0x08000141   Thumb Code     0  entry12b.o(.ARM.Collect$$$$0000000E)
    __rt_final_cpp                           0x08000145   Thumb Code     0  entry10a.o(.ARM.Collect$$$$0000000F)
    __rt_final_exit                          0x08000145   Thumb Code     0  entry11a.o(.ARM.Collect$$$$00000011)
    SVC_Handler                              0x08000149   Thumb Code    32  port.o(.emb_text)
    __asm___6_port_c_39a90d8d__prvStartFirstTask 0x0800016d   Thumb Code    28  port.o(.emb_text)
    PendSV_Handler                           0x0800018d   Thumb Code    72  port.o(.emb_text)
    vPortGetIPSR                             0x080001d9   Thumb Code     6  port.o(.emb_text)
    Reset_Handler                            0x080001e1   Thumb Code     8  startup_stm32f10x_hd.o(.text)
    ADC1_2_IRQHandler                        0x080001fb   Thumb Code     0  startup_stm32f10x_hd.o(.text)
    ADC3_IRQHandler                          0x080001fb   Thumb Code     0  startup_stm32f10x_hd.o(.text)
    CAN1_RX1_IRQHandler                      0x080001fb   Thumb Code     0  startup_stm32f10x_hd.o(.text)
    CAN1_SCE_IRQHandler                      0x080001fb   Thumb Code     0  startup_stm32f10x_hd.o(.text)
    DMA1_Channel1_IRQHandler                 0x080001fb   Thumb Code     0  startup_stm32f10x_hd.o(.text)
    DMA1_Channel2_IRQHandler                 0x080001fb   Thumb Code     0  startup_stm32f10x_hd.o(.text)
    DMA1_Channel3_IRQHandler                 0x080001fb   Thumb Code     0  startup_stm32f10x_hd.o(.text)
    DMA1_Channel4_IRQHandler                 0x080001fb   Thumb Code     0  startup_stm32f10x_hd.o(.text)
    DMA1_Channel5_IRQHandler                 0x080001fb   Thumb Code     0  startup_stm32f10x_hd.o(.text)
    DMA1_Channel6_IRQHandler                 0x080001fb   Thumb Code     0  startup_stm32f10x_hd.o(.text)
    DMA1_Channel7_IRQHandler                 0x080001fb   Thumb Code     0  startup_stm32f10x_hd.o(.text)
    DMA2_Channel1_IRQHandler                 0x080001fb   Thumb Code     0  startup_stm32f10x_hd.o(.text)
    DMA2_Channel2_IRQHandler                 0x080001fb   Thumb Code     0  startup_stm32f10x_hd.o(.text)
    DMA2_Channel3_IRQHandler                 0x080001fb   Thumb Code     0  startup_stm32f10x_hd.o(.text)
    DMA2_Channel4_5_IRQHandler               0x080001fb   Thumb Code     0  startup_stm32f10x_hd.o(.text)
    EXTI0_IRQHandler                         0x080001fb   Thumb Code     0  startup_stm32f10x_hd.o(.text)
    EXTI15_10_IRQHandler                     0x080001fb   Thumb Code     0  startup_stm32f10x_hd.o(.text)
    EXTI1_IRQHandler                         0x080001fb   Thumb Code     0  startup_stm32f10x_hd.o(.text)
    EXTI2_IRQHandler                         0x080001fb   Thumb Code     0  startup_stm32f10x_hd.o(.text)
    EXTI3_IRQHandler                         0x080001fb   Thumb Code     0  startup_stm32f10x_hd.o(.text)
    EXTI9_5_IRQHandler                       0x080001fb   Thumb Code     0  startup_stm32f10x_hd.o(.text)
    FLASH_IRQHandler                         0x080001fb   Thumb Code     0  startup_stm32f10x_hd.o(.text)
    FSMC_IRQHandler                          0x080001fb   Thumb Code     0  startup_stm32f10x_hd.o(.text)
    I2C1_ER_IRQHandler                       0x080001fb   Thumb Code     0  startup_stm32f10x_hd.o(.text)
    I2C1_EV_IRQHandler                       0x080001fb   Thumb Code     0  startup_stm32f10x_hd.o(.text)
    I2C2_ER_IRQHandler                       0x080001fb   Thumb Code     0  startup_stm32f10x_hd.o(.text)
    I2C2_EV_IRQHandler                       0x080001fb   Thumb Code     0  startup_stm32f10x_hd.o(.text)
    PVD_IRQHandler                           0x080001fb   Thumb Code     0  startup_stm32f10x_hd.o(.text)
    RCC_IRQHandler                           0x080001fb   Thumb Code     0  startup_stm32f10x_hd.o(.text)
    RTCAlarm_IRQHandler                      0x080001fb   Thumb Code     0  startup_stm32f10x_hd.o(.text)
    RTC_IRQHandler                           0x080001fb   Thumb Code     0  startup_stm32f10x_hd.o(.text)
    SPI1_IRQHandler                          0x080001fb   Thumb Code     0  startup_stm32f10x_hd.o(.text)
    SPI2_IRQHandler                          0x080001fb   Thumb Code     0  startup_stm32f10x_hd.o(.text)
    SPI3_IRQHandler                          0x080001fb   Thumb Code     0  startup_stm32f10x_hd.o(.text)
    TAMPER_IRQHandler                        0x080001fb   Thumb Code     0  startup_stm32f10x_hd.o(.text)
    TIM1_BRK_IRQHandler                      0x080001fb   Thumb Code     0  startup_stm32f10x_hd.o(.text)
    TIM1_CC_IRQHandler                       0x080001fb   Thumb Code     0  startup_stm32f10x_hd.o(.text)
    TIM1_TRG_COM_IRQHandler                  0x080001fb   Thumb Code     0  startup_stm32f10x_hd.o(.text)
    TIM1_UP_IRQHandler                       0x080001fb   Thumb Code     0  startup_stm32f10x_hd.o(.text)
    TIM2_IRQHandler                          0x080001fb   Thumb Code     0  startup_stm32f10x_hd.o(.text)
    TIM3_IRQHandler                          0x080001fb   Thumb Code     0  startup_stm32f10x_hd.o(.text)
    TIM4_IRQHandler                          0x080001fb   Thumb Code     0  startup_stm32f10x_hd.o(.text)
    TIM5_IRQHandler                          0x080001fb   Thumb Code     0  startup_stm32f10x_hd.o(.text)
    TIM6_IRQHandler                          0x080001fb   Thumb Code     0  startup_stm32f10x_hd.o(.text)
    TIM7_IRQHandler                          0x080001fb   Thumb Code     0  startup_stm32f10x_hd.o(.text)
    TIM8_BRK_IRQHandler                      0x080001fb   Thumb Code     0  startup_stm32f10x_hd.o(.text)
    TIM8_CC_IRQHandler                       0x080001fb   Thumb Code     0  startup_stm32f10x_hd.o(.text)
    TIM8_TRG_COM_IRQHandler                  0x080001fb   Thumb Code     0  startup_stm32f10x_hd.o(.text)
    TIM8_UP_IRQHandler                       0x080001fb   Thumb Code     0  startup_stm32f10x_hd.o(.text)
    UART4_IRQHandler                         0x080001fb   Thumb Code     0  startup_stm32f10x_hd.o(.text)
    UART5_IRQHandler                         0x080001fb   Thumb Code     0  startup_stm32f10x_hd.o(.text)
    USART1_IRQHandler                        0x080001fb   Thumb Code     0  startup_stm32f10x_hd.o(.text)
    USART2_IRQHandler                        0x080001fb   Thumb Code     0  startup_stm32f10x_hd.o(.text)
    USART3_IRQHandler                        0x080001fb   Thumb Code     0  startup_stm32f10x_hd.o(.text)
    USBWakeUp_IRQHandler                     0x080001fb   Thumb Code     0  startup_stm32f10x_hd.o(.text)
    USB_HP_CAN1_TX_IRQHandler                0x080001fb   Thumb Code     0  startup_stm32f10x_hd.o(.text)
    USB_LP_CAN1_RX0_IRQHandler               0x080001fb   Thumb Code     0  startup_stm32f10x_hd.o(.text)
    WWDG_IRQHandler                          0x080001fb   Thumb Code     0  startup_stm32f10x_hd.o(.text)
    __aeabi_memcpy                           0x08000205   Thumb Code    36  memcpya.o(.text)
    __aeabi_memcpy4                          0x08000205   Thumb Code     0  memcpya.o(.text)
    __aeabi_memcpy8                          0x08000205   Thumb Code     0  memcpya.o(.text)
    __aeabi_memset                           0x08000229   Thumb Code    14  memseta.o(.text)
    __aeabi_memset4                          0x08000229   Thumb Code     0  memseta.o(.text)
    __aeabi_memset8                          0x08000229   Thumb Code     0  memseta.o(.text)
    __aeabi_memclr                           0x08000237   Thumb Code     4  memseta.o(.text)
    __aeabi_memclr4                          0x08000237   Thumb Code     0  memseta.o(.text)
    __aeabi_memclr8                          0x08000237   Thumb Code     0  memseta.o(.text)
    _memset$wrapper                          0x0800023b   Thumb Code    18  memseta.o(.text)
    __aeabi_uldivmod                         0x0800024d   Thumb Code    98  uldiv.o(.text)
    __aeabi_llsl                             0x080002af   Thumb Code    30  llshl.o(.text)
    _ll_shift_l                              0x080002af   Thumb Code     0  llshl.o(.text)
    __aeabi_llsr                             0x080002cd   Thumb Code    32  llushr.o(.text)
    _ll_ushift_r                             0x080002cd   Thumb Code     0  llushr.o(.text)
    __scatterload                            0x080002ed   Thumb Code    28  init.o(.text)
    __scatterload_rt2                        0x080002ed   Thumb Code     0  init.o(.text)
    BusFault_Handler                         0x08000351   Thumb Code     4  stm32f10x_it.o(i.BusFault_Handler)
    DMA_ClearFlag                            0x08000515   Thumb Code    18  stm32f10x_dma.o(i.DMA_ClearFlag)
    DMA_Cmd                                  0x08000531   Thumb Code    24  stm32f10x_dma.o(i.DMA_Cmd)
    DMA_GetFlagStatus                        0x08000549   Thumb Code    36  stm32f10x_dma.o(i.DMA_GetFlagStatus)
    DMA_Init                                 0x08000575   Thumb Code    60  stm32f10x_dma.o(i.DMA_Init)
    DebugMon_Handler                         0x080005b1   Thumb Code     2  stm32f10x_it.o(i.DebugMon_Handler)
    EXTI4_IRQHandler                         0x080005b5   Thumb Code    24  stm32f10x_it.o(i.EXTI4_IRQHandler)
    EXTI_ClearITPendingBit                   0x080005d1   Thumb Code     6  stm32f10x_exti.o(i.EXTI_ClearITPendingBit)
    EXTI_GetITStatus                         0x080005dd   Thumb Code    34  stm32f10x_exti.o(i.EXTI_GetITStatus)
    FSMC_NORSRAMCmd                          0x08000605   Thumb Code    46  stm32f10x_fsmc.o(i.FSMC_NORSRAMCmd)
    FSMC_NORSRAMInit                         0x08000639   Thumb Code   230  stm32f10x_fsmc.o(i.FSMC_NORSRAMInit)
    GPIO_Init                                0x0800090d   Thumb Code   278  stm32f10x_gpio.o(i.GPIO_Init)
    GPIO_ReadInputDataBit                    0x08000a23   Thumb Code    18  stm32f10x_gpio.o(i.GPIO_ReadInputDataBit)
    GPIO_ResetBits                           0x08000a35   Thumb Code     4  stm32f10x_gpio.o(i.GPIO_ResetBits)
    GPIO_SetBits                             0x08000a39   Thumb Code     4  stm32f10x_gpio.o(i.GPIO_SetBits)
    HardFault_Handler                        0x08000a45   Thumb Code     4  stm32f10x_it.o(i.HardFault_Handler)
    ILI9341_BackLed_Control                  0x08000a49   Thumb Code    30  bsp_ili9341_lcd.o(i.ILI9341_BackLed_Control)
    ILI9341_Clear                            0x08000a6d   Thumb Code    42  bsp_ili9341_lcd.o(i.ILI9341_Clear)
    ILI9341_DispChar_EN                      0x08000aa9   Thumb Code   104  bsp_ili9341_lcd.o(i.ILI9341_DispChar_EN)
    ILI9341_DispString_EN                    0x08000b15   Thumb Code    82  bsp_ili9341_lcd.o(i.ILI9341_DispString_EN)
    ILI9341_DrawCircle                       0x08000b67   Thumb Code   344  bsp_ili9341_lcd.o(i.ILI9341_DrawCircle)
    ILI9341_DrawLine                         0x08000cbf   Thumb Code   174  bsp_ili9341_lcd.o(i.ILI9341_DrawLine)
    ILI9341_DrawRectangle                    0x08000d6d   Thumb Code   140  bsp_ili9341_lcd.o(i.ILI9341_DrawRectangle)
    ILI9341_Init                             0x08000f7d   Thumb Code    20  bsp_ili9341_lcd.o(i.ILI9341_Init)
    ILI9341_OpenWindow                       0x08000f91   Thumb Code    88  bsp_ili9341_lcd.o(i.ILI9341_OpenWindow)
    ILI9341_Rst                              0x08001191   Thumb Code   118  bsp_ili9341_lcd.o(i.ILI9341_Rst)
    ILI9341_SetPointPixel                    0x08001225   Thumb Code    36  bsp_ili9341_lcd.o(i.ILI9341_SetPointPixel)
    ILI9341_Write_Data                       0x08001249   Thumb Code    12  bsp_ili9341_lcd.o(i.ILI9341_Write_Data)
    Key_GPIO_Config                          0x080012bd   Thumb Code    76  bsp_key.o(i.Key_GPIO_Config)
    Key_Scan                                 0x0800130d   Thumb Code   166  bsp_key.o(i.Key_Scan)
    Lcd_Show_bmp                             0x080013bd   Thumb Code   732  bsp_bmp.o(i.Lcd_Show_bmp)
    MemManage_Handler                        0x080016ad   Thumb Code     4  stm32f10x_it.o(i.MemManage_Handler)
    NMI_Handler                              0x080016b1   Thumb Code     2  stm32f10x_it.o(i.NMI_Handler)
    NVIC_Init                                0x080016b5   Thumb Code   100  misc.o(i.NVIC_Init)
    NVIC_PriorityGroupConfig                 0x08001725   Thumb Code    10  misc.o(i.NVIC_PriorityGroupConfig)
    RCC_AHBPeriphClockCmd                    0x08001739   Thumb Code    26  stm32f10x_rcc.o(i.RCC_AHBPeriphClockCmd)
    RCC_APB2PeriphClockCmd                   0x08001759   Thumb Code    26  stm32f10x_rcc.o(i.RCC_APB2PeriphClockCmd)
    RCC_GetClocksFreq                        0x08001779   Thumb Code   192  stm32f10x_rcc.o(i.RCC_GetClocksFreq)
    SDIO_ClearFlag                           0x08001969   Thumb Code     6  stm32f10x_sdio.o(i.SDIO_ClearFlag)
    SDIO_ClearITPendingBit                   0x08001975   Thumb Code     6  stm32f10x_sdio.o(i.SDIO_ClearITPendingBit)
    SDIO_ClockCmd                            0x08001981   Thumb Code     6  stm32f10x_sdio.o(i.SDIO_ClockCmd)
    SDIO_DMACmd                              0x0800198d   Thumb Code     6  stm32f10x_sdio.o(i.SDIO_DMACmd)
    SDIO_DataConfig                          0x08001999   Thumb Code    42  stm32f10x_sdio.o(i.SDIO_DataConfig)
    SDIO_DeInit                              0x080019c9   Thumb Code    28  stm32f10x_sdio.o(i.SDIO_DeInit)
    SDIO_GetCommandResponse                  0x080019ed   Thumb Code     8  stm32f10x_sdio.o(i.SDIO_GetCommandResponse)
    SDIO_GetFlagStatus                       0x080019f9   Thumb Code    20  stm32f10x_sdio.o(i.SDIO_GetFlagStatus)
    SDIO_GetPowerState                       0x08001a11   Thumb Code    10  stm32f10x_sdio.o(i.SDIO_GetPowerState)
    SDIO_GetResponse                         0x08001a21   Thumb Code    20  stm32f10x_sdio.o(i.SDIO_GetResponse)
    SDIO_IRQHandler                          0x08001a39   Thumb Code     8  stm32f10x_it.o(i.SDIO_IRQHandler)
    SDIO_ITConfig                            0x08001a41   Thumb Code    26  stm32f10x_sdio.o(i.SDIO_ITConfig)
    SDIO_Init                                0x08001a61   Thumb Code    42  stm32f10x_sdio.o(i.SDIO_Init)
    SDIO_NVIC_Configuration                  0x08001a91   Thumb Code    64  bsp_sdio_sdcard.o(i.SDIO_NVIC_Configuration)
    SDIO_ReadData                            0x08001ad1   Thumb Code     6  stm32f10x_sdio.o(i.SDIO_ReadData)
    SDIO_SendCommand                         0x08001add   Thumb Code    38  stm32f10x_sdio.o(i.SDIO_SendCommand)
    SDIO_SetPowerState                       0x08001b09   Thumb Code    22  stm32f10x_sdio.o(i.SDIO_SetPowerState)
    SD_EnableWideBusOperation                0x08001bfd   Thumb Code   140  bsp_sdio_sdcard.o(i.SD_EnableWideBusOperation)
    SD_GetCardInfo                           0x08001c91   Thumb Code   700  bsp_sdio_sdcard.o(i.SD_GetCardInfo)
    SD_GetState                              0x08001f5d   Thumb Code    26  bsp_sdio_sdcard.o(i.SD_GetState)
    SD_GetStatus                             0x08001f77   Thumb Code    30  bsp_sdio_sdcard.o(i.SD_GetStatus)
    SD_Init                                  0x08001f95   Thumb Code   102  bsp_sdio_sdcard.o(i.SD_Init)
    SD_InitializeCards                       0x08002005   Thumb Code   294  bsp_sdio_sdcard.o(i.SD_InitializeCards)
    SD_PowerON                               0x08002141   Thumb Code   374  bsp_sdio_sdcard.o(i.SD_PowerON)
    SD_ProcessIRQSrc                         0x080022c9   Thumb Code    70  bsp_sdio_sdcard.o(i.SD_ProcessIRQSrc)
    SD_ReadBlock                             0x08002321   Thumb Code   192  bsp_sdio_sdcard.o(i.SD_ReadBlock)
    SD_ReadMultiBlocks                       0x080023fd   Thumb Code   202  bsp_sdio_sdcard.o(i.SD_ReadMultiBlocks)
    SD_SelectDeselect                        0x080024e5   Thumb Code    48  bsp_sdio_sdcard.o(i.SD_SelectDeselect)
    SD_SendStatus                            0x08002519   Thumb Code    46  bsp_sdio_sdcard.o(i.SD_SendStatus)
    SD_WaitReadOperation                     0x08002551   Thumb Code    42  bsp_sdio_sdcard.o(i.SD_WaitReadOperation)
    SD_WaitWriteOperation                    0x08002585   Thumb Code    50  bsp_sdio_sdcard.o(i.SD_WaitWriteOperation)
    SD_WriteBlock                            0x080025c1   Thumb Code   190  bsp_sdio_sdcard.o(i.SD_WriteBlock)
    SD_WriteMultiBlocks                      0x0800269d   Thumb Code   294  bsp_sdio_sdcard.o(i.SD_WriteMultiBlocks)
    Sd_fs_init                               0x080027e5   Thumb Code    16  bsp_sdfs_app.o(i.Sd_fs_init)
    SysTick_Handler                          0x080029a1   Thumb Code     8  stm32f10x_it.o(i.SysTick_Handler)
    SystemInit                               0x080029a9   Thumb Code    78  system_stm32f10x.o(i.SystemInit)
    TestFramework_EnterTest                  0x08002a09   Thumb Code    90  test_framework.o(i.TestFramework_EnterTest)
    TestFramework_GetMode                    0x08002a85   Thumb Code     6  test_framework.o(i.TestFramework_GetMode)
    TestFramework_Init                       0x08002a91   Thumb Code    60  test_framework.o(i.TestFramework_Init)
    TestFramework_NextTest                   0x08002b2d   Thumb Code    24  test_framework.o(i.TestFramework_NextTest)
    TestFramework_PrevTest                   0x08002b49   Thumb Code    28  test_framework.o(i.TestFramework_PrevTest)
    TestFramework_Run                        0x08002b69   Thumb Code    66  test_framework.o(i.TestFramework_Run)
    TestFramework_SetMode                    0x08002be5   Thumb Code   170  test_framework.o(i.TestFramework_SetMode)
    TestFramework_Update                     0x08002ce9   Thumb Code    32  test_framework.o(i.TestFramework_Update)
    Test_BMPBrowser_Exit                     0x08002d2b   Thumb Code     2  test_framework.o(i.Test_BMPBrowser_Exit)
    Test_BMPBrowser_Init                     0x08002d2d   Thumb Code    12  test_framework.o(i.Test_BMPBrowser_Init)
    Test_BMPBrowser_Run                      0x08002d41   Thumb Code    92  test_framework.o(i.Test_BMPBrowser_Run)
    Test_GrayScale_Init                      0x08002db9   Thumb Code    12  test_framework.o(i.Test_GrayScale_Init)
    Test_GrayScale_Run                       0x08002dcd   Thumb Code    86  test_framework.o(i.Test_GrayScale_Run)
    Test_Shapes_Init                         0x08002e3d   Thumb Code    12  test_framework.o(i.Test_Shapes_Init)
    Test_Shapes_Run                          0x08002e51   Thumb Code   326  test_framework.o(i.Test_Shapes_Run)
    Test_SolidColor_Init                     0x08002fad   Thumb Code    12  test_framework.o(i.Test_SolidColor_Init)
    Test_SolidColor_Run                      0x08002fc1   Thumb Code   154  test_framework.o(i.Test_SolidColor_Run)
    Test_Text_Init                           0x080030b9   Thumb Code    12  test_framework.o(i.Test_Text_Init)
    Test_Text_Run                            0x080030cd   Thumb Code   258  test_framework.o(i.Test_Text_Run)
    USART_Cmd                                0x08003235   Thumb Code    24  stm32f10x_usart.o(i.USART_Cmd)
    USART_GetFlagStatus                      0x0800324d   Thumb Code    26  stm32f10x_usart.o(i.USART_GetFlagStatus)
    USART_ITConfig                           0x08003267   Thumb Code    74  stm32f10x_usart.o(i.USART_ITConfig)
    USART_Init                               0x080032b1   Thumb Code   210  stm32f10x_usart.o(i.USART_Init)
    USART_SendData                           0x08003389   Thumb Code     8  stm32f10x_usart.o(i.USART_SendData)
    USARTx_Config                            0x08003391   Thumb Code   132  bsp_usart1.o(i.USARTx_Config)
    UsageFault_Handler                       0x0800341d   Thumb Code     4  stm32f10x_it.o(i.UsageFault_Handler)
    __0printf$8                              0x08003421   Thumb Code    22  printf8.o(i.__0printf$8)
    __1printf$8                              0x08003421   Thumb Code     0  printf8.o(i.__0printf$8)
    __2printf                                0x08003421   Thumb Code     0  printf8.o(i.__0printf$8)
    __0sprintf$8                             0x08003441   Thumb Code    34  printf8.o(i.__0sprintf$8)
    __1sprintf$8                             0x08003441   Thumb Code     0  printf8.o(i.__0sprintf$8)
    __2sprintf                               0x08003441   Thumb Code     0  printf8.o(i.__0sprintf$8)
    __scatterload_copy                       0x08003469   Thumb Code    14  handlers.o(i.__scatterload_copy)
    __scatterload_null                       0x08003477   Thumb Code     2  handlers.o(i.__scatterload_null)
    __scatterload_zeroinit                   0x08003479   Thumb Code    14  handlers.o(i.__scatterload_zeroinit)
    clust2sect                               0x08003d21   Thumb Code    26  ff.o(i.clust2sect)
    comm_out                                 0x08003dcd   Thumb Code     8  bsp_ili9341_lcd.o(i.comm_out)
    data_out                                 0x08004111   Thumb Code     6  bsp_ili9341_lcd.o(i.data_out)
    disk_initialize                          0x0800453b   Thumb Code    26  diskio.o(i.disk_initialize)
    disk_ioctl                               0x08004555   Thumb Code     6  diskio.o(i.disk_ioctl)
    disk_read                                0x0800455d   Thumb Code   144  diskio.o(i.disk_read)
    disk_status                              0x080045f1   Thumb Code     6  diskio.o(i.disk_status)
    disk_write                               0x080045f9   Thumb Code   144  diskio.o(i.disk_write)
    disp_gray                                0x0800468d   Thumb Code    78  bsp_ili9341_lcd.o(i.disp_gray)
    f_close                                  0x080046db   Thumb Code    22  ff.o(i.f_close)
    f_lseek                                  0x080046f1   Thumb Code   432  ff.o(i.f_lseek)
    f_mount                                  0x080048a1   Thumb Code    38  ff.o(i.f_mount)
    f_open                                   0x080048cd   Thumb Code   372  ff.o(i.f_open)
    f_read                                   0x08004a41   Thumb Code   462  ff.o(i.f_read)
    f_sync                                   0x08004c0f   Thumb Code   184  ff.o(i.f_sync)
    ff_convert                               0x08004cc9   Thumb Code   116  cc936.o(i.ff_convert)
    ff_wtoupper                              0x08004d45   Thumb Code    46  cc936.o(i.ff_wtoupper)
    fputc                                    0x08004e9d   Thumb Code    32  bsp_usart1.o(i.fputc)
    gen_numname                              0x08004ec1   Thumb Code   190  ff.o(i.gen_numname)
    get_fat                                  0x08004f7f   Thumb Code   228  ff.o(i.get_fat)
    get_fattime                              0x08005063   Thumb Code     4  diskio.o(i.get_fattime)
    main                                     0x08005069   Thumb Code    62  main.o(i.main)
    put_fat                                  0x08005651   Thumb Code   310  ff.o(i.put_fat)
    pvPortMalloc                             0x08005789   Thumb Code   262  heap_4.o(i.pvPortMalloc)
    pxPortInitialiseStack                    0x080058d9   Thumb Code    30  port.o(i.pxPortInitialiseStack)
    uxListRemove                             0x08005a53   Thumb Code    40  list.o(i.uxListRemove)
    vListInitialise                          0x08005a7b   Thumb Code    26  list.o(i.vListInitialise)
    vListInitialiseItem                      0x08005a95   Thumb Code     6  list.o(i.vListInitialiseItem)
    vListInsert                              0x08005a9b   Thumb Code    52  list.o(i.vListInsert)
    vListInsertEnd                           0x08005acf   Thumb Code    24  list.o(i.vListInsertEnd)
    vPortEnterCritical                       0x08005ae9   Thumb Code    68  port.o(i.vPortEnterCritical)
    vPortExitCritical                        0x08005b65   Thumb Code    48  port.o(i.vPortExitCritical)
    vPortFree                                0x08005bc9   Thumb Code   120  heap_4.o(i.vPortFree)
    vPortSetupTimerInterrupt                 0x08005c7d   Thumb Code    26  port.o(i.vPortSetupTimerInterrupt)
    vTaskDelay                               0x08005c9d   Thumb Code    72  tasks.o(i.vTaskDelay)
    vTaskDelayUntil                          0x08005d19   Thumb Code   170  tasks.o(i.vTaskDelayUntil)
    vTaskStartScheduler                      0x08005dfd   Thumb Code    98  tasks.o(i.vTaskStartScheduler)
    vTaskSuspendAll                          0x08005ea9   Thumb Code    12  tasks.o(i.vTaskSuspendAll)
    vTaskSwitchContext                       0x08005eb9   Thumb Code   114  tasks.o(i.vTaskSwitchContext)
    xPortStartScheduler                      0x08005f99   Thumb Code   140  port.o(i.xPortStartScheduler)
    xPortSysTickHandler                      0x08006039   Thumb Code    46  port.o(i.xPortSysTickHandler)
    xTaskCreate                              0x0800606d   Thumb Code    96  tasks.o(i.xTaskCreate)
    xTaskGetTickCount                        0x080060cd   Thumb Code     6  tasks.o(i.xTaskGetTickCount)
    xTaskIncrementTick                       0x080060d9   Thumb Code   270  tasks.o(i.xTaskIncrementTick)
    xTaskResumeAll                           0x08006241   Thumb Code   212  tasks.o(i.xTaskResumeAll)
    ucAscii_1608                             0x08006364   Data        1520  bsp_ili9341_lcd.o(.constdata)
    Region$$Table$$Base                      0x08031754   Number         0  anon$$obj.o(Region$$Table)
    Region$$Table$$Limit                     0x08031774   Number         0  anon$$obj.o(Region$$Table)
    SystemCoreClock                          0x20000000   Data           4  system_stm32f10x.o(.data)
    AHBPrescTable                            0x20000004   Data          16  system_stm32f10x.o(.data)
    bmpres                                   0x20000028   Data           1  bsp_bmp.o(.data)
    StopCondition                            0x20000034   Data           4  bsp_sdio_sdcard.o(.data)
    TransferError                            0x20000038   Data           1  bsp_sdio_sdcard.o(.data)
    TransferEnd                              0x2000003c   Data           4  bsp_sdio_sdcard.o(.data)
    strXPT2046_TouchPara                     0x20000040   Data          48  bsp_xpt2046_lcd.o(.data)
    ucXPT2046_TouchFlag                      0x20000070   Data           1  bsp_xpt2046_lcd.o(.data)
    pxCurrentTCB                             0x200000b4   Data           4  tasks.o(.data)
    __stdout                                 0x20000114   Data           4  stdout.o(.data)
    pColorData                               0x2000015e   Data         960  bsp_bmp.o(.bss)
    bmpfs                                    0x20000520   Data        1120  bsp_bmp.o(.bss)
    bmpfsrc                                  0x20000980   Data         548  bsp_bmp.o(.bss)
    bmpfdst                                  0x20000ba4   Data         548  bsp_bmp.o(.bss)
    myfs                                     0x20000dc8   Data        1120  bsp_sdfs_app.o(.bss)
    myfsrc                                   0x20001228   Data         548  bsp_sdfs_app.o(.bss)
    myfdst                                   0x2000144c   Data         548  bsp_sdfs_app.o(.bss)
    mybuffer                                 0x20001670   Data         512  bsp_sdfs_app.o(.bss)
    my_latest_buffer                         0x20001870   Data         512  bsp_sdfs_app.o(.bss)
    SDCardInfo                               0x20001aa0   Data          80  bsp_sdio_sdcard.o(.bss)
    SDIO_InitStructure                       0x20001af0   Data          24  bsp_sdio_sdcard.o(.bss)
    SDIO_CmdInitStructure                    0x20001b08   Data          20  bsp_sdio_sdcard.o(.bss)
    SDIO_DataInitStructure                   0x20001b1c   Data          24  bsp_sdio_sdcard.o(.bss)
    align_buffer                             0x20001b34   Data         512  diskio.o(.bss)
    __initial_sp                             0x2000ae00   Data           0  startup_stm32f10x_hd.o(STACK)



==============================================================================

Memory Map of the image

  Image Entry point : 0x08000131

  Load Region LR_IROM1 (Base: 0x08000000, Size: 0x0003188c, Max: 0x00080000, ABSOLUTE)

    Execution Region ER_IROM1 (Exec base: 0x08000000, Load base: 0x08000000, Size: 0x00031774, Max: 0x00080000, ABSOLUTE)

    Exec Addr    Load Addr    Size         Type   Attr      Idx    E Section Name        Object

    0x08000000   0x08000000   0x00000130   Data   RO            3    RESET               startup_stm32f10x_hd.o
    0x08000130   0x08000130   0x00000000   Code   RO         5326  * .ARM.Collect$$$$00000000  mc_w.l(entry.o)
    0x08000130   0x08000130   0x00000004   Code   RO         5616    .ARM.Collect$$$$00000001  mc_w.l(entry2.o)
    0x08000134   0x08000134   0x00000004   Code   RO         5619    .ARM.Collect$$$$00000004  mc_w.l(entry5.o)
    0x08000138   0x08000138   0x00000000   Code   RO         5621    .ARM.Collect$$$$00000008  mc_w.l(entry7b.o)
    0x08000138   0x08000138   0x00000000   Code   RO         5623    .ARM.Collect$$$$0000000A  mc_w.l(entry8b.o)
    0x08000138   0x08000138   0x00000008   Code   RO         5624    .ARM.Collect$$$$0000000B  mc_w.l(entry9a.o)
    0x08000140   0x08000140   0x00000004   Code   RO         5631    .ARM.Collect$$$$0000000E  mc_w.l(entry12b.o)
    0x08000144   0x08000144   0x00000000   Code   RO         5626    .ARM.Collect$$$$0000000F  mc_w.l(entry10a.o)
    0x08000144   0x08000144   0x00000000   Code   RO         5628    .ARM.Collect$$$$00000011  mc_w.l(entry11a.o)
    0x08000144   0x08000144   0x00000004   Code   RO         5617    .ARM.Collect$$$$00002712  mc_w.l(entry2.o)
    0x08000148   0x08000148   0x00000096   Code   RO         5249    .emb_text           port.o
    0x080001de   0x080001de   0x00000002   PAD
    0x080001e0   0x080001e0   0x00000024   Code   RO            4    .text               startup_stm32f10x_hd.o
    0x08000204   0x08000204   0x00000024   Code   RO         5329    .text               mc_w.l(memcpya.o)
    0x08000228   0x08000228   0x00000024   Code   RO         5331    .text               mc_w.l(memseta.o)
    0x0800024c   0x0800024c   0x00000062   Code   RO         5635    .text               mc_w.l(uldiv.o)
    0x080002ae   0x080002ae   0x0000001e   Code   RO         5637    .text               mc_w.l(llshl.o)
    0x080002cc   0x080002cc   0x00000020   Code   RO         5639    .text               mc_w.l(llushr.o)
    0x080002ec   0x080002ec   0x00000024   Code   RO         5650    .text               mc_w.l(init.o)
    0x08000310   0x08000310   0x00000040   Code   RO         4069    i.AutoTask          test_framework.o
    0x08000350   0x08000350   0x00000004   Code   RO         3186    i.BusFault_Handler  stm32f10x_it.o
    0x08000354   0x08000354   0x0000002c   Code   RO         3711    i.CmdError          bsp_sdio_sdcard.o
    0x08000380   0x08000380   0x00000028   Code   RO         3712    i.CmdResp1Error     bsp_sdio_sdcard.o
    0x080003a8   0x080003a8   0x0000004c   Code   RO         3713    i.CmdResp2Error     bsp_sdio_sdcard.o
    0x080003f4   0x080003f4   0x00000038   Code   RO         3714    i.CmdResp3Error     bsp_sdio_sdcard.o
    0x0800042c   0x0800042c   0x0000009c   Code   RO         3715    i.CmdResp6Error     bsp_sdio_sdcard.o
    0x080004c8   0x080004c8   0x0000004c   Code   RO         3716    i.CmdResp7Error     bsp_sdio_sdcard.o
    0x08000514   0x08000514   0x0000001c   Code   RO          866    i.DMA_ClearFlag     stm32f10x_dma.o
    0x08000530   0x08000530   0x00000018   Code   RO          868    i.DMA_Cmd           stm32f10x_dma.o
    0x08000548   0x08000548   0x0000002c   Code   RO          871    i.DMA_GetFlagStatus  stm32f10x_dma.o
    0x08000574   0x08000574   0x0000003c   Code   RO          874    i.DMA_Init          stm32f10x_dma.o
    0x080005b0   0x080005b0   0x00000002   Code   RO         3187    i.DebugMon_Handler  stm32f10x_it.o
    0x080005b2   0x080005b2   0x00000002   PAD
    0x080005b4   0x080005b4   0x0000001c   Code   RO         3188    i.EXTI4_IRQHandler  stm32f10x_it.o
    0x080005d0   0x080005d0   0x0000000c   Code   RO          939    i.EXTI_ClearITPendingBit  stm32f10x_exti.o
    0x080005dc   0x080005dc   0x00000028   Code   RO          943    i.EXTI_GetITStatus  stm32f10x_exti.o
    0x08000604   0x08000604   0x00000034   Code   RO         1177    i.FSMC_NORSRAMCmd   stm32f10x_fsmc.o
    0x08000638   0x08000638   0x000000e6   Code   RO         1179    i.FSMC_NORSRAMInit  stm32f10x_fsmc.o
    0x0800071e   0x0800071e   0x00000002   PAD
    0x08000720   0x08000720   0x0000019c   Code   RO         3717    i.FindSCR           bsp_sdio_sdcard.o
    0x080008bc   0x080008bc   0x00000050   Code   RO         3718    i.GPIO_Configuration  bsp_sdio_sdcard.o
    0x0800090c   0x0800090c   0x00000116   Code   RO         1292    i.GPIO_Init         stm32f10x_gpio.o
    0x08000a22   0x08000a22   0x00000012   Code   RO         1296    i.GPIO_ReadInputDataBit  stm32f10x_gpio.o
    0x08000a34   0x08000a34   0x00000004   Code   RO         1299    i.GPIO_ResetBits    stm32f10x_gpio.o
    0x08000a38   0x08000a38   0x00000004   Code   RO         1300    i.GPIO_SetBits      stm32f10x_gpio.o
    0x08000a3c   0x08000a3c   0x00000008   Code   RO         4070    i.GetTickMs         test_framework.o
    0x08000a44   0x08000a44   0x00000004   Code   RO         3189    i.HardFault_Handler  stm32f10x_it.o
    0x08000a48   0x08000a48   0x00000024   Code   RO         3430    i.ILI9341_BackLed_Control  bsp_ili9341_lcd.o
    0x08000a6c   0x08000a6c   0x0000002a   Code   RO         3431    i.ILI9341_Clear     bsp_ili9341_lcd.o
    0x08000a96   0x08000a96   0x00000012   Code   RO         3432    i.ILI9341_Delay     bsp_ili9341_lcd.o
    0x08000aa8   0x08000aa8   0x0000006c   Code   RO         3434    i.ILI9341_DispChar_EN  bsp_ili9341_lcd.o
    0x08000b14   0x08000b14   0x00000052   Code   RO         3436    i.ILI9341_DispString_EN  bsp_ili9341_lcd.o
    0x08000b66   0x08000b66   0x00000158   Code   RO         3438    i.ILI9341_DrawCircle  bsp_ili9341_lcd.o
    0x08000cbe   0x08000cbe   0x000000ae   Code   RO         3439    i.ILI9341_DrawLine  bsp_ili9341_lcd.o
    0x08000d6c   0x08000d6c   0x0000008c   Code   RO         3440    i.ILI9341_DrawRectangle  bsp_ili9341_lcd.o
    0x08000df8   0x08000df8   0x00000064   Code   RO         3441    i.ILI9341_FSMC_Config  bsp_ili9341_lcd.o
    0x08000e5c   0x08000e5c   0x00000020   Code   RO         3442    i.ILI9341_FillColor  bsp_ili9341_lcd.o
    0x08000e7c   0x08000e7c   0x00000100   Code   RO         3443    i.ILI9341_GPIO_Config  bsp_ili9341_lcd.o
    0x08000f7c   0x08000f7c   0x00000014   Code   RO         3446    i.ILI9341_Init      bsp_ili9341_lcd.o
    0x08000f90   0x08000f90   0x00000058   Code   RO         3448    i.ILI9341_OpenWindow  bsp_ili9341_lcd.o
    0x08000fe8   0x08000fe8   0x000001a8   Code   RO         3449    i.ILI9341_REG_Config  bsp_ili9341_lcd.o
    0x08001190   0x08001190   0x00000080   Code   RO         3451    i.ILI9341_Rst       bsp_ili9341_lcd.o
    0x08001210   0x08001210   0x00000014   Code   RO         3452    i.ILI9341_SetCursor  bsp_ili9341_lcd.o
    0x08001224   0x08001224   0x00000024   Code   RO         3453    i.ILI9341_SetPointPixel  bsp_ili9341_lcd.o
    0x08001248   0x08001248   0x00000010   Code   RO         3609    i.ILI9341_Write_Data  bsp_ili9341_lcd.o
    0x08001258   0x08001258   0x0000005a   Code   RO         4072    i.KeyTask           test_framework.o
    0x080012b2   0x080012b2   0x0000000a   Code   RO         3631    i.Key_Delay         bsp_key.o
    0x080012bc   0x080012bc   0x00000050   Code   RO         3632    i.Key_GPIO_Config   bsp_key.o
    0x0800130c   0x0800130c   0x000000b0   Code   RO         3633    i.Key_Scan          bsp_key.o
    0x080013bc   0x080013bc   0x000002f0   Code   RO         3362    i.Lcd_Show_bmp      bsp_bmp.o
    0x080016ac   0x080016ac   0x00000004   Code   RO         3190    i.MemManage_Handler  stm32f10x_it.o
    0x080016b0   0x080016b0   0x00000002   Code   RO         3191    i.NMI_Handler       stm32f10x_it.o
    0x080016b2   0x080016b2   0x00000002   PAD
    0x080016b4   0x080016b4   0x00000070   Code   RO          137    i.NVIC_Init         misc.o
    0x08001724   0x08001724   0x00000014   Code   RO          138    i.NVIC_PriorityGroupConfig  misc.o
    0x08001738   0x08001738   0x00000020   Code   RO         1707    i.RCC_AHBPeriphClockCmd  stm32f10x_rcc.o
    0x08001758   0x08001758   0x00000020   Code   RO         1710    i.RCC_APB2PeriphClockCmd  stm32f10x_rcc.o
    0x08001778   0x08001778   0x000000d4   Code   RO         1718    i.RCC_GetClocksFreq  stm32f10x_rcc.o
    0x0800184c   0x0800184c   0x0000011c   Code   RO         3720    i.SDEnWideBus       bsp_sdio_sdcard.o
    0x08001968   0x08001968   0x0000000c   Code   RO         1997    i.SDIO_ClearFlag    stm32f10x_sdio.o
    0x08001974   0x08001974   0x0000000c   Code   RO         1998    i.SDIO_ClearITPendingBit  stm32f10x_sdio.o
    0x08001980   0x08001980   0x0000000c   Code   RO         1999    i.SDIO_ClockCmd     stm32f10x_sdio.o
    0x0800198c   0x0800198c   0x0000000c   Code   RO         2002    i.SDIO_DMACmd       stm32f10x_sdio.o
    0x08001998   0x08001998   0x00000030   Code   RO         2003    i.SDIO_DataConfig   stm32f10x_sdio.o
    0x080019c8   0x080019c8   0x00000024   Code   RO         2005    i.SDIO_DeInit       stm32f10x_sdio.o
    0x080019ec   0x080019ec   0x0000000c   Code   RO         2006    i.SDIO_GetCommandResponse  stm32f10x_sdio.o
    0x080019f8   0x080019f8   0x00000018   Code   RO         2009    i.SDIO_GetFlagStatus  stm32f10x_sdio.o
    0x08001a10   0x08001a10   0x00000010   Code   RO         2011    i.SDIO_GetPowerState  stm32f10x_sdio.o
    0x08001a20   0x08001a20   0x00000018   Code   RO         2012    i.SDIO_GetResponse  stm32f10x_sdio.o
    0x08001a38   0x08001a38   0x00000008   Code   RO         3192    i.SDIO_IRQHandler   stm32f10x_it.o
    0x08001a40   0x08001a40   0x00000020   Code   RO         2013    i.SDIO_ITConfig     stm32f10x_sdio.o
    0x08001a60   0x08001a60   0x00000030   Code   RO         2014    i.SDIO_Init         stm32f10x_sdio.o
    0x08001a90   0x08001a90   0x00000040   Code   RO         3721    i.SDIO_NVIC_Configuration  bsp_sdio_sdcard.o
    0x08001ad0   0x08001ad0   0x0000000c   Code   RO         2015    i.SDIO_ReadData     stm32f10x_sdio.o
    0x08001adc   0x08001adc   0x0000002c   Code   RO         2017    i.SDIO_SendCommand  stm32f10x_sdio.o
    0x08001b08   0x08001b08   0x0000001c   Code   RO         2019    i.SDIO_SetPowerState  stm32f10x_sdio.o
    0x08001b24   0x08001b24   0x00000010   Code   RO         3722    i.SD_DMAEndOfTransferStatus  bsp_sdio_sdcard.o
    0x08001b34   0x08001b34   0x00000064   Code   RO         3723    i.SD_DMA_RxConfig   bsp_sdio_sdcard.o
    0x08001b98   0x08001b98   0x00000064   Code   RO         3724    i.SD_DMA_TxConfig   bsp_sdio_sdcard.o
    0x08001bfc   0x08001bfc   0x00000094   Code   RO         3726    i.SD_EnableWideBusOperation  bsp_sdio_sdcard.o
    0x08001c90   0x08001c90   0x000002cc   Code   RO         3728    i.SD_GetCardInfo    bsp_sdio_sdcard.o
    0x08001f5c   0x08001f5c   0x0000001a   Code   RO         3730    i.SD_GetState       bsp_sdio_sdcard.o
    0x08001f76   0x08001f76   0x0000001e   Code   RO         3731    i.SD_GetStatus      bsp_sdio_sdcard.o
    0x08001f94   0x08001f94   0x00000070   Code   RO         3733    i.SD_Init           bsp_sdio_sdcard.o
    0x08002004   0x08002004   0x0000013c   Code   RO         3734    i.SD_InitializeCards  bsp_sdio_sdcard.o
    0x08002140   0x08002140   0x00000188   Code   RO         3736    i.SD_PowerON        bsp_sdio_sdcard.o
    0x080022c8   0x080022c8   0x00000058   Code   RO         3737    i.SD_ProcessIRQSrc  bsp_sdio_sdcard.o
    0x08002320   0x08002320   0x000000dc   Code   RO         3738    i.SD_ReadBlock      bsp_sdio_sdcard.o
    0x080023fc   0x080023fc   0x000000e8   Code   RO         3739    i.SD_ReadMultiBlocks  bsp_sdio_sdcard.o
    0x080024e4   0x080024e4   0x00000034   Code   RO         3740    i.SD_SelectDeselect  bsp_sdio_sdcard.o
    0x08002518   0x08002518   0x00000038   Code   RO         3742    i.SD_SendStatus     bsp_sdio_sdcard.o
    0x08002550   0x08002550   0x00000034   Code   RO         3744    i.SD_WaitReadOperation  bsp_sdio_sdcard.o
    0x08002584   0x08002584   0x0000003c   Code   RO         3745    i.SD_WaitWriteOperation  bsp_sdio_sdcard.o
    0x080025c0   0x080025c0   0x000000dc   Code   RO         3746    i.SD_WriteBlock     bsp_sdio_sdcard.o
    0x0800269c   0x0800269c   0x00000148   Code   RO         3747    i.SD_WriteMultiBlocks  bsp_sdio_sdcard.o
    0x080027e4   0x080027e4   0x00000014   Code   RO         3657    i.Sd_fs_init        bsp_sdfs_app.o
    0x080027f8   0x080027f8   0x00000008   Code   RO           24    i.SetSysClock       system_stm32f10x.o
    0x08002800   0x08002800   0x000000e0   Code   RO           25    i.SetSysClockTo72   system_stm32f10x.o
    0x080028e0   0x080028e0   0x000000c0   Code   RO         4074    i.ShowTitleBar      test_framework.o
    0x080029a0   0x080029a0   0x00000008   Code   RO         3193    i.SysTick_Handler   stm32f10x_it.o
    0x080029a8   0x080029a8   0x00000060   Code   RO           27    i.SystemInit        system_stm32f10x.o
    0x08002a08   0x08002a08   0x0000007c   Code   RO         4076    i.TestFramework_EnterTest  test_framework.o
    0x08002a84   0x08002a84   0x0000000c   Code   RO         4078    i.TestFramework_GetMode  test_framework.o
    0x08002a90   0x08002a90   0x0000009c   Code   RO         4080    i.TestFramework_Init  test_framework.o
    0x08002b2c   0x08002b2c   0x0000001c   Code   RO         4081    i.TestFramework_NextTest  test_framework.o
    0x08002b48   0x08002b48   0x00000020   Code   RO         4082    i.TestFramework_PrevTest  test_framework.o
    0x08002b68   0x08002b68   0x0000007c   Code   RO         4083    i.TestFramework_Run  test_framework.o
    0x08002be4   0x08002be4   0x00000104   Code   RO         4084    i.TestFramework_SetMode  test_framework.o
    0x08002ce8   0x08002ce8   0x00000028   Code   RO         4086    i.TestFramework_Update  test_framework.o
    0x08002d10   0x08002d10   0x0000001a   Code   RO         4087    i.TestFramework_Update_Task  test_framework.o
    0x08002d2a   0x08002d2a   0x00000002   Code   RO         4088    i.Test_BMPBrowser_Exit  test_framework.o
    0x08002d2c   0x08002d2c   0x00000014   Code   RO         4089    i.Test_BMPBrowser_Init  test_framework.o
    0x08002d40   0x08002d40   0x00000078   Code   RO         4090    i.Test_BMPBrowser_Run  test_framework.o
    0x08002db8   0x08002db8   0x00000014   Code   RO         4091    i.Test_GrayScale_Init  test_framework.o
    0x08002dcc   0x08002dcc   0x00000070   Code   RO         4092    i.Test_GrayScale_Run  test_framework.o
    0x08002e3c   0x08002e3c   0x00000014   Code   RO         4093    i.Test_Shapes_Init  test_framework.o
    0x08002e50   0x08002e50   0x0000015c   Code   RO         4094    i.Test_Shapes_Run   test_framework.o
    0x08002fac   0x08002fac   0x00000014   Code   RO         4095    i.Test_SolidColor_Init  test_framework.o
    0x08002fc0   0x08002fc0   0x000000f8   Code   RO         4096    i.Test_SolidColor_Run  test_framework.o
    0x080030b8   0x080030b8   0x00000014   Code   RO         4097    i.Test_Text_Init    test_framework.o
    0x080030cc   0x080030cc   0x00000168   Code   RO         4098    i.Test_Text_Run     test_framework.o
    0x08003234   0x08003234   0x00000018   Code   RO         2878    i.USART_Cmd         stm32f10x_usart.o
    0x0800324c   0x0800324c   0x0000001a   Code   RO         2881    i.USART_GetFlagStatus  stm32f10x_usart.o
    0x08003266   0x08003266   0x0000004a   Code   RO         2884    i.USART_ITConfig    stm32f10x_usart.o
    0x080032b0   0x080032b0   0x000000d8   Code   RO         2885    i.USART_Init        stm32f10x_usart.o
    0x08003388   0x08003388   0x00000008   Code   RO         2895    i.USART_SendData    stm32f10x_usart.o
    0x08003390   0x08003390   0x0000008c   Code   RO         3955    i.USARTx_Config     bsp_usart1.o
    0x0800341c   0x0800341c   0x00000004   Code   RO         3194    i.UsageFault_Handler  stm32f10x_it.o
    0x08003420   0x08003420   0x00000020   Code   RO         5548    i.__0printf$8       mc_w.l(printf8.o)
    0x08003440   0x08003440   0x00000028   Code   RO         5550    i.__0sprintf$8      mc_w.l(printf8.o)
    0x08003468   0x08003468   0x0000000e   Code   RO         5654    i.__scatterload_copy  mc_w.l(handlers.o)
    0x08003476   0x08003476   0x00000002   Code   RO         5655    i.__scatterload_null  mc_w.l(handlers.o)
    0x08003478   0x08003478   0x0000000e   Code   RO         5656    i.__scatterload_zeroinit  mc_w.l(handlers.o)
    0x08003486   0x08003486   0x00000002   PAD
    0x08003488   0x08003488   0x00000404   Code   RO         5555    i._printf_core      mc_w.l(printf8.o)
    0x0800388c   0x0800388c   0x00000024   Code   RO         5556    i._printf_post_padding  mc_w.l(printf8.o)
    0x080038b0   0x080038b0   0x0000002e   Code   RO         5557    i._printf_pre_padding  mc_w.l(printf8.o)
    0x080038de   0x080038de   0x0000000a   Code   RO         5559    i._sputc            mc_w.l(printf8.o)
    0x080038e8   0x080038e8   0x00000090   Code   RO         4368    i.check_fs          ff.o
    0x08003978   0x08003978   0x00000014   Code   RO         4369    i.chk_chr           ff.o
    0x0800398c   0x0800398c   0x00000394   Code   RO         4370    i.chk_mounted       ff.o
    0x08003d20   0x08003d20   0x0000001a   Code   RO         4371    i.clust2sect        ff.o
    0x08003d3a   0x08003d3a   0x00000002   PAD
    0x08003d3c   0x08003d3c   0x00000090   Code   RO         4372    i.cmp_lfn           ff.o
    0x08003dcc   0x08003dcc   0x00000008   Code   RO         3454    i.comm_out          bsp_ili9341_lcd.o
    0x08003dd4   0x08003dd4   0x000000ca   Code   RO         4373    i.create_chain      ff.o
    0x08003e9e   0x08003e9e   0x00000002   PAD
    0x08003ea0   0x08003ea0   0x00000270   Code   RO         4374    i.create_name       ff.o
    0x08004110   0x08004110   0x0000000c   Code   RO         3455    i.data_out          bsp_ili9341_lcd.o
    0x0800411c   0x0800411c   0x000000de   Code   RO         4375    i.dir_find          ff.o
    0x080041fa   0x080041fa   0x00000118   Code   RO         4376    i.dir_next          ff.o
    0x08004312   0x08004312   0x0000018c   Code   RO         4378    i.dir_register      ff.o
    0x0800449e   0x0800449e   0x0000009c   Code   RO         4379    i.dir_sdi           ff.o
    0x0800453a   0x0800453a   0x0000001a   Code   RO         4314    i.disk_initialize   diskio.o
    0x08004554   0x08004554   0x00000006   Code   RO         4315    i.disk_ioctl        diskio.o
    0x0800455a   0x0800455a   0x00000002   PAD
    0x0800455c   0x0800455c   0x00000094   Code   RO         4316    i.disk_read         diskio.o
    0x080045f0   0x080045f0   0x00000006   Code   RO         4317    i.disk_status       diskio.o
    0x080045f6   0x080045f6   0x00000002   PAD
    0x080045f8   0x080045f8   0x00000094   Code   RO         4318    i.disk_write        diskio.o
    0x0800468c   0x0800468c   0x0000004e   Code   RO         3457    i.disp_gray         bsp_ili9341_lcd.o
    0x080046da   0x080046da   0x00000016   Code   RO         4380    i.f_close           ff.o
    0x080046f0   0x080046f0   0x000001b0   Code   RO         4381    i.f_lseek           ff.o
    0x080048a0   0x080048a0   0x0000002c   Code   RO         4382    i.f_mount           ff.o
    0x080048cc   0x080048cc   0x00000174   Code   RO         4383    i.f_open            ff.o
    0x08004a40   0x08004a40   0x000001ce   Code   RO         4385    i.f_read            ff.o
    0x08004c0e   0x08004c0e   0x000000b8   Code   RO         4387    i.f_sync            ff.o
    0x08004cc6   0x08004cc6   0x00000002   PAD
    0x08004cc8   0x08004cc8   0x0000007c   Code   RO         4570    i.ff_convert        cc936.o
    0x08004d44   0x08004d44   0x00000038   Code   RO         4571    i.ff_wtoupper       cc936.o
    0x08004d7c   0x08004d7c   0x00000080   Code   RO         4389    i.fit_lfn           ff.o
    0x08004dfc   0x08004dfc   0x0000009e   Code   RO         4390    i.follow_path       ff.o
    0x08004e9a   0x08004e9a   0x00000002   PAD
    0x08004e9c   0x08004e9c   0x00000024   Code   RO         3957    i.fputc             bsp_usart1.o
    0x08004ec0   0x08004ec0   0x000000be   Code   RO         4391    i.gen_numname       ff.o
    0x08004f7e   0x08004f7e   0x000000e4   Code   RO         4392    i.get_fat           ff.o
    0x08005062   0x08005062   0x00000004   Code   RO         4319    i.get_fattime       diskio.o
    0x08005066   0x08005066   0x00000002   PAD
    0x08005068   0x08005068   0x0000009c   Code   RO         3109    i.main              main.o
    0x08005104   0x08005104   0x00000026   Code   RO         4394    i.mem_cmp           ff.o
    0x0800512a   0x0800512a   0x0000001a   Code   RO         4395    i.mem_cpy           ff.o
    0x08005144   0x08005144   0x00000014   Code   RO         4396    i.mem_set           ff.o
    0x08005158   0x08005158   0x00000072   Code   RO         4397    i.move_window       ff.o
    0x080051ca   0x080051ca   0x00000002   PAD
    0x080051cc   0x080051cc   0x0000007c   Code   RO         4893    i.prvAddCurrentTaskToDelayedList  tasks.o
    0x08005248   0x08005248   0x000000b0   Code   RO         4894    i.prvAddNewTaskToReadyList  tasks.o
    0x080052f8   0x080052f8   0x00000064   Code   RO         4895    i.prvCheckTasksWaitingTermination  tasks.o
    0x0800535c   0x0800535c   0x00000012   Code   RO         4896    i.prvDeleteTCB      tasks.o
    0x0800536e   0x0800536e   0x00000002   PAD
    0x08005370   0x08005370   0x0000007c   Code   RO         5200    i.prvHeapInit       heap_4.o
    0x080053ec   0x080053ec   0x00000028   Code   RO         4897    i.prvIdleTask       tasks.o
    0x08005414   0x08005414   0x000000d4   Code   RO         4898    i.prvInitialiseNewTask  tasks.o
    0x080054e8   0x080054e8   0x00000068   Code   RO         4899    i.prvInitialiseTaskLists  tasks.o
    0x08005550   0x08005550   0x00000068   Code   RO         5201    i.prvInsertBlockIntoFreeList  heap_4.o
    0x080055b8   0x080055b8   0x00000034   Code   RO         4900    i.prvResetNextTaskUnblockTime  tasks.o
    0x080055ec   0x080055ec   0x00000064   Code   RO         5250    i.prvTaskExitError  port.o
    0x08005650   0x08005650   0x00000136   Code   RO         4399    i.put_fat           ff.o
    0x08005786   0x08005786   0x00000002   PAD
    0x08005788   0x08005788   0x00000150   Code   RO         5202    i.pvPortMalloc      heap_4.o
    0x080058d8   0x080058d8   0x00000024   Code   RO         5251    i.pxPortInitialiseStack  port.o
    0x080058fc   0x080058fc   0x00000068   Code   RO         4400    i.remove_chain      ff.o
    0x08005964   0x08005964   0x00000002   Code   RO         3365    i.showBmpHead       bsp_bmp.o
    0x08005966   0x08005966   0x00000002   Code   RO         3366    i.showBmpInforHead  bsp_bmp.o
    0x08005968   0x08005968   0x00000020   Code   RO         4401    i.sum_sfn           ff.o
    0x08005988   0x08005988   0x000000ca   Code   RO         4402    i.sync              ff.o
    0x08005a52   0x08005a52   0x00000028   Code   RO         4708    i.uxListRemove      list.o
    0x08005a7a   0x08005a7a   0x0000001a   Code   RO         4709    i.vListInitialise   list.o
    0x08005a94   0x08005a94   0x00000006   Code   RO         4710    i.vListInitialiseItem  list.o
    0x08005a9a   0x08005a9a   0x00000034   Code   RO         4711    i.vListInsert       list.o
    0x08005ace   0x08005ace   0x00000018   Code   RO         4712    i.vListInsertEnd    list.o
    0x08005ae6   0x08005ae6   0x00000002   PAD
    0x08005ae8   0x08005ae8   0x0000007c   Code   RO         5253    i.vPortEnterCritical  port.o
    0x08005b64   0x08005b64   0x00000064   Code   RO         5254    i.vPortExitCritical  port.o
    0x08005bc8   0x08005bc8   0x000000b4   Code   RO         5203    i.vPortFree         heap_4.o
    0x08005c7c   0x08005c7c   0x00000020   Code   RO         5255    i.vPortSetupTimerInterrupt  port.o
    0x08005c9c   0x08005c9c   0x0000007c   Code   RO         4909    i.vTaskDelay        tasks.o
    0x08005d18   0x08005d18   0x000000e4   Code   RO         4910    i.vTaskDelayUntil   tasks.o
    0x08005dfc   0x08005dfc   0x000000ac   Code   RO         4920    i.vTaskStartScheduler  tasks.o
    0x08005ea8   0x08005ea8   0x00000010   Code   RO         4922    i.vTaskSuspendAll   tasks.o
    0x08005eb8   0x08005eb8   0x000000b4   Code   RO         4923    i.vTaskSwitchContext  tasks.o
    0x08005f6c   0x08005f6c   0x0000002a   Code   RO         4403    i.validate          ff.o
    0x08005f96   0x08005f96   0x00000002   PAD
    0x08005f98   0x08005f98   0x000000a0   Code   RO         5257    i.xPortStartScheduler  port.o
    0x08006038   0x08006038   0x00000034   Code   RO         5258    i.xPortSysTickHandler  port.o
    0x0800606c   0x0800606c   0x00000060   Code   RO         4925    i.xTaskCreate       tasks.o
    0x080060cc   0x080060cc   0x0000000c   Code   RO         4930    i.xTaskGetTickCount  tasks.o
    0x080060d8   0x080060d8   0x00000168   Code   RO         4932    i.xTaskIncrementTick  tasks.o
    0x08006240   0x08006240   0x00000124   Code   RO         4937    i.xTaskResumeAll    tasks.o
    0x08006364   0x08006364   0x000005f0   Data   RO         3459    .constdata          bsp_ili9341_lcd.o
    0x08006954   0x08006954   0x0000009a   Data   RO         4100    .constdata          test_framework.o
    0x080069ee   0x080069ee   0x0000000d   Data   RO         4404    .constdata          ff.o
    0x080069fb   0x080069fb   0x00000001   PAD
    0x080069fc   0x080069fc   0x0002acc8   Data   RO         4572    .constdata          cc936.o
    0x080316c4   0x080316c4   0x00000090   Data   RO         4101    .conststring        test_framework.o
    0x08031754   0x08031754   0x00000020   Data   RO         5652    Region$$Table       anon$$obj.o


    Execution Region RW_IRAM1 (Exec base: 0x20000000, Load base: 0x08031774, Size: 0x0000ae00, Max: 0x00010000, ABSOLUTE)

    Exec Addr    Load Addr    Size         Type   Attr      Idx    E Section Name        Object

    0x20000000   0x08031774   0x00000014   Data   RW           28    .data               system_stm32f10x.o
    0x20000014   0x08031788   0x00000014   Data   RW         1738    .data               stm32f10x_rcc.o
    0x20000028   0x0803179c   0x00000001   Data   RW         3368    .data               bsp_bmp.o
    0x20000029   0x0803179d   0x00000001   Data   RW         3634    .data               bsp_key.o
    0x2000002a   0x0803179e   0x00000002   PAD
    0x2000002c   0x080317a0   0x00000014   Data   RW         3750    .data               bsp_sdio_sdcard.o
    0x20000040   0x080317b4   0x00000031   Data   RW         3998    .data               bsp_xpt2046_lcd.o
    0x20000071   0x080317e5   0x00000003   PAD
    0x20000074   0x080317e8   0x00000038   Data   RW         4102    .data               test_framework.o
    0x200000ac   0x08031820   0x00000006   Data   RW         4405    .data               ff.o
    0x200000b2   0x08031826   0x00000002   PAD
    0x200000b4   0x08031828   0x0000003c   Data   RW         4940    .data               tasks.o
    0x200000f0   0x08031864   0x00000018   Data   RW         5208    .data               heap_4.o
    0x20000108   0x0803187c   0x0000000c   Data   RW         5259    .data               port.o
    0x20000114   0x08031888   0x00000004   Data   RW         5632    .data               mc_w.l(stdout.o)
    0x20000118        -       0x00000cb0   Zero   RW         3367    .bss                bsp_bmp.o
    0x20000dc8        -       0x00000ca8   Zero   RW         3662    .bss                bsp_sdfs_app.o
    0x20001a70        -       0x000000c4   Zero   RW         3749    .bss                bsp_sdio_sdcard.o
    0x20001b34        -       0x00000200   Zero   RW         4320    .bss                diskio.o
    0x20001d34        -       0x000000c8   Zero   RW         4939    .bss                tasks.o
    0x20001dfc        -       0x00008c00   Zero   RW         5207    .bss                heap_4.o
    0x2000a9fc   0x0803188c   0x00000004   PAD
    0x2000aa00        -       0x00000400   Zero   RW            1    STACK               startup_stm32f10x_hd.o


==============================================================================

Image component sizes


      Code (inc. data)   RO Data    RW Data    ZI Data      Debug   Object Name

         0          0          0          0          0       4952   bmp_browser.o
       756         20          0          1       3248       6281   bsp_bmp.o
      2162         40       1520          0          0      14739   bsp_ili9341_lcd.o
       266         14          0          1          0       1701   bsp_key.o
        20          4          0          0       3240       4124   bsp_sdfs_app.o
      4552        342          0         20        196      29121   bsp_sdio_sdcard.o
       176         12          0          0          0       1156   bsp_usart1.o
         0          0          0         49          0       2991   bsp_xpt2046_lcd.o
       180         18     175304          0          0       2527   cc936.o
         0          0          0          0          0       4580   core_cm3.o
       338          8          0          0        512       5703   diskio.o
         0          0          0          0          0       1528   event_groups.o
      6238         62         13          6          0      26400   ff.o
       744        168          0         24      35840       3763   heap_4.o
       148          0          0          0          0       3062   list.o
       156         94          0          0          0      13295   main.o
       132         22          0          0          0       1507   misc.o
       754        210          0         12          0       8736   port.o
        36          8        304          0       1024        852   startup_stm32f10x_hd.o
       156         18          0          0          0       3857   stm32f10x_dma.o
        52         12          0          0          0       1108   stm32f10x_exti.o
       282          6          0          0          0       1785   stm32f10x_fsmc.o
       304          0          0          0          0       3604   stm32f10x_gpio.o
        64          4          0          0          0       9776   stm32f10x_it.o
       276         32          0         20          0       4381   stm32f10x_rcc.o
       372         86          0          0          0       9511   stm32f10x_sdio.o
       348          6          0          0          0       4793   stm32f10x_usart.o
       328         28          0         20          0     257285   system_stm32f10x.o
      2306        592          0         60        200      22279   tasks.o
      2446        676        298         56          0      18410   test_framework.o

    ----------------------------------------------------------------------
     23624       2482     177472        276      44264     473807   Object Totals
         0          0         32          0          0          0   (incl. Generated)
        32          0          1          7          4          0   (incl. Padding)

    ----------------------------------------------------------------------

      Code (inc. data)   RO Data    RW Data    ZI Data      Debug   Library Member Name

         0          0          0          0          0          0   entry.o
         0          0          0          0          0          0   entry10a.o
         0          0          0          0          0          0   entry11a.o
         4          0          0          0          0          0   entry12b.o
         8          4          0          0          0          0   entry2.o
         4          0          0          0          0          0   entry5.o
         0          0          0          0          0          0   entry7b.o
         0          0          0          0          0          0   entry8b.o
         8          4          0          0          0          0   entry9a.o
        30          0          0          0          0          0   handlers.o
        36          8          0          0          0         68   init.o
        30          0          0          0          0         68   llshl.o
        32          0          0          0          0         68   llushr.o
        36          0          0          0          0         68   memcpya.o
        36          0          0          0          0        108   memseta.o
      1192         60          0          0          0        504   printf8.o
         0          0          0          4          0          0   stdout.o
        98          0          0          0          0         92   uldiv.o

    ----------------------------------------------------------------------
      1516         76          0          4          0        976   Library Totals
         2          0          0          0          0          0   (incl. Padding)

    ----------------------------------------------------------------------

      Code (inc. data)   RO Data    RW Data    ZI Data      Debug   Library Name

      1514         76          0          4          0        976   mc_w.l

    ----------------------------------------------------------------------
      1516         76          0          4          0        976   Library Totals

    ----------------------------------------------------------------------

==============================================================================


      Code (inc. data)   RO Data    RW Data    ZI Data      Debug   

     25140       2558     177472        280      44264     464067   Grand Totals
     25140       2558     177472        280      44264     464067   ELF Image Totals
     25140       2558     177472        280          0          0   ROM Totals

==============================================================================

    Total RO  Size (Code + RO Data)               202612 ( 197.86kB)
    Total RW  Size (RW Data + ZI Data)             44544 (  43.50kB)
    Total ROM Size (Code + RO Data + RW Data)     202892 ( 198.14kB)

==============================================================================

