Component: ARM Compiler 5.06 update 7 (build 960) Tool: armlink [4d3601]

==============================================================================

Section Cross References

    startup_stm32f10x_hd.o(RESET) refers to startup_stm32f10x_hd.o(STACK) for __initial_sp
    startup_stm32f10x_hd.o(RESET) refers to startup_stm32f10x_hd.o(.text) for Reset_Handler
    startup_stm32f10x_hd.o(RESET) refers to stm32f10x_it.o(i.NMI_Handler) for NMI_Handler
    startup_stm32f10x_hd.o(RESET) refers to stm32f10x_it.o(i.HardFault_Handler) for HardFault_Handler
    startup_stm32f10x_hd.o(RESET) refers to stm32f10x_it.o(i.MemManage_Handler) for MemManage_Handler
    startup_stm32f10x_hd.o(RESET) refers to stm32f10x_it.o(i.BusFault_Handler) for BusFault_Handler
    startup_stm32f10x_hd.o(RESET) refers to stm32f10x_it.o(i.UsageFault_Handler) for UsageFault_Handler
    startup_stm32f10x_hd.o(RESET) refers to port.o(.emb_text) for SVC_Handler
    startup_stm32f10x_hd.o(RESET) refers to stm32f10x_it.o(i.DebugMon_Handler) for DebugMon_Handler
    startup_stm32f10x_hd.o(RESET) refers to stm32f10x_it.o(i.SysTick_Handler) for SysTick_Handler
    startup_stm32f10x_hd.o(RESET) refers to stm32f10x_it.o(i.EXTI4_IRQHandler) for EXTI4_IRQHandler
    startup_stm32f10x_hd.o(RESET) refers to stm32f10x_it.o(i.SDIO_IRQHandler) for SDIO_IRQHandler
    startup_stm32f10x_hd.o(.text) refers to system_stm32f10x.o(i.SystemInit) for SystemInit
    startup_stm32f10x_hd.o(.text) refers to entry.o(.ARM.Collect$$$$00000000) for __main
    system_stm32f10x.o(i.SetSysClock) refers to system_stm32f10x.o(i.SetSysClockTo72) for SetSysClockTo72
    system_stm32f10x.o(i.SystemCoreClockUpdate) refers to system_stm32f10x.o(.data) for SystemCoreClock
    system_stm32f10x.o(i.SystemInit) refers to system_stm32f10x.o(i.SetSysClock) for SetSysClock
    stm32f10x_adc.o(i.ADC_DeInit) refers to stm32f10x_rcc.o(i.RCC_APB2PeriphResetCmd) for RCC_APB2PeriphResetCmd
    stm32f10x_bkp.o(i.BKP_DeInit) refers to stm32f10x_rcc.o(i.RCC_BackupResetCmd) for RCC_BackupResetCmd
    stm32f10x_can.o(i.CAN_DeInit) refers to stm32f10x_rcc.o(i.RCC_APB1PeriphResetCmd) for RCC_APB1PeriphResetCmd
    stm32f10x_can.o(i.CAN_GetITStatus) refers to stm32f10x_can.o(i.CheckITStatus) for CheckITStatus
    stm32f10x_cec.o(i.CEC_DeInit) refers to stm32f10x_rcc.o(i.RCC_APB1PeriphResetCmd) for RCC_APB1PeriphResetCmd
    stm32f10x_dac.o(i.DAC_DeInit) refers to stm32f10x_rcc.o(i.RCC_APB1PeriphResetCmd) for RCC_APB1PeriphResetCmd
    stm32f10x_flash.o(i.FLASH_EnableWriteProtection) refers to stm32f10x_flash.o(i.FLASH_WaitForLastOperation) for FLASH_WaitForLastOperation
    stm32f10x_flash.o(i.FLASH_EraseAllBank1Pages) refers to stm32f10x_flash.o(i.FLASH_WaitForLastBank1Operation) for FLASH_WaitForLastBank1Operation
    stm32f10x_flash.o(i.FLASH_EraseAllPages) refers to stm32f10x_flash.o(i.FLASH_WaitForLastOperation) for FLASH_WaitForLastOperation
    stm32f10x_flash.o(i.FLASH_EraseOptionBytes) refers to stm32f10x_flash.o(i.FLASH_GetReadOutProtectionStatus) for FLASH_GetReadOutProtectionStatus
    stm32f10x_flash.o(i.FLASH_EraseOptionBytes) refers to stm32f10x_flash.o(i.FLASH_WaitForLastOperation) for FLASH_WaitForLastOperation
    stm32f10x_flash.o(i.FLASH_ErasePage) refers to stm32f10x_flash.o(i.FLASH_WaitForLastOperation) for FLASH_WaitForLastOperation
    stm32f10x_flash.o(i.FLASH_ProgramHalfWord) refers to stm32f10x_flash.o(i.FLASH_WaitForLastOperation) for FLASH_WaitForLastOperation
    stm32f10x_flash.o(i.FLASH_ProgramOptionByteData) refers to stm32f10x_flash.o(i.FLASH_WaitForLastOperation) for FLASH_WaitForLastOperation
    stm32f10x_flash.o(i.FLASH_ProgramWord) refers to stm32f10x_flash.o(i.FLASH_WaitForLastOperation) for FLASH_WaitForLastOperation
    stm32f10x_flash.o(i.FLASH_ReadOutProtection) refers to stm32f10x_flash.o(i.FLASH_WaitForLastOperation) for FLASH_WaitForLastOperation
    stm32f10x_flash.o(i.FLASH_UserOptionByteConfig) refers to stm32f10x_flash.o(i.FLASH_WaitForLastOperation) for FLASH_WaitForLastOperation
    stm32f10x_flash.o(i.FLASH_WaitForLastBank1Operation) refers to stm32f10x_flash.o(i.FLASH_GetBank1Status) for FLASH_GetBank1Status
    stm32f10x_flash.o(i.FLASH_WaitForLastOperation) refers to stm32f10x_flash.o(i.FLASH_GetBank1Status) for FLASH_GetBank1Status
    stm32f10x_gpio.o(i.GPIO_AFIODeInit) refers to stm32f10x_rcc.o(i.RCC_APB2PeriphResetCmd) for RCC_APB2PeriphResetCmd
    stm32f10x_gpio.o(i.GPIO_DeInit) refers to stm32f10x_rcc.o(i.RCC_APB2PeriphResetCmd) for RCC_APB2PeriphResetCmd
    stm32f10x_i2c.o(i.I2C_DeInit) refers to stm32f10x_rcc.o(i.RCC_APB1PeriphResetCmd) for RCC_APB1PeriphResetCmd
    stm32f10x_i2c.o(i.I2C_Init) refers to stm32f10x_rcc.o(i.RCC_GetClocksFreq) for RCC_GetClocksFreq
    stm32f10x_pwr.o(i.PWR_DeInit) refers to stm32f10x_rcc.o(i.RCC_APB1PeriphResetCmd) for RCC_APB1PeriphResetCmd
    stm32f10x_rcc.o(i.RCC_GetClocksFreq) refers to stm32f10x_rcc.o(.data) for APBAHBPrescTable
[...]
    i.TestFramework_Update_Task              0x08003328   Section        0  test_framework.o(i.TestFramework_Update_Task)
    TestFramework_Update_Task                0x08003329   Thumb Code    26  test_framework.o(i.TestFramework_Update_Task)
    i.Test_BMPBrowser_Exit                   0x08003342   Section        0  test_framework.o(i.Test_BMPBrowser_Exit)
    i.Test_BMPBrowser_Init                   0x08003344   Section        0  test_framework.o(i.Test_BMPBrowser_Init)
    i.Test_BMPBrowser_Run                    0x08003358   Section        0  test_framework.o(i.Test_BMPBrowser_Run)
    i.Test_GrayScale_Init                    0x080033d0   Section        0  test_framework.o(i.Test_GrayScale_Init)
    i.Test_GrayScale_Run                     0x080033e4   Section        0  test_framework.o(i.Test_GrayScale_Run)
    i.Test_Shapes_Init                       0x08003454   Section        0  test_framework.o(i.Test_Shapes_Init)
    i.Test_Shapes_Run                        0x08003468   Section        0  test_framework.o(i.Test_Shapes_Run)
    i.Test_SolidColor_Init                   0x080035c0   Section        0  test_framework.o(i.Test_SolidColor_Init)
    i.Test_SolidColor_Run                    0x080035d4   Section        0  test_framework.o(i.Test_SolidColor_Run)
    i.Test_Text_Init                         0x080036c8   Section        0  test_framework.o(i.Test_Text_Init)
    i.Test_Text_Run                          0x080036dc   Section        0  test_framework.o(i.Test_Text_Run)
    i.USART_Cmd                              0x08003844   Section        0  stm32f10x_usart.o(i.USART_Cmd)
    i.USART_GetFlagStatus                    0x0800385c   Section        0  stm32f10x_usart.o(i.USART_GetFlagStatus)
    i.USART_ITConfig                         0x08003876   Section        0  stm32f10x_usart.o(i.USART_ITConfig)
    i.USART_Init                             0x080038c0   Section        0  stm32f10x_usart.o(i.USART_Init)
    i.USART_SendData                         0x08003998   Section        0  stm32f10x_usart.o(i.USART_SendData)
    i.USARTx_Config                          0x080039a0   Section        0  bsp_usart1.o(i.USARTx_Config)
    i.UsageFault_Handler                     0x08003a2c   Section        0  stm32f10x_it.o(i.UsageFault_Handler)
    i.__0printf$8                            0x08003a30   Section        0  printf8.o(i.__0printf$8)
    i.__0sprintf$8                           0x08003a50   Section        0  printf8.o(i.__0sprintf$8)
    i.__scatterload_copy                     0x08003a78   Section       14  handlers.o(i.__scatterload_copy)
    i.__scatterload_null                     0x08003a86   Section        2  handlers.o(i.__scatterload_null)
    i.__scatterload_zeroinit                 0x08003a88   Section       14  handlers.o(i.__scatterload_zeroinit)
    i._printf_core                           0x08003a98   Section        0  printf8.o(i._printf_core)
    _printf_core                             0x08003a99   Thumb Code   984  printf8.o(i._printf_core)
    i._printf_post_padding                   0x08003e9c   Section        0  printf8.o(i._printf_post_padding)
    _printf_post_padding                     0x08003e9d   Thumb Code    36  printf8.o(i._printf_post_padding)
    i._printf_pre_padding                    0x08003ec0   Section        0  printf8.o(i._printf_pre_padding)
    _printf_pre_padding                      0x08003ec1   Thumb Code    46  printf8.o(i._printf_pre_padding)
    i._sputc                                 0x08003eee   Section        0  printf8.o(i._sputc)
    _sputc                                   0x08003eef   Thumb Code    10  printf8.o(i._sputc)
    i.check_fs                               0x08003ef8   Section        0  ff.o(i.check_fs)
    check_fs                                 0x08003ef9   Thumb Code   138  ff.o(i.check_fs)
    i.chk_chr                                0x08003f88   Section        0  ff.o(i.chk_chr)
    chk_chr                                  0x08003f89   Thumb Code    20  ff.o(i.chk_chr)
    i.chk_mounted                            0x08003f9c   Section        0  ff.o(i.chk_mounted)
    chk_mounted                              0x08003f9d   Thumb Code   898  ff.o(i.chk_mounted)
    i.clealddram                             0x08004330   Section        0  bsp_st75161_lcd.o(i.clealddram)
    i.clear_ICON_DDRAM                       0x0800438a   Section        0  bsp_st75161_lcd.o(i.clear_ICON_DDRAM)
    i.clust2sect                             0x080043c8   Section        0  ff.o(i.clust2sect)
    i.cmp_lfn                                0x080043e4   Section        0  ff.o(i.cmp_lfn)
    cmp_lfn                                  0x080043e5   Thumb Code   138  ff.o(i.cmp_lfn)
    i.comm_out                               0x08004474   Section        0  bsp_st75161_lcd.o(i.comm_out)
    i.create_chain                           0x080044a4   Section        0  ff.o(i.create_chain)
    create_chain                             0x080044a5   Thumb Code   202  ff.o(i.create_chain)
    i.create_name                            0x08004570   Section        0  ff.o(i.create_name)
    create_name                              0x08004571   Thumb Code   604  ff.o(i.create_name)
    i.data_out                               0x080047e0   Section        0  bsp_st75161_lcd.o(i.data_out)
    i.dir_find                               0x08004858   Section        0  ff.o(i.dir_find)
    dir_find                                 0x08004859   Thumb Code   222  ff.o(i.dir_find)
    i.dir_next                               0x08004936   Section        0  ff.o(i.dir_next)
    dir_next                                 0x08004937   Thumb Code   280  ff.o(i.dir_next)
    i.dir_register                           0x08004a4e   Section        0  ff.o(i.dir_register)
    dir_register                             0x08004a4f   Thumb Code   396  ff.o(i.dir_register)
    i.dir_sdi                                0x08004bda   Section        0  ff.o(i.dir_sdi)
    dir_sdi                                  0x08004bdb   Thumb Code   156  ff.o(i.dir_sdi)
    i.disk_initialize                        0x08004c76   Section        0  diskio.o(i.disk_initialize)
    i.disk_ioctl                             0x08004c90   Section        0  diskio.o(i.disk_ioctl)
    i.disk_read                              0x08004c98   Section        0  diskio.o(i.disk_read)
    i.disk_status                            0x08004d2c   Section        0  diskio.o(i.disk_status)
    i.disk_write                             0x08004d34   Section        0  diskio.o(i.disk_write)
    i.disp_gray                              0x08004dc8   Section        0  bsp_st75161_lcd.o(i.disp_gray)
    i.f_close                                0x08004e14   Section        0  ff.o(i.f_close)
    i.f_lseek                                0x08004e2a   Section        0  ff.o(i.f_lseek)
    i.f_mount                                0x08004fdc   Section        0  ff.o(i.f_mount)
    i.f_open                                 0x08005008   Section        0  ff.o(i.f_open)
    i.f_read                                 0x0800517c   Section        0  ff.o(i.f_read)
    i.f_sync                                 0x0800534a   Section        0  ff.o(i.f_sync)
    i.ff_convert                             0x08005404   Section        0  cc936.o(i.ff_convert)
    i.ff_wtoupper                            0x08005480   Section        0  cc936.o(i.ff_wtoupper)
    i.fit_lfn                                0x080054b8   Section        0  ff.o(i.fit_lfn)
    fit_lfn                                  0x080054b9   Thumb Code   122  ff.o(i.fit_lfn)
    i.follow_path                            0x08005538   Section        0  ff.o(i.follow_path)
    follow_path                              0x08005539   Thumb Code   158  ff.o(i.follow_path)
    i.fputc                                  0x080055d8   Section        0  bsp_usart1.o(i.fputc)
    i.free                                   0x080055fc   Section        0  malloc.o(i.free)
    i.gen_numname                            0x0800564c   Section        0  ff.o(i.gen_numname)
    i.get_fat                                0x0800570a   Section        0  ff.o(i.get_fat)
    i.get_fattime                            0x080057ee   Section        0  diskio.o(i.get_fattime)
    i.main                                   0x080057f4   Section        0  main.o(i.main)
    i.malloc                                 0x08005890   Section        0  malloc.o(i.malloc)
    i.mem_cmp                                0x080058fc   Section        0  ff.o(i.mem_cmp)
    mem_cmp                                  0x080058fd   Thumb Code    38  ff.o(i.mem_cmp)
    i.mem_cpy                                0x08005922   Section        0  ff.o(i.mem_cpy)
    mem_cpy                                  0x08005923   Thumb Code    26  ff.o(i.mem_cpy)
    i.mem_set                                0x0800593c   Section        0  ff.o(i.mem_set)
    mem_set                                  0x0800593d   Thumb Code    20  ff.o(i.mem_set)
    i.move_window                            0x08005950   Section        0  ff.o(i.move_window)
    move_window                              0x08005951   Thumb Code   114  ff.o(i.move_window)
    i.prvAddCurrentTaskToDelayedList         0x080059c4   Section        0  tasks.o(i.prvAddCurrentTaskToDelayedList)
    prvAddCurrentTaskToDelayedList           0x080059c5   Thumb Code   100  tasks.o(i.prvAddCurrentTaskToDelayedList)
    i.prvAddNewTaskToReadyList               0x08005a40   Section        0  tasks.o(i.prvAddNewTaskToReadyList)
    prvAddNewTaskToReadyList                 0x08005a41   Thumb Code   148  tasks.o(i.prvAddNewTaskToReadyList)
    i.prvCheckTasksWaitingTermination        0x08005af0   Section        0  tasks.o(i.prvCheckTasksWaitingTermination)
    prvCheckTasksWaitingTermination          0x08005af1   Thumb Code    86  tasks.o(i.prvCheckTasksWaitingTermination)
    i.prvDeleteTCB                           0x08005b54   Section        0  tasks.o(i.prvDeleteTCB)
    prvDeleteTCB                             0x08005b55   Thumb Code    18  tasks.o(i.prvDeleteTCB)
    i.prvHeapInit                            0x08005b68   Section        0  heap_4.o(i.prvHeapInit)
    prvHeapInit                              0x08005b69   Thumb Code    98  heap_4.o(i.prvHeapInit)
    i.prvIdleTask                            0x08005be4   Section        0  tasks.o(i.prvIdleTask)
    prvIdleTask                              0x08005be5   Thumb Code    32  tasks.o(i.prvIdleTask)
    i.prvInitialiseNewTask                   0x08005c0c   Section        0  tasks.o(i.prvInitialiseNewTask)
    prvInitialiseNewTask                     0x08005c0d   Thumb Code   168  tasks.o(i.prvInitialiseNewTask)
    i.prvInitialiseTaskLists                 0x08005ce0   Section        0  tasks.o(i.prvInitialiseTaskLists)
    prvInitialiseTaskLists                   0x08005ce1   Thumb Code    70  tasks.o(i.prvInitialiseTaskLists)
    i.prvInsertBlockIntoFreeList             0x08005d48   Section        0  heap_4.o(i.prvInsertBlockIntoFreeList)
    prvInsertBlockIntoFreeList               0x08005d49   Thumb Code    96  heap_4.o(i.prvInsertBlockIntoFreeList)
    i.prvResetNextTaskUnblockTime            0x08005db0   Section        0  tasks.o(i.prvResetNextTaskUnblockTime)
    prvResetNextTaskUnblockTime              0x08005db1   Thumb Code    42  tasks.o(i.prvResetNextTaskUnblockTime)
    i.prvTaskExitError                       0x08005de4   Section        0  port.o(i.prvTaskExitError)
    prvTaskExitError                         0x08005de5   Thumb Code    48  port.o(i.prvTaskExitError)
    i.put_fat                                0x08005e48   Section        0  ff.o(i.put_fat)
    i.pvPortMalloc                           0x08005f80   Section        0  heap_4.o(i.pvPortMalloc)
    i.pxPortInitialiseStack                  0x080060d0   Section        0  port.o(i.pxPortInitialiseStack)
    i.remove_chain                           0x080060f4   Section        0  ff.o(i.remove_chain)
    remove_chain                             0x080060f5   Thumb Code   104  ff.o(i.remove_chain)
    i.showBmpHead                            0x0800615c   Section        0  bsp_bmp.o(i.showBmpHead)
    showBmpHead                              0x0800615d   Thumb Code     2  bsp_bmp.o(i.showBmpHead)
    i.showBmpInforHead                       0x0800615e   Section        0  bsp_bmp.o(i.showBmpInforHead)
    showBmpInforHead                         0x0800615f   Thumb Code     2  bsp_bmp.o(i.showBmpInforHead)
    i.sum_sfn                                0x08006160   Section        0  ff.o(i.sum_sfn)
    sum_sfn                                  0x08006161   Thumb Code    32  ff.o(i.sum_sfn)
    i.sync                                   0x08006180   Section        0  ff.o(i.sync)
    sync                                     0x08006181   Thumb Code   202  ff.o(i.sync)
    i.uxListRemove                           0x0800624a   Section        0  list.o(i.uxListRemove)
    i.vListInitialise                        0x08006272   Section        0  list.o(i.vListInitialise)
    i.vListInitialiseItem                    0x0800628c   Section        0  list.o(i.vListInitialiseItem)
    i.vListInsert                            0x08006292   Section        0  list.o(i.vListInsert)
    i.vListInsertEnd                         0x080062c6   Section        0  list.o(i.vListInsertEnd)
    i.vPortEnterCritical                     0x080062e0   Section        0  port.o(i.vPortEnterCritical)
    i.vPortExitCritical                      0x0800635c   Section        0  port.o(i.vPortExitCritical)
    i.vPortFree                              0x080063c0   Section        0  heap_4.o(i.vPortFree)
    i.vPortSetupTimerInterrupt               0x08006474   Section        0  port.o(i.vPortSetupTimerInterrupt)
    i.vTaskDelay                             0x08006494   Section        0  tasks.o(i.vTaskDelay)
    i.vTaskDelayUntil                        0x08006510   Section        0  tasks.o(i.vTaskDelayUntil)
    i.vTaskStartScheduler                    0x080065f4   Section        0  tasks.o(i.vTaskStartScheduler)
    i.vTaskSuspendAll                        0x080066a0   Section        0  tasks.o(i.vTaskSuspendAll)
    i.vTaskSwitchContext                     0x080066b0   Section        0  tasks.o(i.vTaskSwitchContext)
    i.validate                               0x08006764   Section        0  ff.o(i.validate)
    validate                                 0x08006765   Thumb Code    42  ff.o(i.validate)
    i.xPortStartScheduler                    0x08006790   Section        0  port.o(i.xPortStartScheduler)
    i.xPortSysTickHandler                    0x08006830   Section        0  port.o(i.xPortSysTickHandler)
    i.xTaskCreate                            0x08006864   Section        0  tasks.o(i.xTaskCreate)
    i.xTaskGetTickCount                      0x080068c4   Section        0  tasks.o(i.xTaskGetTickCount)
    i.xTaskIncrementTick                     0x080068d0   Section        0  tasks.o(i.xTaskIncrementTick)
    i.xTaskResumeAll                         0x08006a38   Section        0  tasks.o(i.xTaskResumeAll)
    .constdata                               0x08006b5c   Section      154  test_framework.o(.constdata)
    g_test_items                             0x08006b5c   Data         144  test_framework.o(.constdata)
    g_colors                                 0x08006bec   Data          10  test_framework.o(.constdata)
    .constdata                               0x08006bf8   Section     1552  bsp_st75161_lcd.o(.constdata)
    .constdata                               0x08007208   Section       13  ff.o(.constdata)
    LfnOfs                                   0x08007208   Data          13  ff.o(.constdata)
    .constdata                               0x08007216   Section    175304  cc936.o(.constdata)
    uni2oem                                  0x08007216   Data       87172  cc936.o(.constdata)
    oem2uni                                  0x0801c69a   Data       87172  cc936.o(.constdata)
    tbl_lower                                0x08031b1e   Data         480  cc936.o(.constdata)
    tbl_upper                                0x08031cfe   Data         480  cc936.o(.constdata)
    .conststring                             0x08031ee0   Section      144  test_framework.o(.conststring)
    .data                                    0x20000000   Section       20  system_stm32f10x.o(.data)
    .data                                    0x20000014   Section       20  stm32f10x_rcc.o(.data)
    APBAHBPrescTable                         0x20000014   Data          16  stm32f10x_rcc.o(.data)
    ADCPrescTable                            0x20000024   Data           4  stm32f10x_rcc.o(.data)
    .data                                    0x20000028   Section        1  bsp_bmp.o(.data)
    .data                                    0x20000029   Section        1  bsp_key.o(.data)
    oldStat                                  0x20000029   Data           1  bsp_key.o(.data)
    .data                                    0x2000002c   Section       20  bsp_sdio_sdcard.o(.data)
    CardType                                 0x2000002c   Data           4  bsp_sdio_sdcard.o(.data)
    RCA                                      0x20000030   Data           4  bsp_sdio_sdcard.o(.data)
    .data                                    0x20000040   Section       49  bsp_xpt2046_lcd.o(.data)
    .data                                    0x20000074   Section       56  test_framework.o(.data)
    g_current_mode                           0x20000074   Data           1  test_framework.o(.data)
    g_current_test                           0x20000075   Data           1  test_framework.o(.data)
    g_test_initialized                       0x20000076   Data           1  test_framework.o(.data)
    g_key_task_handle                        0x20000078   Data           4  test_framework.o(.data)
    g_auto_task_handle                       0x2000007c   Data           4  test_framework.o(.data)
    g_update_task_handle                     0x20000080   Data           4  test_framework.o(.data)
    solid_state                              0x20000084   Data           1  test_framework.o(.data)
    solid_start_time                         0x20000088   Data           4  test_framework.o(.data)
    gray_state                               0x2000008c   Data           1  test_framework.o(.data)
    gray_start_time                          0x20000090   Data           4  test_framework.o(.data)
    shapes_state                             0x20000094   Data           1  test_framework.o(.data)
    shapes_start_time                        0x20000098   Data           4  test_framework.o(.data)
    text_state                               0x2000009c   Data           1  test_framework.o(.data)
    text_start_time                          0x200000a0   Data           4  test_framework.o(.data)
    bmp_state                                0x200000a4   Data           1  test_framework.o(.data)
    bmp_start_time                           0x200000a8   Data           4  test_framework.o(.data)
    .data                                    0x200000ac   Section        4  bsp_st75161_lcd.o(.data)
    .data                                    0x200000b0   Section        6  ff.o(.data)
    FatFs                                    0x200000b0   Data           4  ff.o(.data)
    Fsid                                     0x200000b4   Data           2  ff.o(.data)
    .data                                    0x200000b8   Section       60  tasks.o(.data)
    pxDelayedTaskList                        0x200000bc   Data           4  tasks.o(.data)
    pxOverflowDelayedTaskList                0x200000c0   Data           4  tasks.o(.data)
    uxDeletedTasksWaitingCleanUp             0x200000c4   Data           4  tasks.o(.data)
    uxCurrentNumberOfTasks                   0x200000c8   Data           4  tasks.o(.data)
    xTickCount                               0x200000cc   Data           4  tasks.o(.data)
    uxTopReadyPriority                       0x200000d0   Data           4  tasks.o(.data)
    xSchedulerRunning                        0x200000d4   Data           4  tasks.o(.data)
    uxPendedTicks                            0x200000d8   Data           4  tasks.o(.data)
    xYieldPending                            0x200000dc   Data           4  tasks.o(.data)
    xNumOfOverflows                          0x200000e0   Data           4  tasks.o(.data)
    uxTaskNumber                             0x200000e4   Data           4  tasks.o(.data)
    xNextTaskUnblockTime                     0x200000e8   Data           4  tasks.o(.data)
    xIdleTaskHandle                          0x200000ec   Data           4  tasks.o(.data)
    uxSchedulerSuspended                     0x200000f0   Data           4  tasks.o(.data)
    .data                                    0x200000f4   Section       24  heap_4.o(.data)
    xStart                                   0x200000f4   Data           8  heap_4.o(.data)
    pxEnd                                    0x200000fc   Data           4  heap_4.o(.data)
    xFreeBytesRemaining                      0x20000100   Data           4  heap_4.o(.data)
    xMinimumEverFreeBytesRemaining           0x20000104   Data           4  heap_4.o(.data)
    xBlockAllocatedBit                       0x20000108   Data           4  heap_4.o(.data)
    .data                                    0x2000010c   Section       12  port.o(.data)
    uxCriticalNesting                        0x2000010c   Data           4  port.o(.data)
    ucMaxSysCallPriority                     0x20000110   Data           1  port.o(.data)
    ulMaxPRIGROUPValue                       0x20000114   Data           4  port.o(.data)
    .data                                    0x20000118   Section        4  stdout.o(.data)
    .data                                    0x2000011c   Section        4  mvars.o(.data)
    .data                                    0x20000120   Section        4  mvars.o(.data)
    .bss                                     0x20000124   Section    12848  bsp_bmp.o(.bss)
    g_frame_seq                              0x20000124   Data          70  bsp_bmp.o(.bss)
    lcd_buffer                               0x20000dd4   Data        3200  bsp_bmp.o(.bss)
    lcd_buffer                               0x20001a54   Data        3200  bsp_bmp.o(.bss)
    lcd_buffer                               0x200026d4   Data        3200  bsp_bmp.o(.bss)
    .bss                                     0x20003354   Section     3240  bsp_sdfs_app.o(.bss)
    .bss                                     0x20003ffc   Section      196  bsp_sdio_sdcard.o(.bss)
    CSD_Tab                                  0x20003ffc   Data          16  bsp_sdio_sdcard.o(.bss)
    CID_Tab                                  0x2000400c   Data          16  bsp_sdio_sdcard.o(.bss)
    SDSTATUS_Tab                             0x2000401c   Data          16  bsp_sdio_sdcard.o(.bss)
    .bss                                     0x200040c0   Section      512  diskio.o(.bss)
    .bss                                     0x200042c0   Section      200  tasks.o(.bss)
    pxReadyTasksLists                        0x200042c0   Data         100  tasks.o(.bss)
    xDelayedTaskList1                        0x20004324   Data          20  tasks.o(.bss)
    xDelayedTaskList2                        0x20004338   Data          20  tasks.o(.bss)
    xPendingReadyList                        0x2000434c   Data          20  tasks.o(.bss)
    xTasksWaitingTermination                 0x20004360   Data          20  tasks.o(.bss)
    xSuspendedTaskList                       0x20004374   Data          20  tasks.o(.bss)
    .bss                                     0x20004388   Section    35840  heap_4.o(.bss)
    ucHeap                                   0x20004388   Data       35840  heap_4.o(.bss)
    HEAP                                     0x2000cf88   Section      512  startup_stm32f10x_hd.o(HEAP)
    STACK                                    0x2000d188   Section     1024  startup_stm32f10x_hd.o(STACK)

    Global Symbols

    Symbol Name                              Value     Ov Type        Size  Object(Section)

    BuildAttributes$$THM_ISAv4$P$D$K$B$S$PE$A:L22UL41UL21$X:L11$S22US41US21$IEEE1$IW$USESV6$~STKCKD$USESV7$~SHL$OSPACE$ROPI$EBA8$MICROLIB$REQ8$PRES8$EABIv2 0x00000000   Number         0  anon$$obj.o ABSOLUTE
    __ARM_use_no_argv                        0x00000000   Number         0  main.o ABSOLUTE
    _printf_a                                0x00000000   Number         0  stubs.o ABSOLUTE
    _printf_c                                0x00000000   Number         0  stubs.o ABSOLUTE
    _printf_charcount                        0x00000000   Number         0  stubs.o ABSOLUTE
    _printf_d                                0x00000000   Number         0  stubs.o ABSOLUTE
    _printf_e                                0x00000000   Number         0  stubs.o ABSOLUTE
    _printf_f                                0x00000000   Number         0  stubs.o ABSOLUTE
    _printf_flags                            0x00000000   Number         0  stubs.o ABSOLUTE
    _printf_fp_dec                           0x00000000   Number         0  stubs.o ABSOLUTE
    _printf_fp_hex                           0x00000000   Number         0  stubs.o ABSOLUTE
    _printf_g                                0x00000000   Number         0  stubs.o ABSOLUTE
    _printf_i                                0x00000000   Number         0  stubs.o ABSOLUTE
    _printf_int_dec                          0x00000000   Number         0  stubs.o ABSOLUTE
    _printf_l                                0x00000000   Number         0  stubs.o ABSOLUTE
    _printf_lc                               0x00000000   Number         0  stubs.o ABSOLUTE
    _printf_ll                               0x00000000   Number         0  stubs.o ABSOLUTE
    _printf_lld                              0x00000000   Number         0  stubs.o ABSOLUTE
    _printf_lli                              0x00000000   Number         0  stubs.o ABSOLUTE
    _printf_llo                              0x00000000   Number         0  stubs.o ABSOLUTE
    _printf_llu                              0x00000000   Number         0  stubs.o ABSOLUTE
    _printf_llx                              0x00000000   Number         0  stubs.o ABSOLUTE
    _printf_longlong_dec                     0x00000000   Number         0  stubs.o ABSOLUTE
    _printf_longlong_hex                     0x00000000   Number         0  stubs.o ABSOLUTE
    _printf_longlong_oct                     0x00000000   Number         0  stubs.o ABSOLUTE
    _printf_ls                               0x00000000   Number         0  stubs.o ABSOLUTE
    _printf_mbtowc                           0x00000000   Number         0  stubs.o ABSOLUTE
    _printf_n                                0x00000000   Number         0  stubs.o ABSOLUTE
    _printf_o                                0x00000000   Number         0  stubs.o ABSOLUTE
    _printf_p                                0x00000000   Number         0  stubs.o ABSOLUTE
    _printf_percent                          0x00000000   Number         0  stubs.o ABSOLUTE
    _printf_pre_padding                      0x00000000   Number         0  stubs.o ABSOLUTE
    _printf_return_value                     0x00000000   Number         0  stubs.o ABSOLUTE
    _printf_s                                0x00000000   Number         0  stubs.o ABSOLUTE
    _printf_sizespec                         0x00000000   Number         0  stubs.o ABSOLUTE
    _printf_str                              0x00000000   Number         0  stubs.o ABSOLUTE
    _printf_truncate_signed                  0x00000000   Number         0  stubs.o ABSOLUTE
    _printf_truncate_unsigned                0x00000000   Number         0  stubs.o ABSOLUTE
    _printf_u                                0x00000000   Number         0  stubs.o ABSOLUTE
    _printf_wc                               0x00000000   Number         0  stubs.o ABSOLUTE
    _printf_wctomb                           0x00000000   Number         0  stubs.o ABSOLUTE
    _printf_widthprec                        0x00000000   Number         0  stubs.o ABSOLUTE
    _printf_x                                0x00000000   Number         0  stubs.o ABSOLUTE
    __arm_fini_                               - Undefined Weak Reference
    __cpp_initialize__aeabi_                  - Undefined Weak Reference
    __cxa_finalize                            - Undefined Weak Reference
    __decompress                              - Undefined Weak Reference
    _clock_init                               - Undefined Weak Reference
    _microlib_exit                            - Undefined Weak Reference
    __Vectors_Size                           0x00000130   Number         0  startup_stm32f10x_hd.o ABSOLUTE
    __Vectors                                0x08000000   Data           4  startup_stm32f10x_hd.o(RESET)
    __Vectors_End                            0x08000130   Data           0  startup_stm32f10x_hd.o(RESET)
    __main                                   0x08000131   Thumb Code     0  entry.o(.ARM.Collect$$$$00000000)
    _main_stk                                0x08000131   Thumb Code     0  entry2.o(.ARM.Collect$$$$00000001)
    _main_scatterload                        0x08000135   Thumb Code     0  entry5.o(.ARM.Collect$$$$00000004)
    __main_after_scatterload                 0x08000139   Thumb Code     0  entry5.o(.ARM.Collect$$$$00000004)
    _main_clock                              0x08000139   Thumb Code     0  entry7b.o(.ARM.Collect$$$$00000008)
    _main_cpp_init                           0x08000139   Thumb Code     0  entry8b.o(.ARM.Collect$$$$0000000A)
    _main_init                               0x08000139   Thumb Code     0  entry9a.o(.ARM.Collect$$$$0000000B)
    __rt_lib_shutdown_fini                   0x08000141   Thumb Code     0  entry12b.o(.ARM.Collect$$$$0000000E)
    __rt_final_cpp                           0x08000145   Thumb Code     0  entry10a.o(.ARM.Collect$$$$0000000F)
    __rt_final_exit                          0x08000145   Thumb Code     0  entry11a.o(.ARM.Collect$$$$00000011)
    SVC_Handler                              0x08000149   Thumb Code    32  port.o(.emb_text)
    __asm___6_port_c_39a90d8d__prvStartFirstTask 0x0800016d   Thumb Code    28  port.o(.emb_text)
    PendSV_Handler                           0x0800018d   Thumb Code    72  port.o(.emb_text)
    vPortGetIPSR                             0x080001d9   Thumb Code     6  port.o(.emb_text)
    Reset_Handler                            0x080001e1   Thumb Code     8  startup_stm32f10x_hd.o(.text)
    ADC1_2_IRQHandler                        0x080001fb   Thumb Code     0  startup_stm32f10x_hd.o(.text)
    ADC3_IRQHandler                          0x080001fb   Thumb Code     0  startup_stm32f10x_hd.o(.text)
    CAN1_RX1_IRQHandler                      0x080001fb   Thumb Code     0  startup_stm32f10x_hd.o(.text)
    CAN1_SCE_IRQHandler                      0x080001fb   Thumb Code     0  startup_stm32f10x_hd.o(.text)
    DMA1_Channel1_IRQHandler                 0x080001fb   Thumb Code     0  startup_stm32f10x_hd.o(.text)
    DMA1_Channel2_IRQHandler                 0x080001fb   Thumb Code     0  startup_stm32f10x_hd.o(.text)
    DMA1_Channel3_IRQHandler                 0x080001fb   Thumb Code     0  startup_stm32f10x_hd.o(.text)
    DMA1_Channel4_IRQHandler                 0x080001fb   Thumb Code     0  startup_stm32f10x_hd.o(.text)
    DMA1_Channel5_IRQHandler                 0x080001fb   Thumb Code     0  startup_stm32f10x_hd.o(.text)
    DMA1_Channel6_IRQHandler                 0x080001fb   Thumb Code     0  startup_stm32f10x_hd.o(.text)
    DMA1_Channel7_IRQHandler                 0x080001fb   Thumb Code     0  startup_stm32f10x_hd.o(.text)
    DMA2_Channel1_IRQHandler                 0x080001fb   Thumb Code     0  startup_stm32f10x_hd.o(.text)
    DMA2_Channel2_IRQHandler                 0x080001fb   Thumb Code     0  startup_stm32f10x_hd.o(.text)
    DMA2_Channel3_IRQHandler                 0x080001fb   Thumb Code     0  startup_stm32f10x_hd.o(.text)
    DMA2_Channel4_5_IRQHandler               0x080001fb   Thumb Code     0  startup_stm32f10x_hd.o(.text)
    EXTI0_IRQHandler                         0x080001fb   Thumb Code     0  startup_stm32f10x_hd.o(.text)
    EXTI15_10_IRQHandler                     0x080001fb   Thumb Code     0  startup_stm32f10x_hd.o(.text)
    EXTI1_IRQHandler                         0x080001fb   Thumb Code     0  startup_stm32f10x_hd.o(.text)
    EXTI2_IRQHandler                         0x080001fb   Thumb Code     0  startup_stm32f10x_hd.o(.text)
    EXTI3_IRQHandler                         0x080001fb   Thumb Code     0  startup_stm32f10x_hd.o(.text)
    EXTI9_5_IRQHandler                       0x080001fb   Thumb Code     0  startup_stm32f10x_hd.o(.text)
    FLASH_IRQHandler                         0x080001fb   Thumb Code     0  startup_stm32f10x_hd.o(.text)
    FSMC_IRQHandler                          0x080001fb   Thumb Code     0  startup_stm32f10x_hd.o(.text)
    I2C1_ER_IRQHandler                       0x080001fb   Thumb Code     0  startup_stm32f10x_hd.o(.text)
    I2C1_EV_IRQHandler                       0x080001fb   Thumb Code     0  startup_stm32f10x_hd.o(.text)
    I2C2_ER_IRQHandler                       0x080001fb   Thumb Code     0  startup_stm32f10x_hd.o(.text)
    I2C2_EV_IRQHandler                       0x080001fb   Thumb Code     0  startup_stm32f10x_hd.o(.text)
    PVD_IRQHandler                           0x080001fb   Thumb Code     0  startup_stm32f10x_hd.o(.text)
    RCC_IRQHandler                           0x080001fb   Thumb Code     0  startup_stm32f10x_hd.o(.text)
    RTCAlarm_IRQHandler                      0x080001fb   Thumb Code     0  startup_stm32f10x_hd.o(.text)
    RTC_IRQHandler                           0x080001fb   Thumb Code     0  startup_stm32f10x_hd.o(.text)
    SPI1_IRQHandler                          0x080001fb   Thumb Code     0  startup_stm32f10x_hd.o(.text)
    SPI2_IRQHandler                          0x080001fb   Thumb Code     0  startup_stm32f10x_hd.o(.text)
    SPI3_IRQHandler                          0x080001fb   Thumb Code     0  startup_stm32f10x_hd.o(.text)
    TAMPER_IRQHandler                        0x080001fb   Thumb Code     0  startup_stm32f10x_hd.o(.text)
    TIM1_BRK_IRQHandler                      0x080001fb   Thumb Code     0  startup_stm32f10x_hd.o(.text)
    TIM1_CC_IRQHandler                       0x080001fb   Thumb Code     0  startup_stm32f10x_hd.o(.text)
    TIM1_TRG_COM_IRQHandler                  0x080001fb   Thumb Code     0  startup_stm32f10x_hd.o(.text)
    TIM1_UP_IRQHandler                       0x080001fb   Thumb Code     0  startup_stm32f10x_hd.o(.text)
    TIM2_IRQHandler                          0x080001fb   Thumb Code     0  startup_stm32f10x_hd.o(.text)
    TIM3_IRQHandler                          0x080001fb   Thumb Code     0  startup_stm32f10x_hd.o(.text)
    TIM4_IRQHandler                          0x080001fb   Thumb Code     0  startup_stm32f10x_hd.o(.text)
    TIM5_IRQHandler                          0x080001fb   Thumb Code     0  startup_stm32f10x_hd.o(.text)
    TIM6_IRQHandler                          0x080001fb   Thumb Code     0  startup_stm32f10x_hd.o(.text)
    TIM7_IRQHandler                          0x080001fb   Thumb Code     0  startup_stm32f10x_hd.o(.text)
    TIM8_BRK_IRQHandler                      0x080001fb   Thumb Code     0  startup_stm32f10x_hd.o(.text)
    TIM8_CC_IRQHandler                       0x080001fb   Thumb Code     0  startup_stm32f10x_hd.o(.text)
    TIM8_TRG_COM_IRQHandler                  0x080001fb   Thumb Code     0  startup_stm32f10x_hd.o(.text)
    TIM8_UP_IRQHandler                       0x080001fb   Thumb Code     0  startup_stm32f10x_hd.o(.text)
    UART4_IRQHandler                         0x080001fb   Thumb Code     0  startup_stm32f10x_hd.o(.text)
    UART5_IRQHandler                         0x080001fb   Thumb Code     0  startup_stm32f10x_hd.o(.text)
    USART1_IRQHandler                        0x080001fb   Thumb Code     0  startup_stm32f10x_hd.o(.text)
    USART2_IRQHandler                        0x080001fb   Thumb Code     0  startup_stm32f10x_hd.o(.text)
    USART3_IRQHandler                        0x080001fb   Thumb Code     0  startup_stm32f10x_hd.o(.text)
    USBWakeUp_IRQHandler                     0x080001fb   Thumb Code     0  startup_stm32f10x_hd.o(.text)
    USB_HP_CAN1_TX_IRQHandler                0x080001fb   Thumb Code     0  startup_stm32f10x_hd.o(.text)
    USB_LP_CAN1_RX0_IRQHandler               0x080001fb   Thumb Code     0  startup_stm32f10x_hd.o(.text)
    WWDG_IRQHandler                          0x080001fb   Thumb Code     0  startup_stm32f10x_hd.o(.text)
    __aeabi_memcpy                           0x08000205   Thumb Code    36  memcpya.o(.text)
    __aeabi_memcpy4                          0x08000205   Thumb Code     0  memcpya.o(.text)
    __aeabi_memcpy8                          0x08000205   Thumb Code     0  memcpya.o(.text)
    __aeabi_memset                           0x08000229   Thumb Code    14  memseta.o(.text)
    __aeabi_memset4                          0x08000229   Thumb Code     0  memseta.o(.text)
    __aeabi_memset8                          0x08000229   Thumb Code     0  memseta.o(.text)
    __aeabi_memclr                           0x08000237   Thumb Code     4  memseta.o(.text)
    __aeabi_memclr4                          0x08000237   Thumb Code     0  memseta.o(.text)
    __aeabi_memclr8                          0x08000237   Thumb Code     0  memseta.o(.text)
    _memset$wrapper                          0x0800023b   Thumb Code    18  memseta.o(.text)
    __aeabi_uldivmod                         0x0800024d   Thumb Code    98  uldiv.o(.text)
    __aeabi_llsl                             0x080002af   Thumb Code    30  llshl.o(.text)
    _ll_shift_l                              0x080002af   Thumb Code     0  llshl.o(.text)
    __aeabi_llsr                             0x080002cd   Thumb Code    32  llushr.o(.text)
    _ll_ushift_r                             0x080002cd   Thumb Code     0  llushr.o(.text)
    __scatterload                            0x080002ed   Thumb Code    28  init.o(.text)
    __scatterload_rt2                        0x080002ed   Thumb Code     0  init.o(.text)
    BusFault_Handler                         0x0800034d   Thumb Code     4  stm32f10x_it.o(i.BusFault_Handler)
    DATA_WR                                  0x08000511   Thumb Code    42  bsp_st75161_lcd.o(i.DATA_WR)
    DMA_ClearFlag                            0x08000541   Thumb Code    18  stm32f10x_dma.o(i.DMA_ClearFlag)
    DMA_Cmd                                  0x0800055d   Thumb Code    24  stm32f10x_dma.o(i.DMA_Cmd)
    DMA_GetFlagStatus                        0x08000575   Thumb Code    36  stm32f10x_dma.o(i.DMA_GetFlagStatus)
    DMA_Init                                 0x080005a1   Thumb Code    60  stm32f10x_dma.o(i.DMA_Init)
    DebugMon_Handler                         0x080005dd   Thumb Code     2  stm32f10x_it.o(i.DebugMon_Handler)
    EXTI4_IRQHandler                         0x080005e1   Thumb Code    24  stm32f10x_it.o(i.EXTI4_IRQHandler)
    EXTI_ClearITPendingBit                   0x080005fd   Thumb Code     6  stm32f10x_exti.o(i.EXTI_ClearITPendingBit)
    EXTI_GetITStatus                         0x08000609   Thumb Code    34  stm32f10x_exti.o(i.EXTI_GetITStatus)
    FSMC_NORSRAMCmd                          0x08000631   Thumb Code    46  stm32f10x_fsmc.o(i.FSMC_NORSRAMCmd)
    FSMC_NORSRAMInit                         0x08000665   Thumb Code   230  stm32f10x_fsmc.o(i.FSMC_NORSRAMInit)
    GPIO_Init                                0x08000939   Thumb Code   278  stm32f10x_gpio.o(i.GPIO_Init)
    GPIO_ReadInputDataBit                    0x08000a4f   Thumb Code    18  stm32f10x_gpio.o(i.GPIO_ReadInputDataBit)
    GPIO_ResetBits                           0x08000a61   Thumb Code     4  stm32f10x_gpio.o(i.GPIO_ResetBits)
    GPIO_SetBits                             0x08000a65   Thumb Code     4  stm32f10x_gpio.o(i.GPIO_SetBits)
    GPIO_WriteBit                            0x08000a69   Thumb Code    10  stm32f10x_gpio.o(i.GPIO_WriteBit)
    HardFault_Handler                        0x08000a7b   Thumb Code     4  stm32f10x_it.o(i.HardFault_Handler)
    Key_GPIO_Config                          0x08000ae1   Thumb Code    76  bsp_key.o(i.Key_GPIO_Config)
    Key_Scan                                 0x08000b31   Thumb Code   166  bsp_key.o(i.Key_Scan)
    Lcd_Show_bmp                             0x08000be1   Thumb Code  1924  bsp_bmp.o(i.Lcd_Show_bmp)
    MemManage_Handler                        0x08001371   Thumb Code     4  stm32f10x_it.o(i.MemManage_Handler)
    NMI_Handler                              0x08001375   Thumb Code     2  stm32f10x_it.o(i.NMI_Handler)
    NVIC_Init                                0x08001379   Thumb Code   100  misc.o(i.NVIC_Init)
    NVIC_PriorityGroupConfig                 0x080013e9   Thumb Code    10  misc.o(i.NVIC_PriorityGroupConfig)
    RCC_AHBPeriphClockCmd                    0x080013fd   Thumb Code    26  stm32f10x_rcc.o(i.RCC_AHBPeriphClockCmd)
    RCC_APB2PeriphClockCmd                   0x0800141d   Thumb Code    26  stm32f10x_rcc.o(i.RCC_APB2PeriphClockCmd)
    RCC_GetClocksFreq                        0x0800143d   Thumb Code   192  stm32f10x_rcc.o(i.RCC_GetClocksFreq)
    SDIO_ClearFlag                           0x0800162d   Thumb Code     6  stm32f10x_sdio.o(i.SDIO_ClearFlag)
    SDIO_ClearITPendingBit                   0x08001639   Thumb Code     6  stm32f10x_sdio.o(i.SDIO_ClearITPendingBit)
    SDIO_ClockCmd                            0x08001645   Thumb Code     6  stm32f10x_sdio.o(i.SDIO_ClockCmd)
    SDIO_DMACmd                              0x08001651   Thumb Code     6  stm32f10x_sdio.o(i.SDIO_DMACmd)
    SDIO_DataConfig                          0x0800165d   Thumb Code    42  stm32f10x_sdio.o(i.SDIO_DataConfig)
    SDIO_DeInit                              0x0800168d   Thumb Code    28  stm32f10x_sdio.o(i.SDIO_DeInit)
    SDIO_GetCommandResponse                  0x080016b1   Thumb Code     8  stm32f10x_sdio.o(i.SDIO_GetCommandResponse)
    SDIO_GetFlagStatus                       0x080016bd   Thumb Code    20  stm32f10x_sdio.o(i.SDIO_GetFlagStatus)
    SDIO_GetPowerState                       0x080016d5   Thumb Code    10  stm32f10x_sdio.o(i.SDIO_GetPowerState)
    SDIO_GetResponse                         0x080016e5   Thumb Code    20  stm32f10x_sdio.o(i.SDIO_GetResponse)
    SDIO_IRQHandler                          0x080016fd   Thumb Code     8  stm32f10x_it.o(i.SDIO_IRQHandler)
    SDIO_ITConfig                            0x08001705   Thumb Code    26  stm32f10x_sdio.o(i.SDIO_ITConfig)
    SDIO_Init                                0x08001725   Thumb Code    42  stm32f10x_sdio.o(i.SDIO_Init)
    SDIO_NVIC_Configuration                  0x08001755   Thumb Code    64  bsp_sdio_sdcard.o(i.SDIO_NVIC_Configuration)
    SDIO_ReadData                            0x08001795   Thumb Code     6  stm32f10x_sdio.o(i.SDIO_ReadData)
    SDIO_SendCommand                         0x080017a1   Thumb Code    38  stm32f10x_sdio.o(i.SDIO_SendCommand)
    SDIO_SetPowerState                       0x080017cd   Thumb Code    22  stm32f10x_sdio.o(i.SDIO_SetPowerState)
    SD_EnableWideBusOperation                0x080018c1   Thumb Code   140  bsp_sdio_sdcard.o(i.SD_EnableWideBusOperation)
    SD_GetCardInfo                           0x08001955   Thumb Code   700  bsp_sdio_sdcard.o(i.SD_GetCardInfo)
    SD_GetState                              0x08001c21   Thumb Code    26  bsp_sdio_sdcard.o(i.SD_GetState)
    SD_GetStatus                             0x08001c3b   Thumb Code    30  bsp_sdio_sdcard.o(i.SD_GetStatus)
    SD_Init                                  0x08001c59   Thumb Code   102  bsp_sdio_sdcard.o(i.SD_Init)
    SD_InitializeCards                       0x08001cc9   Thumb Code   294  bsp_sdio_sdcard.o(i.SD_InitializeCards)
    SD_PowerON                               0x08001e05   Thumb Code   374  bsp_sdio_sdcard.o(i.SD_PowerON)
    SD_ProcessIRQSrc                         0x08001f8d   Thumb Code    70  bsp_sdio_sdcard.o(i.SD_ProcessIRQSrc)
    SD_ReadBlock                             0x08001fe5   Thumb Code   192  bsp_sdio_sdcard.o(i.SD_ReadBlock)
    SD_ReadMultiBlocks                       0x080020c1   Thumb Code   202  bsp_sdio_sdcard.o(i.SD_ReadMultiBlocks)
    SD_SelectDeselect                        0x080021a9   Thumb Code    48  bsp_sdio_sdcard.o(i.SD_SelectDeselect)
    SD_SendStatus                            0x080021dd   Thumb Code    46  bsp_sdio_sdcard.o(i.SD_SendStatus)
    SD_WaitReadOperation                     0x08002215   Thumb Code    42  bsp_sdio_sdcard.o(i.SD_WaitReadOperation)
    SD_WaitWriteOperation                    0x08002249   Thumb Code    50  bsp_sdio_sdcard.o(i.SD_WaitWriteOperation)
    SD_WriteBlock                            0x08002285   Thumb Code   190  bsp_sdio_sdcard.o(i.SD_WriteBlock)
    SD_WriteMultiBlocks                      0x08002361   Thumb Code   294  bsp_sdio_sdcard.o(i.SD_WriteMultiBlocks)
    ST75161_BackLed_Control                  0x080024a9   Thumb Code    30  bsp_st75161_lcd.o(i.ST75161_BackLed_Control)
    ST75161_Clear                            0x080024cd   Thumb Code    42  bsp_st75161_lcd.o(i.ST75161_Clear)
    ST75161_DispChar_EN                      0x08002509   Thumb Code   104  bsp_st75161_lcd.o(i.ST75161_DispChar_EN)
    ST75161_DispString_EN                    0x08002575   Thumb Code    82  bsp_st75161_lcd.o(i.ST75161_DispString_EN)
    ST75161_DrawCircle                       0x080025c7   Thumb Code   344  bsp_st75161_lcd.o(i.ST75161_DrawCircle)
    ST75161_DrawLine                         0x0800271f   Thumb Code   174  bsp_st75161_lcd.o(i.ST75161_DrawLine)
    ST75161_DrawRectangle                    0x080027cd   Thumb Code   140  bsp_st75161_lcd.o(i.ST75161_DrawRectangle)
    ST75161_GramScan                         0x080029d9   Thumb Code   328  bsp_st75161_lcd.o(i.ST75161_GramScan)
    ST75161_Init                             0x08002b21   Thumb Code    20  bsp_st75161_lcd.o(i.ST75161_Init)
    ST75161_OpenWindow                       0x08002b35   Thumb Code    96  bsp_st75161_lcd.o(i.ST75161_OpenWindow)
    ST75161_Rst                              0x08002d6d   Thumb Code    70  bsp_st75161_lcd.o(i.ST75161_Rst)
    ST75161_SetPointPixel                    0x08002dd1   Thumb Code    36  bsp_st75161_lcd.o(i.ST75161_SetPointPixel)
    ST75161_Write_Data                       0x08002df5   Thumb Code    12  bsp_st75161_lcd.o(i.ST75161_Write_Data)
    Sd_fs_init                               0x08002e05   Thumb Code    16  bsp_sdfs_app.o(i.Sd_fs_init)
    SysTick_Handler                          0x08002fbd   Thumb Code     8  stm32f10x_it.o(i.SysTick_Handler)
    SystemInit                               0x08002fc5   Thumb Code    78  system_stm32f10x.o(i.SystemInit)
    TestFramework_EnterTest                  0x08003025   Thumb Code    90  test_framework.o(i.TestFramework_EnterTest)
    TestFramework_GetMode                    0x080030a1   Thumb Code     6  test_framework.o(i.TestFramework_GetMode)
    TestFramework_Init                       0x080030ad   Thumb Code    58  test_framework.o(i.TestFramework_Init)
    TestFramework_NextTest                   0x08003149   Thumb Code    24  test_framework.o(i.TestFramework_NextTest)
    TestFramework_PrevTest                   0x08003165   Thumb Code    28  test_framework.o(i.TestFramework_PrevTest)
    TestFramework_Run                        0x08003185   Thumb Code    66  test_framework.o(i.TestFramework_Run)
    TestFramework_SetMode                    0x08003201   Thumb Code   166  test_framework.o(i.TestFramework_SetMode)
    TestFramework_Update                     0x08003301   Thumb Code    32  test_framework.o(i.TestFramework_Update)
    Test_BMPBrowser_Exit                     0x08003343   Thumb Code     2  test_framework.o(i.Test_BMPBrowser_Exit)
    Test_BMPBrowser_Init                     0x08003345   Thumb Code    12  test_framework.o(i.Test_BMPBrowser_Init)
    Test_BMPBrowser_Run                      0x08003359   Thumb Code    92  test_framework.o(i.Test_BMPBrowser_Run)
    Test_GrayScale_Init                      0x080033d1   Thumb Code    12  test_framework.o(i.Test_GrayScale_Init)
    Test_GrayScale_Run                       0x080033e5   Thumb Code    86  test_framework.o(i.Test_GrayScale_Run)
    Test_Shapes_Init                         0x08003455   Thumb Code    12  test_framework.o(i.Test_Shapes_Init)
    Test_Shapes_Run                          0x08003469   Thumb Code   324  test_framework.o(i.Test_Shapes_Run)
    Test_SolidColor_Init                     0x080035c1   Thumb Code    12  test_framework.o(i.Test_SolidColor_Init)
    Test_SolidColor_Run                      0x080035d5   Thumb Code   152  test_framework.o(i.Test_SolidColor_Run)
    Test_Text_Init                           0x080036c9   Thumb Code    12  test_framework.o(i.Test_Text_Init)
    Test_Text_Run                            0x080036dd   Thumb Code   258  test_framework.o(i.Test_Text_Run)
    USART_Cmd                                0x08003845   Thumb Code    24  stm32f10x_usart.o(i.USART_Cmd)
    USART_GetFlagStatus                      0x0800385d   Thumb Code    26  stm32f10x_usart.o(i.USART_GetFlagStatus)
    USART_ITConfig                           0x08003877   Thumb Code    74  stm32f10x_usart.o(i.USART_ITConfig)
    USART_Init                               0x080038c1   Thumb Code   210  stm32f10x_usart.o(i.USART_Init)
    USART_SendData                           0x08003999   Thumb Code     8  stm32f10x_usart.o(i.USART_SendData)
    USARTx_Config                            0x080039a1   Thumb Code   132  bsp_usart1.o(i.USARTx_Config)
    UsageFault_Handler                       0x08003a2d   Thumb Code     4  stm32f10x_it.o(i.UsageFault_Handler)
    __0printf$8                              0x08003a31   Thumb Code    22  printf8.o(i.__0printf$8)
    __1printf$8                              0x08003a31   Thumb Code     0  printf8.o(i.__0printf$8)
    __2printf                                0x08003a31   Thumb Code     0  printf8.o(i.__0printf$8)
    __0sprintf$8                             0x08003a51   Thumb Code    34  printf8.o(i.__0sprintf$8)
    __1sprintf$8                             0x08003a51   Thumb Code     0  printf8.o(i.__0sprintf$8)
    __2sprintf                               0x08003a51   Thumb Code     0  printf8.o(i.__0sprintf$8)
    __scatterload_copy                       0x08003a79   Thumb Code    14  handlers.o(i.__scatterload_copy)
    __scatterload_null                       0x08003a87   Thumb Code     2  handlers.o(i.__scatterload_null)
    __scatterload_zeroinit                   0x08003a89   Thumb Code    14  handlers.o(i.__scatterload_zeroinit)
    clealddram                               0x08004331   Thumb Code    90  bsp_st75161_lcd.o(i.clealddram)
    clear_ICON_DDRAM                         0x0800438b   Thumb Code    62  bsp_st75161_lcd.o(i.clear_ICON_DDRAM)
    clust2sect                               0x080043c9   Thumb Code    26  ff.o(i.clust2sect)
    comm_out                                 0x08004475   Thumb Code    42  bsp_st75161_lcd.o(i.comm_out)
    data_out                                 0x080047e1   Thumb Code   112  bsp_st75161_lcd.o(i.data_out)
    disk_initialize                          0x08004c77   Thumb Code    26  diskio.o(i.disk_initialize)
    disk_ioctl                               0x08004c91   Thumb Code     6  diskio.o(i.disk_ioctl)
    disk_read                                0x08004c99   Thumb Code   144  diskio.o(i.disk_read)
    disk_status                              0x08004d2d   Thumb Code     6  diskio.o(i.disk_status)
    disk_write                               0x08004d35   Thumb Code   144  diskio.o(i.disk_write)
    disp_gray                                0x08004dc9   Thumb Code    76  bsp_st75161_lcd.o(i.disp_gray)
    f_close                                  0x08004e15   Thumb Code    22  ff.o(i.f_close)
    f_lseek                                  0x08004e2b   Thumb Code   432  ff.o(i.f_lseek)
    f_mount                                  0x08004fdd   Thumb Code    38  ff.o(i.f_mount)
    f_open                                   0x08005009   Thumb Code   372  ff.o(i.f_open)
    f_read                                   0x0800517d   Thumb Code   462  ff.o(i.f_read)
    f_sync                                   0x0800534b   Thumb Code   184  ff.o(i.f_sync)
    ff_convert                               0x08005405   Thumb Code   116  cc936.o(i.ff_convert)
    ff_wtoupper                              0x08005481   Thumb Code    46  cc936.o(i.ff_wtoupper)
    fputc                                    0x080055d9   Thumb Code    32  bsp_usart1.o(i.fputc)
    free                                     0x080055fd   Thumb Code    76  malloc.o(i.free)
    gen_numname                              0x0800564d   Thumb Code   190  ff.o(i.gen_numname)
    get_fat                                  0x0800570b   Thumb Code   228  ff.o(i.get_fat)
    get_fattime                              0x080057ef   Thumb Code     4  diskio.o(i.get_fattime)
    main                                     0x080057f5   Thumb Code    62  main.o(i.main)
    malloc                                   0x08005891   Thumb Code    92  malloc.o(i.malloc)
    put_fat                                  0x08005e49   Thumb Code   310  ff.o(i.put_fat)
    pvPortMalloc                             0x08005f81   Thumb Code   262  heap_4.o(i.pvPortMalloc)
    pxPortInitialiseStack                    0x080060d1   Thumb Code    30  port.o(i.pxPortInitialiseStack)
    uxListRemove                             0x0800624b   Thumb Code    40  list.o(i.uxListRemove)
    vListInitialise                          0x08006273   Thumb Code    26  list.o(i.vListInitialise)
    vListInitialiseItem                      0x0800628d   Thumb Code     6  list.o(i.vListInitialiseItem)
    vListInsert                              0x08006293   Thumb Code    52  list.o(i.vListInsert)
    vListInsertEnd                           0x080062c7   Thumb Code    24  list.o(i.vListInsertEnd)
    vPortEnterCritical                       0x080062e1   Thumb Code    68  port.o(i.vPortEnterCritical)
    vPortExitCritical                        0x0800635d   Thumb Code    48  port.o(i.vPortExitCritical)
    vPortFree                                0x080063c1   Thumb Code   120  heap_4.o(i.vPortFree)
    vPortSetupTimerInterrupt                 0x08006475   Thumb Code    26  port.o(i.vPortSetupTimerInterrupt)
    vTaskDelay                               0x08006495   Thumb Code    72  tasks.o(i.vTaskDelay)
    vTaskDelayUntil                          0x08006511   Thumb Code   170  tasks.o(i.vTaskDelayUntil)
    vTaskStartScheduler                      0x080065f5   Thumb Code    98  tasks.o(i.vTaskStartScheduler)
    vTaskSuspendAll                          0x080066a1   Thumb Code    12  tasks.o(i.vTaskSuspendAll)
    vTaskSwitchContext                       0x080066b1   Thumb Code   114  tasks.o(i.vTaskSwitchContext)
    xPortStartScheduler                      0x08006791   Thumb Code   140  port.o(i.xPortStartScheduler)
    xPortSysTickHandler                      0x08006831   Thumb Code    46  port.o(i.xPortSysTickHandler)
    xTaskCreate                              0x08006865   Thumb Code    96  tasks.o(i.xTaskCreate)
    xTaskGetTickCount                        0x080068c5   Thumb Code     6  tasks.o(i.xTaskGetTickCount)
    xTaskIncrementTick                       0x080068d1   Thumb Code   270  tasks.o(i.xTaskIncrementTick)
    xTaskResumeAll                           0x08006a39   Thumb Code   212  tasks.o(i.xTaskResumeAll)
    ucAscii_1608                             0x08006bf8   Data        1520  bsp_st75161_lcd.o(.constdata)
    Region$$Table$$Base                      0x08031f70   Number         0  anon$$obj.o(Region$$Table)
    Region$$Table$$Limit                     0x08031f90   Number         0  anon$$obj.o(Region$$Table)
    SystemCoreClock                          0x20000000   Data           4  system_stm32f10x.o(.data)
    AHBPrescTable                            0x20000004   Data          16  system_stm32f10x.o(.data)
    bmpres                                   0x20000028   Data           1  bsp_bmp.o(.data)
    StopCondition                            0x20000034   Data           4  bsp_sdio_sdcard.o(.data)
    TransferError                            0x20000038   Data           1  bsp_sdio_sdcard.o(.data)
    TransferEnd                              0x2000003c   Data           4  bsp_sdio_sdcard.o(.data)
    strXPT2046_TouchPara                     0x20000040   Data          48  bsp_xpt2046_lcd.o(.data)
    ucXPT2046_TouchFlag                      0x20000070   Data           1  bsp_xpt2046_lcd.o(.data)
    Set_Contrast                             0x200000ac   Data           4  bsp_st75161_lcd.o(.data)
    pxCurrentTCB                             0x200000b8   Data           4  tasks.o(.data)
    __stdout                                 0x20000118   Data           4  stdout.o(.data)
    __microlib_freelist                      0x2000011c   Data           4  mvars.o(.data)
    __microlib_freelist_initialised          0x20000120   Data           4  mvars.o(.data)
    pColorData                               0x2000016a   Data         960  bsp_bmp.o(.bss)
    bmpfs                                    0x2000052c   Data        1120  bsp_bmp.o(.bss)
    bmpfsrc                                  0x2000098c   Data         548  bsp_bmp.o(.bss)
    bmpfdst                                  0x20000bb0   Data         548  bsp_bmp.o(.bss)
    myfs                                     0x20003354   Data        1120  bsp_sdfs_app.o(.bss)
    myfsrc                                   0x200037b4   Data         548  bsp_sdfs_app.o(.bss)
    myfdst                                   0x200039d8   Data         548  bsp_sdfs_app.o(.bss)
    mybuffer                                 0x20003bfc   Data         512  bsp_sdfs_app.o(.bss)
    my_latest_buffer                         0x20003dfc   Data         512  bsp_sdfs_app.o(.bss)
    SDCardInfo                               0x2000402c   Data          80  bsp_sdio_sdcard.o(.bss)
    SDIO_InitStructure                       0x2000407c   Data          24  bsp_sdio_sdcard.o(.bss)
    SDIO_CmdInitStructure                    0x20004094   Data          20  bsp_sdio_sdcard.o(.bss)
    SDIO_DataInitStructure                   0x200040a8   Data          24  bsp_sdio_sdcard.o(.bss)
    align_buffer                             0x200040c0   Data         512  diskio.o(.bss)
    __heap_base                              0x2000cf88   Data           0  startup_stm32f10x_hd.o(HEAP)
    __heap_limit                             0x2000d188   Data           0  startup_stm32f10x_hd.o(HEAP)
    __initial_sp                             0x2000d588   Data           0  startup_stm32f10x_hd.o(STACK)



==============================================================================

Memory Map of the image

  Image Entry point : 0x08000131

  Load Region LR_IROM1 (Base: 0x08000000, Size: 0x000320b4, Max: 0x00080000, ABSOLUTE)

    Execution Region ER_IROM1 (Exec base: 0x08000000, Load base: 0x08000000, Size: 0x00031f90, Max: 0x00080000, ABSOLUTE)

    Exec Addr    Load Addr    Size         Type   Attr      Idx    E Section Name        Object

    0x08000000   0x08000000   0x00000130   Data   RO            3    RESET               startup_stm32f10x_hd.o
    0x08000130   0x08000130   0x00000000   Code   RO         5304  * .ARM.Collect$$$$00000000  mc_w.l(entry.o)
    0x08000130   0x08000130   0x00000004   Code   RO         5622    .ARM.Collect$$$$00000001  mc_w.l(entry2.o)
    0x08000134   0x08000134   0x00000004   Code   RO         5625    .ARM.Collect$$$$00000004  mc_w.l(entry5.o)
    0x08000138   0x08000138   0x00000000   Code   RO         5627    .ARM.Collect$$$$00000008  mc_w.l(entry7b.o)
    0x08000138   0x08000138   0x00000000   Code   RO         5629    .ARM.Collect$$$$0000000A  mc_w.l(entry8b.o)
    0x08000138   0x08000138   0x00000008   Code   RO         5630    .ARM.Collect$$$$0000000B  mc_w.l(entry9a.o)
    0x08000140   0x08000140   0x00000004   Code   RO         5637    .ARM.Collect$$$$0000000E  mc_w.l(entry12b.o)
    0x08000144   0x08000144   0x00000000   Code   RO         5632    .ARM.Collect$$$$0000000F  mc_w.l(entry10a.o)
    0x08000144   0x08000144   0x00000000   Code   RO         5634    .ARM.Collect$$$$00000011  mc_w.l(entry11a.o)
    0x08000144   0x08000144   0x00000004   Code   RO         5623    .ARM.Collect$$$$00002712  mc_w.l(entry2.o)
    0x08000148   0x08000148   0x00000096   Code   RO         5227    .emb_text           port.o
    0x080001de   0x080001de   0x00000002   PAD
    0x080001e0   0x080001e0   0x00000024   Code   RO            4    .text               startup_stm32f10x_hd.o
    0x08000204   0x08000204   0x00000024   Code   RO         5307    .text               mc_w.l(memcpya.o)
    0x08000228   0x08000228   0x00000024   Code   RO         5309    .text               mc_w.l(memseta.o)
    0x0800024c   0x0800024c   0x00000062   Code   RO         5641    .text               mc_w.l(uldiv.o)
    0x080002ae   0x080002ae   0x0000001e   Code   RO         5643    .text               mc_w.l(llshl.o)
    0x080002cc   0x080002cc   0x00000020   Code   RO         5645    .text               mc_w.l(llushr.o)
    0x080002ec   0x080002ec   0x00000024   Code   RO         5658    .text               mc_w.l(init.o)
    0x08000310   0x08000310   0x0000003c   Code   RO         3860    i.AutoTask          test_framework.o
    0x0800034c   0x0800034c   0x00000004   Code   RO         3186    i.BusFault_Handler  stm32f10x_it.o
    0x08000350   0x08000350   0x0000002c   Code   RO         3502    i.CmdError          bsp_sdio_sdcard.o
    0x0800037c   0x0800037c   0x00000028   Code   RO         3503    i.CmdResp1Error     bsp_sdio_sdcard.o
    0x080003a4   0x080003a4   0x0000004c   Code   RO         3504    i.CmdResp2Error     bsp_sdio_sdcard.o
    0x080003f0   0x080003f0   0x00000038   Code   RO         3505    i.CmdResp3Error     bsp_sdio_sdcard.o
    0x08000428   0x08000428   0x0000009c   Code   RO         3506    i.CmdResp6Error     bsp_sdio_sdcard.o
    0x080004c4   0x080004c4   0x0000004c   Code   RO         3507    i.CmdResp7Error     bsp_sdio_sdcard.o
    0x08000510   0x08000510   0x00000030   Code   RO         4267    i.DATA_WR           bsp_st75161_lcd.o
    0x08000540   0x08000540   0x0000001c   Code   RO          866    i.DMA_ClearFlag     stm32f10x_dma.o
    0x0800055c   0x0800055c   0x00000018   Code   RO          868    i.DMA_Cmd           stm32f10x_dma.o
    0x08000574   0x08000574   0x0000002c   Code   RO          871    i.DMA_GetFlagStatus  stm32f10x_dma.o
    0x080005a0   0x080005a0   0x0000003c   Code   RO          874    i.DMA_Init          stm32f10x_dma.o
    0x080005dc   0x080005dc   0x00000002   Code   RO         3187    i.DebugMon_Handler  stm32f10x_it.o
    0x080005de   0x080005de   0x00000002   PAD
    0x080005e0   0x080005e0   0x0000001c   Code   RO         3188    i.EXTI4_IRQHandler  stm32f10x_it.o
    0x080005fc   0x080005fc   0x0000000c   Code   RO          939    i.EXTI_ClearITPendingBit  stm32f10x_exti.o
    0x08000608   0x08000608   0x00000028   Code   RO          943    i.EXTI_GetITStatus  stm32f10x_exti.o
    0x08000630   0x08000630   0x00000034   Code   RO         1177    i.FSMC_NORSRAMCmd   stm32f10x_fsmc.o
    0x08000664   0x08000664   0x000000e6   Code   RO         1179    i.FSMC_NORSRAMInit  stm32f10x_fsmc.o
    0x0800074a   0x0800074a   0x00000002   PAD
    0x0800074c   0x0800074c   0x0000019c   Code   RO         3508    i.FindSCR           bsp_sdio_sdcard.o
    0x080008e8   0x080008e8   0x00000050   Code   RO         3509    i.GPIO_Configuration  bsp_sdio_sdcard.o
    0x08000938   0x08000938   0x00000116   Code   RO         1292    i.GPIO_Init         stm32f10x_gpio.o
    0x08000a4e   0x08000a4e   0x00000012   Code   RO         1296    i.GPIO_ReadInputDataBit  stm32f10x_gpio.o
    0x08000a60   0x08000a60   0x00000004   Code   RO         1299    i.GPIO_ResetBits    stm32f10x_gpio.o
    0x08000a64   0x08000a64   0x00000004   Code   RO         1300    i.GPIO_SetBits      stm32f10x_gpio.o
    0x08000a68   0x08000a68   0x0000000a   Code   RO         1303    i.GPIO_WriteBit     stm32f10x_gpio.o
    0x08000a72   0x08000a72   0x00000008   Code   RO         3861    i.GetTickMs         test_framework.o
    0x08000a7a   0x08000a7a   0x00000004   Code   RO         3189    i.HardFault_Handler  stm32f10x_it.o
    0x08000a7e   0x08000a7e   0x00000058   Code   RO         3863    i.KeyTask           test_framework.o
    0x08000ad6   0x08000ad6   0x0000000a   Code   RO         3422    i.Key_Delay         bsp_key.o
    0x08000ae0   0x08000ae0   0x00000050   Code   RO         3423    i.Key_GPIO_Config   bsp_key.o
    0x08000b30   0x08000b30   0x000000b0   Code   RO         3424    i.Key_Scan          bsp_key.o
    0x08000be0   0x08000be0   0x00000790   Code   RO         3334    i.Lcd_Show_bmp      bsp_bmp.o
    0x08001370   0x08001370   0x00000004   Code   RO         3190    i.MemManage_Handler  stm32f10x_it.o
    0x08001374   0x08001374   0x00000002   Code   RO         3191    i.NMI_Handler       stm32f10x_it.o
    0x08001376   0x08001376   0x00000002   PAD
    0x08001378   0x08001378   0x00000070   Code   RO          137    i.NVIC_Init         misc.o
    0x080013e8   0x080013e8   0x00000014   Code   RO          138    i.NVIC_PriorityGroupConfig  misc.o
    0x080013fc   0x080013fc   0x00000020   Code   RO         1707    i.RCC_AHBPeriphClockCmd  stm32f10x_rcc.o
    0x0800141c   0x0800141c   0x00000020   Code   RO         1710    i.RCC_APB2PeriphClockCmd  stm32f10x_rcc.o
    0x0800143c   0x0800143c   0x000000d4   Code   RO         1718    i.RCC_GetClocksFreq  stm32f10x_rcc.o
    0x08001510   0x08001510   0x0000011c   Code   RO         3511    i.SDEnWideBus       bsp_sdio_sdcard.o
    0x0800162c   0x0800162c   0x0000000c   Code   RO         1997    i.SDIO_ClearFlag    stm32f10x_sdio.o
    0x08001638   0x08001638   0x0000000c   Code   RO         1998    i.SDIO_ClearITPendingBit  stm32f10x_sdio.o
    0x08001644   0x08001644   0x0000000c   Code   RO         1999    i.SDIO_ClockCmd     stm32f10x_sdio.o
    0x08001650   0x08001650   0x0000000c   Code   RO         2002    i.SDIO_DMACmd       stm32f10x_sdio.o
    0x0800165c   0x0800165c   0x00000030   Code   RO         2003    i.SDIO_DataConfig   stm32f10x_sdio.o
    0x0800168c   0x0800168c   0x00000024   Code   RO         2005    i.SDIO_DeInit       stm32f10x_sdio.o
    0x080016b0   0x080016b0   0x0000000c   Code   RO         2006    i.SDIO_GetCommandResponse  stm32f10x_sdio.o
    0x080016bc   0x080016bc   0x00000018   Code   RO         2009    i.SDIO_GetFlagStatus  stm32f10x_sdio.o
    0x080016d4   0x080016d4   0x00000010   Code   RO         2011    i.SDIO_GetPowerState  stm32f10x_sdio.o
    0x080016e4   0x080016e4   0x00000018   Code   RO         2012    i.SDIO_GetResponse  stm32f10x_sdio.o
    0x080016fc   0x080016fc   0x00000008   Code   RO         3192    i.SDIO_IRQHandler   stm32f10x_it.o
    0x08001704   0x08001704   0x00000020   Code   RO         2013    i.SDIO_ITConfig     stm32f10x_sdio.o
    0x08001724   0x08001724   0x00000030   Code   RO         2014    i.SDIO_Init         stm32f10x_sdio.o
    0x08001754   0x08001754   0x00000040   Code   RO         3512    i.SDIO_NVIC_Configuration  bsp_sdio_sdcard.o
    0x08001794   0x08001794   0x0000000c   Code   RO         2015    i.SDIO_ReadData     stm32f10x_sdio.o
    0x080017a0   0x080017a0   0x0000002c   Code   RO         2017    i.SDIO_SendCommand  stm32f10x_sdio.o
    0x080017cc   0x080017cc   0x0000001c   Code   RO         2019    i.SDIO_SetPowerState  stm32f10x_sdio.o
    0x080017e8   0x080017e8   0x00000010   Code   RO         3513    i.SD_DMAEndOfTransferStatus  bsp_sdio_sdcard.o
    0x080017f8   0x080017f8   0x00000064   Code   RO         3514    i.SD_DMA_RxConfig   bsp_sdio_sdcard.o
    0x0800185c   0x0800185c   0x00000064   Code   RO         3515    i.SD_DMA_TxConfig   bsp_sdio_sdcard.o
    0x080018c0   0x080018c0   0x00000094   Code   RO         3517    i.SD_EnableWideBusOperation  bsp_sdio_sdcard.o
    0x08001954   0x08001954   0x000002cc   Code   RO         3519    i.SD_GetCardInfo    bsp_sdio_sdcard.o
    0x08001c20   0x08001c20   0x0000001a   Code   RO         3521    i.SD_GetState       bsp_sdio_sdcard.o
    0x08001c3a   0x08001c3a   0x0000001e   Code   RO         3522    i.SD_GetStatus      bsp_sdio_sdcard.o
    0x08001c58   0x08001c58   0x00000070   Code   RO         3524    i.SD_Init           bsp_sdio_sdcard.o
    0x08001cc8   0x08001cc8   0x0000013c   Code   RO         3525    i.SD_InitializeCards  bsp_sdio_sdcard.o
    0x08001e04   0x08001e04   0x00000188   Code   RO         3527    i.SD_PowerON        bsp_sdio_sdcard.o
    0x08001f8c   0x08001f8c   0x00000058   Code   RO         3528    i.SD_ProcessIRQSrc  bsp_sdio_sdcard.o
    0x08001fe4   0x08001fe4   0x000000dc   Code   RO         3529    i.SD_ReadBlock      bsp_sdio_sdcard.o
    0x080020c0   0x080020c0   0x000000e8   Code   RO         3530    i.SD_ReadMultiBlocks  bsp_sdio_sdcard.o
    0x080021a8   0x080021a8   0x00000034   Code   RO         3531    i.SD_SelectDeselect  bsp_sdio_sdcard.o
    0x080021dc   0x080021dc   0x00000038   Code   RO         3533    i.SD_SendStatus     bsp_sdio_sdcard.o
    0x08002214   0x08002214   0x00000034   Code   RO         3535    i.SD_WaitReadOperation  bsp_sdio_sdcard.o
    0x08002248   0x08002248   0x0000003c   Code   RO         3536    i.SD_WaitWriteOperation  bsp_sdio_sdcard.o
    0x08002284   0x08002284   0x000000dc   Code   RO         3537    i.SD_WriteBlock     bsp_sdio_sdcard.o
    0x08002360   0x08002360   0x00000148   Code   RO         3538    i.SD_WriteMultiBlocks  bsp_sdio_sdcard.o
    0x080024a8   0x080024a8   0x00000024   Code   RO         4094    i.ST75161_BackLed_Control  bsp_st75161_lcd.o
    0x080024cc   0x080024cc   0x0000002a   Code   RO         4095    i.ST75161_Clear     bsp_st75161_lcd.o
    0x080024f6   0x080024f6   0x00000012   Code   RO         4096    i.ST75161_Delay     bsp_st75161_lcd.o
    0x08002508   0x08002508   0x0000006c   Code   RO         4097    i.ST75161_DispChar_EN  bsp_st75161_lcd.o
    0x08002574   0x08002574   0x00000052   Code   RO         4098    i.ST75161_DispString_EN  bsp_st75161_lcd.o
    0x080025c6   0x080025c6   0x00000158   Code   RO         4099    i.ST75161_DrawCircle  bsp_st75161_lcd.o
    0x0800271e   0x0800271e   0x000000ae   Code   RO         4100    i.ST75161_DrawLine  bsp_st75161_lcd.o
    0x080027cc   0x080027cc   0x0000008c   Code   RO         4101    i.ST75161_DrawRectangle  bsp_st75161_lcd.o
    0x08002858   0x08002858   0x00000064   Code   RO         4102    i.ST75161_FSMC_Config  bsp_st75161_lcd.o
    0x080028bc   0x080028bc   0x00000020   Code   RO         4103    i.ST75161_FillColor  bsp_st75161_lcd.o
    0x080028dc   0x080028dc   0x000000fc   Code   RO         4104    i.ST75161_GPIO_Config  bsp_st75161_lcd.o
    0x080029d8   0x080029d8   0x00000148   Code   RO         4106    i.ST75161_GramScan  bsp_st75161_lcd.o
    0x08002b20   0x08002b20   0x00000014   Code   RO         4107    i.ST75161_Init      bsp_st75161_lcd.o
    0x08002b34   0x08002b34   0x00000060   Code   RO         4108    i.ST75161_OpenWindow  bsp_st75161_lcd.o
    0x08002b94   0x08002b94   0x000001d8   Code   RO         4109    i.ST75161_REG_Config  bsp_st75161_lcd.o
    0x08002d6c   0x08002d6c   0x00000050   Code   RO         4111    i.ST75161_Rst       bsp_st75161_lcd.o
    0x08002dbc   0x08002dbc   0x00000014   Code   RO         4112    i.ST75161_SetCursor  bsp_st75161_lcd.o
    0x08002dd0   0x08002dd0   0x00000024   Code   RO         4113    i.ST75161_SetPointPixel  bsp_st75161_lcd.o
    0x08002df4   0x08002df4   0x00000010   Code   RO         4273    i.ST75161_Write_Data  bsp_st75161_lcd.o
    0x08002e04   0x08002e04   0x00000014   Code   RO         3448    i.Sd_fs_init        bsp_sdfs_app.o
    0x08002e18   0x08002e18   0x00000008   Code   RO           24    i.SetSysClock       system_stm32f10x.o
    0x08002e20   0x08002e20   0x000000e0   Code   RO           25    i.SetSysClockTo72   system_stm32f10x.o
    0x08002f00   0x08002f00   0x000000bc   Code   RO         3865    i.ShowTitleBar      test_framework.o
    0x08002fbc   0x08002fbc   0x00000008   Code   RO         3193    i.SysTick_Handler   stm32f10x_it.o
    0x08002fc4   0x08002fc4   0x00000060   Code   RO           27    i.SystemInit        system_stm32f10x.o
    0x08003024   0x08003024   0x0000007c   Code   RO         3867    i.TestFramework_EnterTest  test_framework.o
    0x080030a0   0x080030a0   0x0000000c   Code   RO         3869    i.TestFramework_GetMode  test_framework.o
    0x080030ac   0x080030ac   0x0000009c   Code   RO         3871    i.TestFramework_Init  test_framework.o
    0x08003148   0x08003148   0x0000001c   Code   RO         3872    i.TestFramework_NextTest  test_framework.o
    0x08003164   0x08003164   0x00000020   Code   RO         3873    i.TestFramework_PrevTest  test_framework.o
    0x08003184   0x08003184   0x0000007c   Code   RO         3874    i.TestFramework_Run  test_framework.o
    0x08003200   0x08003200   0x00000100   Code   RO         3875    i.TestFramework_SetMode  test_framework.o
    0x08003300   0x08003300   0x00000028   Code   RO         3877    i.TestFramework_Update  test_framework.o
    0x08003328   0x08003328   0x0000001a   Code   RO         3878    i.TestFramework_Update_Task  test_framework.o
    0x08003342   0x08003342   0x00000002   Code   RO         3879    i.Test_BMPBrowser_Exit  test_framework.o
    0x08003344   0x08003344   0x00000014   Code   RO         3880    i.Test_BMPBrowser_Init  test_framework.o
    0x08003358   0x08003358   0x00000078   Code   RO         3881    i.Test_BMPBrowser_Run  test_framework.o
    0x080033d0   0x080033d0   0x00000014   Code   RO         3882    i.Test_GrayScale_Init  test_framework.o
    0x080033e4   0x080033e4   0x00000070   Code   RO         3883    i.Test_GrayScale_Run  test_framework.o
    0x08003454   0x08003454   0x00000014   Code   RO         3884    i.Test_Shapes_Init  test_framework.o
    0x08003468   0x08003468   0x00000158   Code   RO         3885    i.Test_Shapes_Run   test_framework.o
    0x080035c0   0x080035c0   0x00000014   Code   RO         3886    i.Test_SolidColor_Init  test_framework.o
    0x080035d4   0x080035d4   0x000000f4   Code   RO         3887    i.Test_SolidColor_Run  test_framework.o
    0x080036c8   0x080036c8   0x00000014   Code   RO         3888    i.Test_Text_Init    test_framework.o
    0x080036dc   0x080036dc   0x00000168   Code   RO         3889    i.Test_Text_Run     test_framework.o
    0x08003844   0x08003844   0x00000018   Code   RO         2878    i.USART_Cmd         stm32f10x_usart.o
    0x0800385c   0x0800385c   0x0000001a   Code   RO         2881    i.USART_GetFlagStatus  stm32f10x_usart.o
    0x08003876   0x08003876   0x0000004a   Code   RO         2884    i.USART_ITConfig    stm32f10x_usart.o
    0x080038c0   0x080038c0   0x000000d8   Code   RO         2885    i.USART_Init        stm32f10x_usart.o
    0x08003998   0x08003998   0x00000008   Code   RO         2895    i.USART_SendData    stm32f10x_usart.o
    0x080039a0   0x080039a0   0x0000008c   Code   RO         3746    i.USARTx_Config     bsp_usart1.o
    0x08003a2c   0x08003a2c   0x00000004   Code   RO         3194    i.UsageFault_Handler  stm32f10x_it.o
    0x08003a30   0x08003a30   0x00000020   Code   RO         5526    i.__0printf$8       mc_w.l(printf8.o)
    0x08003a50   0x08003a50   0x00000028   Code   RO         5528    i.__0sprintf$8      mc_w.l(printf8.o)
    0x08003a78   0x08003a78   0x0000000e   Code   RO         5662    i.__scatterload_copy  mc_w.l(handlers.o)
    0x08003a86   0x08003a86   0x00000002   Code   RO         5663    i.__scatterload_null  mc_w.l(handlers.o)
    0x08003a88   0x08003a88   0x0000000e   Code   RO         5664    i.__scatterload_zeroinit  mc_w.l(handlers.o)
    0x08003a96   0x08003a96   0x00000002   PAD
    0x08003a98   0x08003a98   0x00000404   Code   RO         5533    i._printf_core      mc_w.l(printf8.o)
    0x08003e9c   0x08003e9c   0x00000024   Code   RO         5534    i._printf_post_padding  mc_w.l(printf8.o)
    0x08003ec0   0x08003ec0   0x0000002e   Code   RO         5535    i._printf_pre_padding  mc_w.l(printf8.o)
    0x08003eee   0x08003eee   0x0000000a   Code   RO         5537    i._sputc            mc_w.l(printf8.o)
    0x08003ef8   0x08003ef8   0x00000090   Code   RO         4346    i.check_fs          ff.o
    0x08003f88   0x08003f88   0x00000014   Code   RO         4347    i.chk_chr           ff.o
    0x08003f9c   0x08003f9c   0x00000394   Code   RO         4348    i.chk_mounted       ff.o
    0x08004330   0x08004330   0x0000005a   Code   RO         4114    i.clealddram        bsp_st75161_lcd.o
    0x0800438a   0x0800438a   0x0000003e   Code   RO         4115    i.clear_ICON_DDRAM  bsp_st75161_lcd.o
    0x080043c8   0x080043c8   0x0000001a   Code   RO         4349    i.clust2sect        ff.o
    0x080043e2   0x080043e2   0x00000002   PAD
    0x080043e4   0x080043e4   0x00000090   Code   RO         4350    i.cmp_lfn           ff.o
    0x08004474   0x08004474   0x00000030   Code   RO         4261    i.comm_out          bsp_st75161_lcd.o
    0x080044a4   0x080044a4   0x000000ca   Code   RO         4351    i.create_chain      ff.o
    0x0800456e   0x0800456e   0x00000002   PAD
    0x08004570   0x08004570   0x00000270   Code   RO         4352    i.create_name       ff.o
    0x080047e0   0x080047e0   0x00000078   Code   RO         4255    i.data_out          bsp_st75161_lcd.o
    0x08004858   0x08004858   0x000000de   Code   RO         4353    i.dir_find          ff.o
    0x08004936   0x08004936   0x00000118   Code   RO         4354    i.dir_next          ff.o
    0x08004a4e   0x08004a4e   0x0000018c   Code   RO         4356    i.dir_register      ff.o
    0x08004bda   0x08004bda   0x0000009c   Code   RO         4357    i.dir_sdi           ff.o
    0x08004c76   0x08004c76   0x0000001a   Code   RO         4295    i.disk_initialize   diskio.o
    0x08004c90   0x08004c90   0x00000006   Code   RO         4296    i.disk_ioctl        diskio.o
    0x08004c96   0x08004c96   0x00000002   PAD
    0x08004c98   0x08004c98   0x00000094   Code   RO         4297    i.disk_read         diskio.o
    0x08004d2c   0x08004d2c   0x00000006   Code   RO         4298    i.disk_status       diskio.o
    0x08004d32   0x08004d32   0x00000002   PAD
    0x08004d34   0x08004d34   0x00000094   Code   RO         4299    i.disk_write        diskio.o
    0x08004dc8   0x08004dc8   0x0000004c   Code   RO         4118    i.disp_gray         bsp_st75161_lcd.o
    0x08004e14   0x08004e14   0x00000016   Code   RO         4358    i.f_close           ff.o
    0x08004e2a   0x08004e2a   0x000001b0   Code   RO         4359    i.f_lseek           ff.o
    0x08004fda   0x08004fda   0x00000002   PAD
    0x08004fdc   0x08004fdc   0x0000002c   Code   RO         4360    i.f_mount           ff.o
    0x08005008   0x08005008   0x00000174   Code   RO         4361    i.f_open            ff.o
    0x0800517c   0x0800517c   0x000001ce   Code   RO         4363    i.f_read            ff.o
    0x0800534a   0x0800534a   0x000000b8   Code   RO         4365    i.f_sync            ff.o
    0x08005402   0x08005402   0x00000002   PAD
    0x08005404   0x08005404   0x0000007c   Code   RO         4548    i.ff_convert        cc936.o
    0x08005480   0x08005480   0x00000038   Code   RO         4549    i.ff_wtoupper       cc936.o
    0x080054b8   0x080054b8   0x00000080   Code   RO         4367    i.fit_lfn           ff.o
    0x08005538   0x08005538   0x0000009e   Code   RO         4368    i.follow_path       ff.o
    0x080055d6   0x080055d6   0x00000002   PAD
    0x080055d8   0x080055d8   0x00000024   Code   RO         3748    i.fputc             bsp_usart1.o
    0x080055fc   0x080055fc   0x00000050   Code   RO         5580    i.free              mc_w.l(malloc.o)
    0x0800564c   0x0800564c   0x000000be   Code   RO         4369    i.gen_numname       ff.o
    0x0800570a   0x0800570a   0x000000e4   Code   RO         4370    i.get_fat           ff.o
    0x080057ee   0x080057ee   0x00000004   Code   RO         4300    i.get_fattime       diskio.o
    0x080057f2   0x080057f2   0x00000002   PAD
    0x080057f4   0x080057f4   0x0000009c   Code   RO         3109    i.main              main.o
    0x08005890   0x08005890   0x0000006c   Code   RO         5581    i.malloc            mc_w.l(malloc.o)
    0x080058fc   0x080058fc   0x00000026   Code   RO         4372    i.mem_cmp           ff.o
    0x08005922   0x08005922   0x0000001a   Code   RO         4373    i.mem_cpy           ff.o
    0x0800593c   0x0800593c   0x00000014   Code   RO         4374    i.mem_set           ff.o
    0x08005950   0x08005950   0x00000072   Code   RO         4375    i.move_window       ff.o
    0x080059c2   0x080059c2   0x00000002   PAD
    0x080059c4   0x080059c4   0x0000007c   Code   RO         4871    i.prvAddCurrentTaskToDelayedList  tasks.o
    0x08005a40   0x08005a40   0x000000b0   Code   RO         4872    i.prvAddNewTaskToReadyList  tasks.o
    0x08005af0   0x08005af0   0x00000064   Code   RO         4873    i.prvCheckTasksWaitingTermination  tasks.o
    0x08005b54   0x08005b54   0x00000012   Code   RO         4874    i.prvDeleteTCB      tasks.o
    0x08005b66   0x08005b66   0x00000002   PAD
    0x08005b68   0x08005b68   0x0000007c   Code   RO         5178    i.prvHeapInit       heap_4.o
    0x08005be4   0x08005be4   0x00000028   Code   RO         4875    i.prvIdleTask       tasks.o
    0x08005c0c   0x08005c0c   0x000000d4   Code   RO         4876    i.prvInitialiseNewTask  tasks.o
    0x08005ce0   0x08005ce0   0x00000068   Code   RO         4877    i.prvInitialiseTaskLists  tasks.o
    0x08005d48   0x08005d48   0x00000068   Code   RO         5179    i.prvInsertBlockIntoFreeList  heap_4.o
    0x08005db0   0x08005db0   0x00000034   Code   RO         4878    i.prvResetNextTaskUnblockTime  tasks.o
    0x08005de4   0x08005de4   0x00000064   Code   RO         5228    i.prvTaskExitError  port.o
    0x08005e48   0x08005e48   0x00000136   Code   RO         4377    i.put_fat           ff.o
    0x08005f7e   0x08005f7e   0x00000002   PAD
    0x08005f80   0x08005f80   0x00000150   Code   RO         5180    i.pvPortMalloc      heap_4.o
    0x080060d0   0x080060d0   0x00000024   Code   RO         5229    i.pxPortInitialiseStack  port.o
    0x080060f4   0x080060f4   0x00000068   Code   RO         4378    i.remove_chain      ff.o
    0x0800615c   0x0800615c   0x00000002   Code   RO         3337    i.showBmpHead       bsp_bmp.o
    0x0800615e   0x0800615e   0x00000002   Code   RO         3338    i.showBmpInforHead  bsp_bmp.o
    0x08006160   0x08006160   0x00000020   Code   RO         4379    i.sum_sfn           ff.o
    0x08006180   0x08006180   0x000000ca   Code   RO         4380    i.sync              ff.o
    0x0800624a   0x0800624a   0x00000028   Code   RO         4686    i.uxListRemove      list.o
    0x08006272   0x08006272   0x0000001a   Code   RO         4687    i.vListInitialise   list.o
    0x0800628c   0x0800628c   0x00000006   Code   RO         4688    i.vListInitialiseItem  list.o
    0x08006292   0x08006292   0x00000034   Code   RO         4689    i.vListInsert       list.o
    0x080062c6   0x080062c6   0x00000018   Code   RO         4690    i.vListInsertEnd    list.o
    0x080062de   0x080062de   0x00000002   PAD
    0x080062e0   0x080062e0   0x0000007c   Code   RO         5231    i.vPortEnterCritical  port.o
    0x0800635c   0x0800635c   0x00000064   Code   RO         5232    i.vPortExitCritical  port.o
    0x080063c0   0x080063c0   0x000000b4   Code   RO         5181    i.vPortFree         heap_4.o
    0x08006474   0x08006474   0x00000020   Code   RO         5233    i.vPortSetupTimerInterrupt  port.o
    0x08006494   0x08006494   0x0000007c   Code   RO         4887    i.vTaskDelay        tasks.o
    0x08006510   0x08006510   0x000000e4   Code   RO         4888    i.vTaskDelayUntil   tasks.o
    0x080065f4   0x080065f4   0x000000ac   Code   RO         4898    i.vTaskStartScheduler  tasks.o
    0x080066a0   0x080066a0   0x00000010   Code   RO         4900    i.vTaskSuspendAll   tasks.o
    0x080066b0   0x080066b0   0x000000b4   Code   RO         4901    i.vTaskSwitchContext  tasks.o
    0x08006764   0x08006764   0x0000002a   Code   RO         4381    i.validate          ff.o
    0x0800678e   0x0800678e   0x00000002   PAD
    0x08006790   0x08006790   0x000000a0   Code   RO         5235    i.xPortStartScheduler  port.o
    0x08006830   0x08006830   0x00000034   Code   RO         5236    i.xPortSysTickHandler  port.o
    0x08006864   0x08006864   0x00000060   Code   RO         4903    i.xTaskCreate       tasks.o
    0x080068c4   0x080068c4   0x0000000c   Code   RO         4908    i.xTaskGetTickCount  tasks.o
    0x080068d0   0x080068d0   0x00000168   Code   RO         4910    i.xTaskIncrementTick  tasks.o
    0x08006a38   0x08006a38   0x00000124   Code   RO         4915    i.xTaskResumeAll    tasks.o
    0x08006b5c   0x08006b5c   0x0000009a   Data   RO         3891    .constdata          test_framework.o
    0x08006bf6   0x08006bf6   0x00000002   PAD
    0x08006bf8   0x08006bf8   0x00000610   Data   RO         4120    .constdata          bsp_st75161_lcd.o
    0x08007208   0x08007208   0x0000000d   Data   RO         4382    .constdata          ff.o
    0x08007215   0x08007215   0x00000001   PAD
    0x08007216   0x08007216   0x0002acc8   Data   RO         4550    .constdata          cc936.o
    0x08031ede   0x08031ede   0x00000002   PAD
    0x08031ee0   0x08031ee0   0x00000090   Data   RO         3892    .conststring        test_framework.o
    0x08031f70   0x08031f70   0x00000020   Data   RO         5660    Region$$Table       anon$$obj.o


    Execution Region RW_IRAM1 (Exec base: 0x20000000, Load base: 0x08031f90, Size: 0x0000d588, Max: 0x00010000, ABSOLUTE)

    Exec Addr    Load Addr    Size         Type   Attr      Idx    E Section Name        Object

    0x20000000   0x08031f90   0x00000014   Data   RW           28    .data               system_stm32f10x.o
    0x20000014   0x08031fa4   0x00000014   Data   RW         1738    .data               stm32f10x_rcc.o
    0x20000028   0x08031fb8   0x00000001   Data   RW         3340    .data               bsp_bmp.o
    0x20000029   0x08031fb9   0x00000001   Data   RW         3425    .data               bsp_key.o
    0x2000002a   0x08031fba   0x00000002   PAD
    0x2000002c   0x08031fbc   0x00000014   Data   RW         3541    .data               bsp_sdio_sdcard.o
    0x20000040   0x08031fd0   0x00000031   Data   RW         3789    .data               bsp_xpt2046_lcd.o
    0x20000071   0x08032001   0x00000003   PAD
    0x20000074   0x08032004   0x00000038   Data   RW         3893    .data               test_framework.o
    0x200000ac   0x0803203c   0x00000004   Data   RW         4121    .data               bsp_st75161_lcd.o
    0x200000b0   0x08032040   0x00000006   Data   RW         4383    .data               ff.o
    0x200000b6   0x08032046   0x00000002   PAD
    0x200000b8   0x08032048   0x0000003c   Data   RW         4918    .data               tasks.o
    0x200000f4   0x08032084   0x00000018   Data   RW         5186    .data               heap_4.o
    0x2000010c   0x0803209c   0x0000000c   Data   RW         5237    .data               port.o
    0x20000118   0x080320a8   0x00000004   Data   RW         5638    .data               mc_w.l(stdout.o)
    0x2000011c   0x080320ac   0x00000004   Data   RW         5649    .data               mc_w.l(mvars.o)
    0x20000120   0x080320b0   0x00000004   Data   RW         5650    .data               mc_w.l(mvars.o)
    0x20000124        -       0x00003230   Zero   RW         3339    .bss                bsp_bmp.o
    0x20003354        -       0x00000ca8   Zero   RW         3453    .bss                bsp_sdfs_app.o
    0x20003ffc        -       0x000000c4   Zero   RW         3540    .bss                bsp_sdio_sdcard.o
    0x200040c0        -       0x00000200   Zero   RW         4301    .bss                diskio.o
    0x200042c0        -       0x000000c8   Zero   RW         4917    .bss                tasks.o
    0x20004388        -       0x00008c00   Zero   RW         5185    .bss                heap_4.o
    0x2000cf88        -       0x00000200   Zero   RW            2    HEAP                startup_stm32f10x_hd.o
    0x2000d188        -       0x00000400   Zero   RW            1    STACK               startup_stm32f10x_hd.o


==============================================================================

Image component sizes


      Code (inc. data)   RO Data    RW Data    ZI Data      Debug   Object Name

         0          0          0          0          0        532   bmp_browser.o
      1940         36          0          1      12848      13105   bsp_bmp.o
       266         14          0          1          0       1701   bsp_key.o
        20          4          0          0       3240       4124   bsp_sdfs_app.o
      4552        342          0         20        196      29121   bsp_sdio_sdcard.o
      2840         56       1552          4          0      17178   bsp_st75161_lcd.o
       176         12          0          0          0       1156   bsp_usart1.o
         0          0          0         49          0       2991   bsp_xpt2046_lcd.o
       180         18     175304          0          0       2527   cc936.o
         0          0          0          0          0       4580   core_cm3.o
       338          8          0          0        512       5171   diskio.o
         0          0          0          0          0       1528   event_groups.o
      6238         62         13          6          0      26400   ff.o
       744        168          0         24      35840       3763   heap_4.o
       148          0          0          0          0       3062   list.o
       156         94          0          0          0      13295   main.o
       132         22          0          0          0       1507   misc.o
       754        210          0         12          0       8736   port.o
        36          8        304          0       1536        852   startup_stm32f10x_hd.o
       156         18          0          0          0       3857   stm32f10x_dma.o
        52         12          0          0          0       1108   stm32f10x_exti.o
       282          6          0          0          0       1785   stm32f10x_fsmc.o
       314          0          0          0          0       4172   stm32f10x_gpio.o
        64          4          0          0          0       9776   stm32f10x_it.o
       276         32          0         20          0       4381   stm32f10x_rcc.o
       372         86          0          0          0       9511   stm32f10x_sdio.o
       348          6          0          0          0       4793   stm32f10x_usart.o
       328         28          0         20          0     257285   system_stm32f10x.o
      2306        592          0         60        200      22279   tasks.o
      2424        672        298         56          0      18390   test_framework.o

    ----------------------------------------------------------------------
     25476       2510     177508        280      54372     478666   Object Totals
         0          0         32          0          0          0   (incl. Generated)
        34          0          5          7          0          0   (incl. Padding)

    ----------------------------------------------------------------------

      Code (inc. data)   RO Data    RW Data    ZI Data      Debug   Library Member Name

         0          0          0          0          0          0   entry.o
         0          0          0          0          0          0   entry10a.o
         0          0          0          0          0          0   entry11a.o
         4          0          0          0          0          0   entry12b.o
         8          4          0          0          0          0   entry2.o
         4          0          0          0          0          0   entry5.o
         0          0          0          0          0          0   entry7b.o
         0          0          0          0          0          0   entry8b.o
         8          4          0          0          0          0   entry9a.o
        30          0          0          0          0          0   handlers.o
        36          8          0          0          0         68   init.o
        30          0          0          0          0         68   llshl.o
        32          0          0          0          0         68   llushr.o
       188         20          0          0          0        160   malloc.o
        36          0          0          0          0         68   memcpya.o
        36          0          0          0          0        108   memseta.o
         0          0          0          8          0          0   mvars.o
      1192         60          0          0          0        504   printf8.o
         0          0          0          4          0          0   stdout.o
        98          0          0          0          0         92   uldiv.o

    ----------------------------------------------------------------------
      1704         96          0         12          0       1136   Library Totals
         2          0          0          0          0          0   (incl. Padding)

    ----------------------------------------------------------------------

      Code (inc. data)   RO Data    RW Data    ZI Data      Debug   Library Name

      1702         96          0         12          0       1136   mc_w.l

    ----------------------------------------------------------------------
      1704         96          0         12          0       1136   Library Totals

    ----------------------------------------------------------------------

==============================================================================


      Code (inc. data)   RO Data    RW Data    ZI Data      Debug   

     27180       2606     177508        292      54372     468722   Grand Totals
     27180       2606     177508        292      54372     468722   ELF Image Totals
     27180       2606     177508        292          0          0   ROM Totals

==============================================================================

    Total RO  Size (Code + RO Data)               204688 ( 199.89kB)
    Total RW  Size (RW Data + ZI Data)             54664 (  53.38kB)
    Total ROM Size (Code + RO Data + RW Data)     204980 ( 200.18kB)

==============================================================================

